Archive member included to satisfy reference by file (symbol)

c:/st/stm32cubeide_1.11.0/stm32cubeide/plugins/com.st.stm32cube.ide.mcu.externaltools.gnu-tools-for-stm32.10.3-2021.10.win32_1.0.100.202210260954/tools/bin/../lib/gcc/arm-none-eabi/10.3.1/../../../../arm-none-eabi/lib/thumb/v7e-m+fp/hard\libc_nano.a(lib_a-errno.o)
                              ./Core/Src/syscalls.o (__errno)
c:/st/stm32cubeide_1.11.0/stm32cubeide/plugins/com.st.stm32cube.ide.mcu.externaltools.gnu-tools-for-stm32.10.3-2021.10.win32_1.0.100.202210260954/tools/bin/../lib/gcc/arm-none-eabi/10.3.1/../../../../arm-none-eabi/lib/thumb/v7e-m+fp/hard\libc_nano.a(lib_a-exit.o)
                              c:/st/stm32cubeide_1.11.0/stm32cubeide/plugins/com.st.stm32cube.ide.mcu.externaltools.gnu-tools-for-stm32.10.3-2021.10.win32_1.0.100.202210260954/tools/bin/../lib/gcc/arm-none-eabi/10.3.1/../../../../arm-none-eabi/lib/thumb/v7e-m+fp/hard/crt0.o (exit)
c:/st/stm32cubeide_1.11.0/stm32cubeide/plugins/com.st.stm32cube.ide.mcu.externaltools.gnu-tools-for-stm32.10.3-2021.10.win32_1.0.100.202210260954/tools/bin/../lib/gcc/arm-none-eabi/10.3.1/../../../../arm-none-eabi/lib/thumb/v7e-m+fp/hard\libc_nano.a(lib_a-impure.o)
                              c:/st/stm32cubeide_1.11.0/stm32cubeide/plugins/com.st.stm32cube.ide.mcu.externaltools.gnu-tools-for-stm32.10.3-2021.10.win32_1.0.100.202210260954/tools/bin/../lib/gcc/arm-none-eabi/10.3.1/../../../../arm-none-eabi/lib/thumb/v7e-m+fp/hard\libc_nano.a(lib_a-exit.o) (_global_impure_ptr)
c:/st/stm32cubeide_1.11.0/stm32cubeide/plugins/com.st.stm32cube.ide.mcu.externaltools.gnu-tools-for-stm32.10.3-2021.10.win32_1.0.100.202210260954/tools/bin/../lib/gcc/arm-none-eabi/10.3.1/../../../../arm-none-eabi/lib/thumb/v7e-m+fp/hard\libc_nano.a(lib_a-init.o)
                              c:/st/stm32cubeide_1.11.0/stm32cubeide/plugins/com.st.stm32cube.ide.mcu.externaltools.gnu-tools-for-stm32.10.3-2021.10.win32_1.0.100.202210260954/tools/bin/../lib/gcc/arm-none-eabi/10.3.1/../../../../arm-none-eabi/lib/thumb/v7e-m+fp/hard/crt0.o (__libc_init_array)
c:/st/stm32cubeide_1.11.0/stm32cubeide/plugins/com.st.stm32cube.ide.mcu.externaltools.gnu-tools-for-stm32.10.3-2021.10.win32_1.0.100.202210260954/tools/bin/../lib/gcc/arm-none-eabi/10.3.1/../../../../arm-none-eabi/lib/thumb/v7e-m+fp/hard\libc_nano.a(lib_a-memset.o)
                              c:/st/stm32cubeide_1.11.0/stm32cubeide/plugins/com.st.stm32cube.ide.mcu.externaltools.gnu-tools-for-stm32.10.3-2021.10.win32_1.0.100.202210260954/tools/bin/../lib/gcc/arm-none-eabi/10.3.1/../../../../arm-none-eabi/lib/thumb/v7e-m+fp/hard/crt0.o (memset)
c:/st/stm32cubeide_1.11.0/stm32cubeide/plugins/com.st.stm32cube.ide.mcu.externaltools.gnu-tools-for-stm32.10.3-2021.10.win32_1.0.100.202210260954/tools/bin/../lib/gcc/arm-none-eabi/10.3.1/thumb/v7e-m+fp/hard\libgcc.a(_aeabi_uldivmod.o)
                              ./Drivers/STM32F4xx_HAL_Driver/Src/stm32f4xx_hal_rcc.o (__aeabi_uldivmod)
c:/st/stm32cubeide_1.11.0/stm32cubeide/plugins/com.st.stm32cube.ide.mcu.externaltools.gnu-tools-for-stm32.10.3-2021.10.win32_1.0.100.202210260954/tools/bin/../lib/gcc/arm-none-eabi/10.3.1/thumb/v7e-m+fp/hard\libgcc.a(_udivmoddi4.o)
                              c:/st/stm32cubeide_1.11.0/stm32cubeide/plugins/com.st.stm32cube.ide.mcu.externaltools.gnu-tools-for-stm32.10.3-2021.10.win32_1.0.100.202210260954/tools/bin/../lib/gcc/arm-none-eabi/10.3.1/thumb/v7e-m+fp/hard\libgcc.a(_aeabi_uldivmod.o) (__udivmoddi4)
c:/st/stm32cubeide_1.11.0/stm32cubeide/plugins/com.st.stm32cube.ide.mcu.externaltools.gnu-tools-for-stm32.10.3-2021.10.win32_1.0.100.202210260954/tools/bin/../lib/gcc/arm-none-eabi/10.3.1/thumb/v7e-m+fp/hard\libgcc.a(_dvmd_tls.o)
                              c:/st/stm32cubeide_1.11.0/stm32cubeide/plugins/com.st.stm32cube.ide.mcu.externaltools.gnu-tools-for-stm32.10.3-2021.10.win32_1.0.100.202210260954/tools/bin/../lib/gcc/arm-none-eabi/10.3.1/thumb/v7e-m+fp/hard\libgcc.a(_aeabi_uldivmod.o) (__aeabi_ldiv0)

Discarded input sections

 .text          0x0000000000000000        0x0 c:/st/stm32cubeide_1.11.0/stm32cubeide/plugins/com.st.stm32cube.ide.mcu.externaltools.gnu-tools-for-stm32.10.3-2021.10.win32_1.0.100.202210260954/tools/bin/../lib/gcc/arm-none-eabi/10.3.1/thumb/v7e-m+fp/hard/crti.o
 .data          0x0000000000000000        0x0 c:/st/stm32cubeide_1.11.0/stm32cubeide/plugins/com.st.stm32cube.ide.mcu.externaltools.gnu-tools-for-stm32.10.3-2021.10.win32_1.0.100.202210260954/tools/bin/../lib/gcc/arm-none-eabi/10.3.1/thumb/v7e-m+fp/hard/crti.o
 .bss           0x0000000000000000        0x0 c:/st/stm32cubeide_1.11.0/stm32cubeide/plugins/com.st.stm32cube.ide.mcu.externaltools.gnu-tools-for-stm32.10.3-2021.10.win32_1.0.100.202210260954/tools/bin/../lib/gcc/arm-none-eabi/10.3.1/thumb/v7e-m+fp/hard/crti.o
[...]
Memory Configuration

Name             Origin             Length             Attributes
RAM              0x0000000020000000 0x0000000000010000 xrw
FLASH            0x0000000008000000 0x0000000000040000 xr
*default*        0x0000000000000000 0xffffffffffffffff

Linker script and memory map

LOAD c:/st/stm32cubeide_1.11.0/stm32cubeide/plugins/com.st.stm32cube.ide.mcu.externaltools.gnu-tools-for-stm32.10.3-2021.10.win32_1.0.100.202210260954/tools/bin/../lib/gcc/arm-none-eabi/10.3.1/thumb/v7e-m+fp/hard/crti.o
LOAD c:/st/stm32cubeide_1.11.0/stm32cubeide/plugins/com.st.stm32cube.ide.mcu.externaltools.gnu-tools-for-stm32.10.3-2021.10.win32_1.0.100.202210260954/tools/bin/../lib/gcc/arm-none-eabi/10.3.1/thumb/v7e-m+fp/hard/crtbegin.o
LOAD c:/st/stm32cubeide_1.11.0/stm32cubeide/plugins/com.st.stm32cube.ide.mcu.externaltools.gnu-tools-for-stm32.10.3-2021.10.win32_1.0.100.202210260954/tools/bin/../lib/gcc/arm-none-eabi/10.3.1/../../../../arm-none-eabi/lib/thumb/v7e-m+fp/hard/crt0.o
LOAD ./Core/LIBRERIA/LCD_I2C.o
LOAD ./Core/Src/main.o
LOAD ./Core/Src/stm32f4xx_hal_msp.o
LOAD ./Core/Src/stm32f4xx_it.o
LOAD ./Core/Src/syscalls.o
LOAD ./Core/Src/sysmem.o
LOAD ./Core/Src/system_stm32f4xx.o
LOAD ./Core/Startup/startup_stm32f401ccux.o
LOAD ./Drivers/STM32F4xx_HAL_Driver/Src/stm32f4xx_hal.o
LOAD ./Drivers/STM32F4xx_HAL_Driver/Src/stm32f4xx_hal_cortex.o
LOAD ./Drivers/STM32F4xx_HAL_Driver/Src/stm32f4xx_hal_dma.o
LOAD ./Drivers/STM32F4xx_HAL_Driver/Src/stm32f4xx_hal_dma_ex.o
LOAD ./Drivers/STM32F4xx_HAL_Driver/Src/stm32f4xx_hal_exti.o
LOAD ./Drivers/STM32F4xx_HAL_Driver/Src/stm32f4xx_hal_flash.o
LOAD ./Drivers/STM32F4xx_HAL_Driver/Src/stm32f4xx_hal_flash_ex.o
LOAD ./Drivers/STM32F4xx_HAL_Driver/Src/stm32f4xx_hal_flash_ramfunc.o
LOAD ./Drivers/STM32F4xx_HAL_Driver/Src/stm32f4xx_hal_gpio.o
LOAD ./Drivers/STM32F4xx_HAL_Driver/Src/stm32f4xx_hal_i2c.o
LOAD ./Drivers/STM32F4xx_HAL_Driver/Src/stm32f4xx_hal_i2c_ex.o
LOAD ./Drivers/STM32F4xx_HAL_Driver/Src/stm32f4xx_hal_pwr.o
LOAD ./Drivers/STM32F4xx_HAL_Driver/Src/stm32f4xx_hal_pwr_ex.o
LOAD ./Drivers/STM32F4xx_HAL_Driver/Src/stm32f4xx_hal_rcc.o
LOAD ./Drivers/STM32F4xx_HAL_Driver/Src/stm32f4xx_hal_rcc_ex.o
START GROUP
LOAD c:/st/stm32cubeide_1.11.0/stm32cubeide/plugins/com.st.stm32cube.ide.mcu.externaltools.gnu-tools-for-stm32.10.3-2021.10.win32_1.0.100.202210260954/tools/bin/../lib/gcc/arm-none-eabi/10.3.1/../../../../arm-none-eabi/lib/thumb/v7e-m+fp/hard\libc_nano.a
LOAD c:/st/stm32cubeide_1.11.0/stm32cubeide/plugins/com.st.stm32cube.ide.mcu.externaltools.gnu-tools-for-stm32.10.3-2021.10.win32_1.0.100.202210260954/tools/bin/../lib/gcc/arm-none-eabi/10.3.1/../../../../arm-none-eabi/lib/thumb/v7e-m+fp/hard\libm.a
END GROUP
START GROUP
LOAD c:/st/stm32cubeide_1.11.0/stm32cubeide/plugins/com.st.stm32cube.ide.mcu.externaltools.gnu-tools-for-stm32.10.3-2021.10.win32_1.0.100.202210260954/tools/bin/../lib/gcc/arm-none-eabi/10.3.1/thumb/v7e-m+fp/hard\libgcc.a
LOAD c:/st/stm32cubeide_1.11.0/stm32cubeide/plugins/com.st.stm32cube.ide.mcu.externaltools.gnu-tools-for-stm32.10.3-2021.10.win32_1.0.100.202210260954/tools/bin/../lib/gcc/arm-none-eabi/10.3.1/../../../../arm-none-eabi/lib/thumb/v7e-m+fp/hard\libc_nano.a
END GROUP
START GROUP
LOAD c:/st/stm32cubeide_1.11.0/stm32cubeide/plugins/com.st.stm32cube.ide.mcu.externaltools.gnu-tools-for-stm32.10.3-2021.10.win32_1.0.100.202210260954/tools/bin/../lib/gcc/arm-none-eabi/10.3.1/thumb/v7e-m+fp/hard\libgcc.a
LOAD c:/st/stm32cubeide_1.11.0/stm32cubeide/plugins/com.st.stm32cube.ide.mcu.externaltools.gnu-tools-for-stm32.10.3-2021.10.win32_1.0.100.202210260954/tools/bin/../lib/gcc/arm-none-eabi/10.3.1/../../../../arm-none-eabi/lib/thumb/v7e-m+fp/hard\libc_nano.a
LOAD c:/st/stm32cubeide_1.11.0/stm32cubeide/plugins/com.st.stm32cube.ide.mcu.externaltools.gnu-tools-for-stm32.10.3-2021.10.win32_1.0.100.202210260954/tools/bin/../lib/gcc/arm-none-eabi/10.3.1/../../../../arm-none-eabi/lib/thumb/v7e-m+fp/hard\libnosys.a
END GROUP
START GROUP
LOAD c:/st/stm32cubeide_1.11.0/stm32cubeide/plugins/com.st.stm32cube.ide.mcu.externaltools.gnu-tools-for-stm32.10.3-2021.10.win32_1.0.100.202210260954/tools/bin/../lib/gcc/arm-none-eabi/10.3.1/thumb/v7e-m+fp/hard\libgcc.a
LOAD c:/st/stm32cubeide_1.11.0/stm32cubeide/plugins/com.st.stm32cube.ide.mcu.externaltools.gnu-tools-for-stm32.10.3-2021.10.win32_1.0.100.202210260954/tools/bin/../lib/gcc/arm-none-eabi/10.3.1/../../../../arm-none-eabi/lib/thumb/v7e-m+fp/hard\libc_nano.a
LOAD c:/st/stm32cubeide_1.11.0/stm32cubeide/plugins/com.st.stm32cube.ide.mcu.externaltools.gnu-tools-for-stm32.10.3-2021.10.win32_1.0.100.202210260954/tools/bin/../lib/gcc/arm-none-eabi/10.3.1/../../../../arm-none-eabi/lib/thumb/v7e-m+fp/hard\libnosys.a
END GROUP
LOAD c:/st/stm32cubeide_1.11.0/stm32cubeide/plugins/com.st.stm32cube.ide.mcu.externaltools.gnu-tools-for-stm32.10.3-2021.10.win32_1.0.100.202210260954/tools/bin/../lib/gcc/arm-none-eabi/10.3.1/thumb/v7e-m+fp/hard/crtend.o
LOAD c:/st/stm32cubeide_1.11.0/stm32cubeide/plugins/com.st.stm32cube.ide.mcu.externaltools.gnu-tools-for-stm32.10.3-2021.10.win32_1.0.100.202210260954/tools/bin/../lib/gcc/arm-none-eabi/10.3.1/thumb/v7e-m+fp/hard/crtn.o
                0x0000000020010000                _estack = (ORIGIN (RAM) + LENGTH (RAM))
                0x0000000000000200                _Min_Heap_Size = 0x200
                0x0000000000000400                _Min_Stack_Size = 0x400

.isr_vector     0x0000000008000000      0x194
                0x0000000008000000                . = ALIGN (0x4)
 *(.isr_vector)
 .isr_vector    0x0000000008000000      0x194 ./Core/Startup/startup_stm32f401ccux.o
                0x0000000008000000                g_pfnVectors
                0x0000000008000194                . = ALIGN (0x4)

.text           0x0000000008000194     0x23f8
                0x0000000008000194                . = ALIGN (0x4)
 *(.text)
 .text          0x0000000008000194       0x40 c:/st/stm32cubeide_1.11.0/stm32cubeide/plugins/com.st.stm32cube.ide.mcu.externaltools.gnu-tools-for-stm32.10.3-2021.10.win32_1.0.100.202210260954/tools/bin/../lib/gcc/arm-none-eabi/10.3.1/thumb/v7e-m+fp/hard/crtbegin.o
 .text          0x00000000080001d4       0x30 c:/st/stm32cubeide_1.11.0/stm32cubeide/plugins/com.st.stm32cube.ide.mcu.externaltools.gnu-tools-for-stm32.10.3-2021.10.win32_1.0.100.202210260954/tools/bin/../lib/gcc/arm-none-eabi/10.3.1/thumb/v7e-m+fp/hard\libgcc.a(_aeabi_uldivmod.o)
                0x00000000080001d4                __aeabi_uldivmod
 .text          0x0000000008000204      0x2d0 c:/st/stm32cubeide_1.11.0/stm32cubeide/plugins/com.st.stm32cube.ide.mcu.externaltools.gnu-tools-for-stm32.10.3-2021.10.win32_1.0.100.202210260954/tools/bin/../lib/gcc/arm-none-eabi/10.3.1/thumb/v7e-m+fp/hard\libgcc.a(_udivmoddi4.o)
                0x0000000008000204                __udivmoddi4
 .text          0x00000000080004d4        0x4 c:/st/stm32cubeide_1.11.0/stm32cubeide/plugins/com.st.stm32cube.ide.mcu.externaltools.gnu-tools-for-stm32.10.3-2021.10.win32_1.0.100.202210260954/tools/bin/../lib/gcc/arm-none-eabi/10.3.1/thumb/v7e-m+fp/hard\libgcc.a(_dvmd_tls.o)
                0x00000000080004d4                __aeabi_idiv0
                0x00000000080004d4                __aeabi_ldiv0
 *(.text*)
 .text.I2C_PCF8574_Write
                0x00000000080004d8       0x28 ./Core/LIBRERIA/LCD_I2C.o
                0x00000000080004d8                I2C_PCF8574_Write
 .text.I2C_Lcd_Cmd
                0x0000000008000500       0x82 ./Core/LIBRERIA/LCD_I2C.o
                0x0000000008000500                I2C_Lcd_Cmd
 .text.I2C_Lcd_Init
                0x0000000008000582      0x27c ./Core/LIBRERIA/LCD_I2C.o
                0x0000000008000582                I2C_Lcd_Init
 *fill*         0x00000000080007fe        0x2 
 .text.I2C_Lcd_Chr
                0x0000000008000800       0xf0 ./Core/LIBRERIA/LCD_I2C.o
                0x0000000008000800                I2C_Lcd_Chr
 .text.I2C_Lcd_Chr_Cp
                0x00000000080008f0       0x90 ./Core/LIBRERIA/LCD_I2C.o
                0x00000000080008f0                I2C_Lcd_Chr_Cp
 .text.I2C_Lcd_Text
                0x0000000008000980       0x3a ./Core/LIBRERIA/LCD_I2C.o
                0x0000000008000980                I2C_Lcd_Text
 .text.I2C_Lcd_Text_Cp
                0x00000000080009ba       0x2a ./Core/LIBRERIA/LCD_I2C.o
                0x00000000080009ba                I2C_Lcd_Text_Cp
 .text.I2C_Lcd_chr_propio
                0x00000000080009e4       0x78 ./Core/LIBRERIA/LCD_I2C.o
                0x00000000080009e4                I2C_Lcd_chr_propio
 .text.main     0x0000000008000a5c       0x7c ./Core/Src/main.o
                0x0000000008000a5c                main
 .text.SystemClock_Config
                0x0000000008000ad8       0xc0 ./Core/Src/main.o
                0x0000000008000ad8                SystemClock_Config
 .text.MX_I2C1_Init
                0x0000000008000b98       0x5c ./Core/Src/main.o
 .text.MX_GPIO_Init
                0x0000000008000bf4       0x50 ./Core/Src/main.o
 .text.Error_Handler
                0x0000000008000c44        0xa ./Core/Src/main.o
                0x0000000008000c44                Error_Handler
 *fill*         0x0000000008000c4e        0x2 
 .text.HAL_MspInit
                0x0000000008000c50       0x50 ./Core/Src/stm32f4xx_hal_msp.o
                0x0000000008000c50                HAL_MspInit
 .text.HAL_I2C_MspInit
                0x0000000008000ca0       0x90 ./Core/Src/stm32f4xx_hal_msp.o
                0x0000000008000ca0                HAL_I2C_MspInit
 .text.NMI_Handler
                0x0000000008000d30        0x6 ./Core/Src/stm32f4xx_it.o
                0x0000000008000d30                NMI_Handler
 .text.HardFault_Handler
                0x0000000008000d36        0x6 ./Core/Src/stm32f4xx_it.o
                0x0000000008000d36                HardFault_Handler
 .text.MemManage_Handler
                0x0000000008000d3c        0x6 ./Core/Src/stm32f4xx_it.o
                0x0000000008000d3c                MemManage_Handler
 .text.BusFault_Handler
                0x0000000008000d42        0x6 ./Core/Src/stm32f4xx_it.o
                0x0000000008000d42                BusFault_Handler
 .text.UsageFault_Handler
                0x0000000008000d48        0x6 ./Core/Src/stm32f4xx_it.o
                0x0000000008000d48                UsageFault_Handler
 .text.SVC_Handler
                0x0000000008000d4e        0xe ./Core/Src/stm32f4xx_it.o
                0x0000000008000d4e                SVC_Handler
 .text.DebugMon_Handler
                0x0000000008000d5c        0xe ./Core/Src/stm32f4xx_it.o
                0x0000000008000d5c                DebugMon_Handler
 .text.PendSV_Handler
                0x0000000008000d6a        0xe ./Core/Src/stm32f4xx_it.o
                0x0000000008000d6a                PendSV_Handler
 .text.SysTick_Handler
                0x0000000008000d78        0xc ./Core/Src/stm32f4xx_it.o
                0x0000000008000d78                SysTick_Handler
 .text.SystemInit
                0x0000000008000d84       0x24 ./Core/Src/system_stm32f4xx.o
                0x0000000008000d84                SystemInit
 .text.Reset_Handler
                0x0000000008000da8       0x50 ./Core/Startup/startup_stm32f401ccux.o
                0x0000000008000da8                Reset_Handler
 .text.Default_Handler
                0x0000000008000df8        0x2 ./Core/Startup/startup_stm32f401ccux.o
                0x0000000008000df8                RTC_Alarm_IRQHandler
                0x0000000008000df8                EXTI2_IRQHandler
                0x0000000008000df8                SPI4_IRQHandler
                0x0000000008000df8                TIM1_CC_IRQHandler
                0x0000000008000df8                DMA2_Stream5_IRQHandler
                0x0000000008000df8                DMA1_Stream5_IRQHandler
                0x0000000008000df8                PVD_IRQHandler
                0x0000000008000df8                SDIO_IRQHandler
                0x0000000008000df8                TAMP_STAMP_IRQHandler
                0x0000000008000df8                EXTI3_IRQHandler
                0x0000000008000df8                TIM1_UP_TIM10_IRQHandler
                0x0000000008000df8                I2C3_ER_IRQHandler
                0x0000000008000df8                EXTI0_IRQHandler
                0x0000000008000df8                I2C2_EV_IRQHandler
                0x0000000008000df8                DMA1_Stream2_IRQHandler
                0x0000000008000df8                FPU_IRQHandler
                0x0000000008000df8                DMA2_Stream2_IRQHandler
                0x0000000008000df8                SPI1_IRQHandler
                0x0000000008000df8                TIM1_BRK_TIM9_IRQHandler
                0x0000000008000df8                DMA2_Stream3_IRQHandler
                0x0000000008000df8                USART6_IRQHandler
                0x0000000008000df8                DMA2_Stream0_IRQHandler
                0x0000000008000df8                TIM4_IRQHandler
                0x0000000008000df8                I2C1_EV_IRQHandler
                0x0000000008000df8                DMA1_Stream6_IRQHandler
                0x0000000008000df8                DMA1_Stream1_IRQHandler
                0x0000000008000df8                TIM3_IRQHandler
                0x0000000008000df8                RCC_IRQHandler
                0x0000000008000df8                Default_Handler
                0x0000000008000df8                EXTI15_10_IRQHandler
                0x0000000008000df8                ADC_IRQHandler
                0x0000000008000df8                DMA1_Stream7_IRQHandler
                0x0000000008000df8                TIM5_IRQHandler
                0x0000000008000df8                DMA2_Stream7_IRQHandler
                0x0000000008000df8                I2C3_EV_IRQHandler
                0x0000000008000df8                EXTI9_5_IRQHandler
                0x0000000008000df8                RTC_WKUP_IRQHandler
                0x0000000008000df8                SPI2_IRQHandler
                0x0000000008000df8                DMA1_Stream0_IRQHandler
                0x0000000008000df8                EXTI4_IRQHandler
                0x0000000008000df8                WWDG_IRQHandler
                0x0000000008000df8                TIM2_IRQHandler
                0x0000000008000df8                OTG_FS_WKUP_IRQHandler
                0x0000000008000df8                TIM1_TRG_COM_TIM11_IRQHandler
                0x0000000008000df8                EXTI1_IRQHandler
                0x0000000008000df8                USART2_IRQHandler
                0x0000000008000df8                I2C2_ER_IRQHandler
                0x0000000008000df8                DMA2_Stream1_IRQHandler
                0x0000000008000df8                FLASH_IRQHandler
                0x0000000008000df8                DMA2_Stream4_IRQHandler
                0x0000000008000df8                USART1_IRQHandler
                0x0000000008000df8                OTG_FS_IRQHandler
                0x0000000008000df8                SPI3_IRQHandler
                0x0000000008000df8                DMA1_Stream4_IRQHandler
                0x0000000008000df8                I2C1_ER_IRQHandler
                0x0000000008000df8                DMA2_Stream6_IRQHandler
                0x0000000008000df8                DMA1_Stream3_IRQHandler
 *fill*         0x0000000008000dfa        0x2 
 .text.HAL_Init
                0x0000000008000dfc       0x44 ./Drivers/STM32F4xx_HAL_Driver/Src/stm32f4xx_hal.o
                0x0000000008000dfc                HAL_Init
 .text.HAL_InitTick
                0x0000000008000e40       0x60 ./Drivers/STM32F4xx_HAL_Driver/Src/stm32f4xx_hal.o
                0x0000000008000e40                HAL_InitTick
 .text.HAL_IncTick
                0x0000000008000ea0       0x28 ./Drivers/STM32F4xx_HAL_Driver/Src/stm32f4xx_hal.o
                0x0000000008000ea0                HAL_IncTick
 .text.HAL_GetTick
                0x0000000008000ec8       0x18 ./Drivers/STM32F4xx_HAL_Driver/Src/stm32f4xx_hal.o
                0x0000000008000ec8                HAL_GetTick
 .text.HAL_Delay
                0x0000000008000ee0       0x48 ./Drivers/STM32F4xx_HAL_Driver/Src/stm32f4xx_hal.o
                0x0000000008000ee0                HAL_Delay
 .text.__NVIC_SetPriorityGrouping
                0x0000000008000f28       0x48 ./Drivers/STM32F4xx_HAL_Driver/Src/stm32f4xx_hal_cortex.o
 .text.__NVIC_GetPriorityGrouping
                0x0000000008000f70       0x1c ./Drivers/STM32F4xx_HAL_Driver/Src/stm32f4xx_hal_cortex.o
 .text.__NVIC_SetPriority
                0x0000000008000f8c       0x54 ./Drivers/STM32F4xx_HAL_Driver/Src/stm32f4xx_hal_cortex.o
 .text.NVIC_EncodePriority
                0x0000000008000fe0       0x66 ./Drivers/STM32F4xx_HAL_Driver/Src/stm32f4xx_hal_cortex.o
 *fill*         0x0000000008001046        0x2 
 .text.SysTick_Config
                0x0000000008001048       0x44 ./Drivers/STM32F4xx_HAL_Driver/Src/stm32f4xx_hal_cortex.o
 .text.HAL_NVIC_SetPriorityGrouping
                0x000000000800108c       0x16 ./Drivers/STM32F4xx_HAL_Driver/Src/stm32f4xx_hal_cortex.o
                0x000000000800108c                HAL_NVIC_SetPriorityGrouping
 .text.HAL_NVIC_SetPriority
                0x00000000080010a2       0x38 ./Drivers/STM32F4xx_HAL_Driver/Src/stm32f4xx_hal_cortex.o
                0x00000000080010a2                HAL_NVIC_SetPriority
 .text.HAL_SYSTICK_Config
                0x00000000080010da       0x18 ./Drivers/STM32F4xx_HAL_Driver/Src/stm32f4xx_hal_cortex.o
                0x00000000080010da                HAL_SYSTICK_Config
 *fill*         0x00000000080010f2        0x2 
 .text.HAL_GPIO_Init
                0x00000000080010f4      0x308 ./Drivers/STM32F4xx_HAL_Driver/Src/stm32f4xx_hal_gpio.o
                0x00000000080010f4                HAL_GPIO_Init
 .text.HAL_I2C_Init
                0x00000000080013fc      0x288 ./Drivers/STM32F4xx_HAL_Driver/Src/stm32f4xx_hal_i2c.o
                0x00000000080013fc                HAL_I2C_Init
 .text.HAL_I2C_Master_Transmit
                0x0000000008001684      0x1fc ./Drivers/STM32F4xx_HAL_Driver/Src/stm32f4xx_hal_i2c.o
                0x0000000008001684                HAL_I2C_Master_Transmit
 .text.I2C_MasterRequestWrite
                0x0000000008001880      0x104 ./Drivers/STM32F4xx_HAL_Driver/Src/stm32f4xx_hal_i2c.o
 .text.I2C_WaitOnFlagUntilTimeout
                0x0000000008001984       0xae ./Drivers/STM32F4xx_HAL_Driver/Src/stm32f4xx_hal_i2c.o
 .text.I2C_WaitOnMasterAddressFlagUntilTimeout
                0x0000000008001a32       0xfe ./Drivers/STM32F4xx_HAL_Driver/Src/stm32f4xx_hal_i2c.o
 .text.I2C_WaitOnTXEFlagUntilTimeout
                0x0000000008001b30       0x82 ./Drivers/STM32F4xx_HAL_Driver/Src/stm32f4xx_hal_i2c.o
 .text.I2C_WaitOnBTFFlagUntilTimeout
                0x0000000008001bb2       0x82 ./Drivers/STM32F4xx_HAL_Driver/Src/stm32f4xx_hal_i2c.o
 .text.I2C_IsAcknowledgeFailed
                0x0000000008001c34       0x5e ./Drivers/STM32F4xx_HAL_Driver/Src/stm32f4xx_hal_i2c.o
 *fill*         0x0000000008001c92        0x2 
 .text.HAL_RCC_OscConfig
                0x0000000008001c94      0x4f0 ./Drivers/STM32F4xx_HAL_Driver/Src/stm32f4xx_hal_rcc.o
                0x0000000008001c94                HAL_RCC_OscConfig
 .text.HAL_RCC_ClockConfig
                0x0000000008002184      0x1cc ./Drivers/STM32F4xx_HAL_Driver/Src/stm32f4xx_hal_rcc.o
                0x0000000008002184                HAL_RCC_ClockConfig
 .text.HAL_RCC_GetSysClockFreq
                0x0000000008002350      0x18c ./Drivers/STM32F4xx_HAL_Driver/Src/stm32f4xx_hal_rcc.o
                0x0000000008002350                HAL_RCC_GetSysClockFreq
 .text.HAL_RCC_GetHCLKFreq
                0x00000000080024dc       0x18 ./Drivers/STM32F4xx_HAL_Driver/Src/stm32f4xx_hal_rcc.o
                0x00000000080024dc                HAL_RCC_GetHCLKFreq
 .text.HAL_RCC_GetPCLK1Freq
                0x00000000080024f4       0x28 ./Drivers/STM32F4xx_HAL_Driver/Src/stm32f4xx_hal_rcc.o
                0x00000000080024f4                HAL_RCC_GetPCLK1Freq
 .text.__libc_init_array
                0x000000000800251c       0x48 c:/st/stm32cubeide_1.11.0/stm32cubeide/plugins/com.st.stm32cube.ide.mcu.externaltools.gnu-tools-for-stm32.10.3-2021.10.win32_1.0.100.202210260954/tools/bin/../lib/gcc/arm-none-eabi/10.3.1/../../../../arm-none-eabi/lib/thumb/v7e-m+fp/hard\libc_nano.a(lib_a-init.o)
                0x000000000800251c                __libc_init_array
 .text.memset   0x0000000008002564       0x10 c:/st/stm32cubeide_1.11.0/stm32cubeide/plugins/com.st.stm32cube.ide.mcu.externaltools.gnu-tools-for-stm32.10.3-2021.10.win32_1.0.100.202210260954/tools/bin/../lib/gcc/arm-none-eabi/10.3.1/../../../../arm-none-eabi/lib/thumb/v7e-m+fp/hard\libc_nano.a(lib_a-memset.o)
                0x0000000008002564                memset
 *(.glue_7)
 .glue_7        0x0000000008002574        0x0 linker stubs
 *(.glue_7t)
 .glue_7t       0x0000000008002574        0x0 linker stubs
 *(.eh_frame)
 .eh_frame      0x0000000008002574        0x0 c:/st/stm32cubeide_1.11.0/stm32cubeide/plugins/com.st.stm32cube.ide.mcu.externaltools.gnu-tools-for-stm32.10.3-2021.10.win32_1.0.100.202210260954/tools/bin/../lib/gcc/arm-none-eabi/10.3.1/thumb/v7e-m+fp/hard/crtbegin.o
 *(.init)
 .init          0x0000000008002574        0x4 c:/st/stm32cubeide_1.11.0/stm32cubeide/plugins/com.st.stm32cube.ide.mcu.externaltools.gnu-tools-for-stm32.10.3-2021.10.win32_1.0.100.202210260954/tools/bin/../lib/gcc/arm-none-eabi/10.3.1/thumb/v7e-m+fp/hard/crti.o
                0x0000000008002574                _init
 .init          0x0000000008002578        0x8 c:/st/stm32cubeide_1.11.0/stm32cubeide/plugins/com.st.stm32cube.ide.mcu.externaltools.gnu-tools-for-stm32.10.3-2021.10.win32_1.0.100.202210260954/tools/bin/../lib/gcc/arm-none-eabi/10.3.1/thumb/v7e-m+fp/hard/crtn.o
 *(.fini)
 .fini          0x0000000008002580        0x4 c:/st/stm32cubeide_1.11.0/stm32cubeide/plugins/com.st.stm32cube.ide.mcu.externaltools.gnu-tools-for-stm32.10.3-2021.10.win32_1.0.100.202210260954/tools/bin/../lib/gcc/arm-none-eabi/10.3.1/thumb/v7e-m+fp/hard/crti.o
                0x0000000008002580                _fini
 .fini          0x0000000008002584        0x8 c:/st/stm32cubeide_1.11.0/stm32cubeide/plugins/com.st.stm32cube.ide.mcu.externaltools.gnu-tools-for-stm32.10.3-2021.10.win32_1.0.100.202210260954/tools/bin/../lib/gcc/arm-none-eabi/10.3.1/thumb/v7e-m+fp/hard/crtn.o
                0x000000000800258c                . = ALIGN (0x4)
                0x000000000800258c                _etext = .

.vfp11_veneer   0x000000000800258c        0x0
 .vfp11_veneer  0x000000000800258c        0x0 linker stubs

.v4_bx          0x000000000800258c        0x0
 .v4_bx         0x000000000800258c        0x0 linker stubs

.iplt           0x000000000800258c        0x0
 .iplt          0x000000000800258c        0x0 c:/st/stm32cubeide_1.11.0/stm32cubeide/plugins/com.st.stm32cube.ide.mcu.externaltools.gnu-tools-for-stm32.10.3-2021.10.win32_1.0.100.202210260954/tools/bin/../lib/gcc/arm-none-eabi/10.3.1/thumb/v7e-m+fp/hard/crtbegin.o

.rodata         0x000000000800258c       0x44
                0x000000000800258c                . = ALIGN (0x4)
 *(.rodata)
 .rodata        0x000000000800258c        0x8 ./Core/LIBRERIA/LCD_I2C.o
 .rodata        0x0000000008002594       0x21 ./Core/Src/main.o
 *(.rodata*)
 *fill*         0x00000000080025b5        0x3 
 .rodata.AHBPrescTable
                0x00000000080025b8       0x10 ./Core/Src/system_stm32f4xx.o
                0x00000000080025b8                AHBPrescTable
 .rodata.APBPrescTable
                0x00000000080025c8        0x8 ./Core/Src/system_stm32f4xx.o
                0x00000000080025c8                APBPrescTable
                0x00000000080025d0                . = ALIGN (0x4)

.ARM.extab      0x00000000080025d0        0x0
                0x00000000080025d0                . = ALIGN (0x4)
 *(.ARM.extab* .gnu.linkonce.armextab.*)
                0x00000000080025d0                . = ALIGN (0x4)

.ARM            0x00000000080025d0        0x8
                0x00000000080025d0                . = ALIGN (0x4)
                0x00000000080025d0                __exidx_start = .
 *(.ARM.exidx*)
 .ARM.exidx     0x00000000080025d0        0x8 c:/st/stm32cubeide_1.11.0/stm32cubeide/plugins/com.st.stm32cube.ide.mcu.externaltools.gnu-tools-for-stm32.10.3-2021.10.win32_1.0.100.202210260954/tools/bin/../lib/gcc/arm-none-eabi/10.3.1/thumb/v7e-m+fp/hard\libgcc.a(_udivmoddi4.o)
                0x00000000080025d8                __exidx_end = .
                0x00000000080025d8                . = ALIGN (0x4)

.rel.dyn        0x00000000080025d8        0x0
 .rel.iplt      0x00000000080025d8        0x0 c:/st/stm32cubeide_1.11.0/stm32cubeide/plugins/com.st.stm32cube.ide.mcu.externaltools.gnu-tools-for-stm32.10.3-2021.10.win32_1.0.100.202210260954/tools/bin/../lib/gcc/arm-none-eabi/10.3.1/thumb/v7e-m+fp/hard/crtbegin.o

.preinit_array  0x00000000080025d8        0x0
                0x00000000080025d8                . = ALIGN (0x4)
                0x00000000080025d8                PROVIDE (__preinit_array_start = .)
 *(.preinit_array*)
                0x00000000080025d8                PROVIDE (__preinit_array_end = .)
                0x00000000080025d8                . = ALIGN (0x4)

.init_array     0x00000000080025d8        0x4
                0x00000000080025d8                . = ALIGN (0x4)
                0x00000000080025d8                PROVIDE (__init_array_start = .)
 *(SORT_BY_NAME(.init_array.*))
 *(.init_array*)
 .init_array    0x00000000080025d8        0x4 c:/st/stm32cubeide_1.11.0/stm32cubeide/plugins/com.st.stm32cube.ide.mcu.externaltools.gnu-tools-for-stm32.10.3-2021.10.win32_1.0.100.202210260954/tools/bin/../lib/gcc/arm-none-eabi/10.3.1/thumb/v7e-m+fp/hard/crtbegin.o
                0x00000000080025dc                PROVIDE (__init_array_end = .)
                0x00000000080025dc                . = ALIGN (0x4)

.fini_array     0x00000000080025dc        0x4
                0x00000000080025dc                . = ALIGN (0x4)
                [!provide]                        PROVIDE (__fini_array_start = .)
 *(SORT_BY_NAME(.fini_array.*))
 *(.fini_array*)
 .fini_array    0x00000000080025dc        0x4 c:/st/stm32cubeide_1.11.0/stm32cubeide/plugins/com.st.stm32cube.ide.mcu.externaltools.gnu-tools-for-stm32.10.3-2021.10.win32_1.0.100.202210260954/tools/bin/../lib/gcc/arm-none-eabi/10.3.1/thumb/v7e-m+fp/hard/crtbegin.o
                [!provide]                        PROVIDE (__fini_array_end = .)
                0x00000000080025e0                . = ALIGN (0x4)
                0x00000000080025e0                _sidata = LOADADDR (.data)

.data           0x0000000020000000       0x1c load address 0x00000000080025e0
                0x0000000020000000                . = ALIGN (0x4)
                0x0000000020000000                _sdata = .
 *(.data)
 *(.data*)
 .data.especial1
                0x0000000020000000        0x8 ./Core/Src/main.o
                0x0000000020000000                especial1
 .data.especial2
                0x0000000020000008        0x8 ./Core/Src/main.o
                0x0000000020000008                especial2
 .data.SystemCoreClock
                0x0000000020000010        0x4 ./Core/Src/system_stm32f4xx.o
                0x0000000020000010                SystemCoreClock
 .data.uwTickPrio
                0x0000000020000014        0x4 ./Drivers/STM32F4xx_HAL_Driver/Src/stm32f4xx_hal.o
                0x0000000020000014                uwTickPrio
 .data.uwTickFreq
                0x0000000020000018        0x1 ./Drivers/STM32F4xx_HAL_Driver/Src/stm32f4xx_hal.o
                0x0000000020000018                uwTickFreq
 *(.RamFunc)
 *(.RamFunc*)
                0x000000002000001c                . = ALIGN (0x4)
 *fill*         0x0000000020000019        0x3 
                0x000000002000001c                _edata = .

.igot.plt       0x000000002000001c        0x0 load address 0x00000000080025fc
 .igot.plt      0x000000002000001c        0x0 c:/st/stm32cubeide_1.11.0/stm32cubeide/plugins/com.st.stm32cube.ide.mcu.externaltools.gnu-tools-for-stm32.10.3-2021.10.win32_1.0.100.202210260954/tools/bin/../lib/gcc/arm-none-eabi/10.3.1/thumb/v7e-m+fp/hard/crtbegin.o
                0x000000002000001c                . = ALIGN (0x4)

.bss            0x000000002000001c       0x74 load address 0x00000000080025fc
                0x000000002000001c                _sbss = .
                0x000000002000001c                __bss_start__ = _sbss
 *(.bss)
 .bss           0x000000002000001c       0x1c c:/st/stm32cubeide_1.11.0/stm32cubeide/plugins/com.st.stm32cube.ide.mcu.externaltools.gnu-tools-for-stm32.10.3-2021.10.win32_1.0.100.202210260954/tools/bin/../lib/gcc/arm-none-eabi/10.3.1/thumb/v7e-m+fp/hard/crtbegin.o
 *(.bss*)
 .bss.hi2c1     0x0000000020000038       0x54 ./Core/Src/main.o
                0x0000000020000038                hi2c1
 .bss.uwTick    0x000000002000008c        0x4 ./Drivers/STM32F4xx_HAL_Driver/Src/stm32f4xx_hal.o
                0x000000002000008c                uwTick
 *(COMMON)
                0x0000000020000090                . = ALIGN (0x4)
                0x0000000020000090                _ebss = .
                0x0000000020000090                __bss_end__ = _ebss

._user_heap_stack
                0x0000000020000090      0x600 load address 0x00000000080025fc
                0x0000000020000090                . = ALIGN (0x8)
                [!provide]                        PROVIDE (end = .)
                0x0000000020000090                PROVIDE (_end = .)
                0x0000000020000290                . = (. + _Min_Heap_Size)
 *fill*         0x0000000020000090      0x200 
                0x0000000020000690                . = (. + _Min_Stack_Size)
 *fill*         0x0000000020000290      0x400 
                0x0000000020000690                . = ALIGN (0x8)

/DISCARD/
 libc.a(*)
 libm.a(*)
 libgcc.a(*)

.ARM.attributes
                0x0000000000000000       0x30
 *(.ARM.attributes)
 .ARM.attributes
                0x0000000000000000       0x1e c:/st/stm32cubeide_1.11.0/stm32cubeide/plugins/com.st.stm32cube.ide.mcu.externaltools.gnu-tools-for-stm32.10.3-2021.10.win32_1.0.100.202210260954/tools/bin/../lib/gcc/arm-none-eabi/10.3.1/thumb/v7e-m+fp/hard/crti.o
 .ARM.attributes
                0x000000000000001e       0x34 c:/st/stm32cubeide_1.11.0/stm32cubeide/plugins/com.st.stm32cube.ide.mcu.externaltools.gnu-tools-for-stm32.10.3-2021.10.win32_1.0.100.202210260954/tools/bin/../lib/gcc/arm-none-eabi/10.3.1/thumb/v7e-m+fp/hard/crtbegin.o
 .ARM.attributes
                0x0000000000000052       0x34 ./Core/LIBRERIA/LCD_I2C.o
 .ARM.attributes
                0x0000000000000086       0x34 ./Core/Src/main.o
 .ARM.attributes
                0x00000000000000ba       0x34 ./Core/Src/stm32f4xx_hal_msp.o
 .ARM.attributes
                0x00000000000000ee       0x34 ./Core/Src/stm32f4xx_it.o
 .ARM.attributes
                0x0000000000000122       0x34 ./Core/Src/system_stm32f4xx.o
 .ARM.attributes
                0x0000000000000156       0x21 ./Core/Startup/startup_stm32f401ccux.o
 .ARM.attributes
                0x0000000000000177       0x34 ./Drivers/STM32F4xx_HAL_Driver/Src/stm32f4xx_hal.o
 .ARM.attributes
                0x00000000000001ab       0x34 ./Drivers/STM32F4xx_HAL_Driver/Src/stm32f4xx_hal_cortex.o
 .ARM.attributes
                0x00000000000001df       0x34 ./Drivers/STM32F4xx_HAL_Driver/Src/stm32f4xx_hal_gpio.o
 .ARM.attributes
                0x0000000000000213       0x34 ./Drivers/STM32F4xx_HAL_Driver/Src/stm32f4xx_hal_i2c.o
 .ARM.attributes
                0x0000000000000247       0x34 ./Drivers/STM32F4xx_HAL_Driver/Src/stm32f4xx_hal_rcc.o
 .ARM.attributes
                0x000000000000027b       0x34 c:/st/stm32cubeide_1.11.0/stm32cubeide/plugins/com.st.stm32cube.ide.mcu.externaltools.gnu-tools-for-stm32.10.3-2021.10.win32_1.0.100.202210260954/tools/bin/../lib/gcc/arm-none-eabi/10.3.1/../../../../arm-none-eabi/lib/thumb/v7e-m+fp/hard\libc_nano.a(lib_a-init.o)
 .ARM.attributes
                0x00000000000002af       0x34 c:/st/stm32cubeide_1.11.0/stm32cubeide/plugins/com.st.stm32cube.ide.mcu.externaltools.gnu-tools-for-stm32.10.3-2021.10.win32_1.0.100.202210260954/tools/bin/../lib/gcc/arm-none-eabi/10.3.1/../../../../arm-none-eabi/lib/thumb/v7e-m+fp/hard\libc_nano.a(lib_a-memset.o)
 .ARM.attributes
                0x00000000000002e3       0x1e c:/st/stm32cubeide_1.11.0/stm32cubeide/plugins/com.st.stm32cube.ide.mcu.externaltools.gnu-tools-for-stm32.10.3-2021.10.win32_1.0.100.202210260954/tools/bin/../lib/gcc/arm-none-eabi/10.3.1/thumb/v7e-m+fp/hard\libgcc.a(_aeabi_uldivmod.o)
 .ARM.attributes
                0x0000000000000301       0x34 c:/st/stm32cubeide_1.11.0/stm32cubeide/plugins/com.st.stm32cube.ide.mcu.externaltools.gnu-tools-for-stm32.10.3-2021.10.win32_1.0.100.202210260954/tools/bin/../lib/gcc/arm-none-eabi/10.3.1/thumb/v7e-m+fp/hard\libgcc.a(_udivmoddi4.o)
 .ARM.attributes
                0x0000000000000335       0x1e c:/st/stm32cubeide_1.11.0/stm32cubeide/plugins/com.st.stm32cube.ide.mcu.externaltools.gnu-tools-for-stm32.10.3-2021.10.win32_1.0.100.202210260954/tools/bin/../lib/gcc/arm-none-eabi/10.3.1/thumb/v7e-m+fp/hard\libgcc.a(_dvmd_tls.o)
 .ARM.attributes
                0x0000000000000353       0x1e c:/st/stm32cubeide_1.11.0/stm32cubeide/plugins/com.st.stm32cube.ide.mcu.externaltools.gnu-tools-for-stm32.10.3-2021.10.win32_1.0.100.202210260954/tools/bin/../lib/gcc/arm-none-eabi/10.3.1/thumb/v7e-m+fp/hard/crtn.o
OUTPUT(LCD_ARZ.elf elf32-littlearm)
LOAD linker stubs
LOAD c:/st/stm32cubeide_1.11.0/stm32cubeide/plugins/com.st.stm32cube.ide.mcu.externaltools.gnu-tools-for-stm32.10.3-2021.10.win32_1.0.100.202210260954/tools/bin/../lib/gcc/arm-none-eabi/10.3.1/../../../../arm-none-eabi/lib/thumb/v7e-m+fp/hard\libc.a
LOAD c:/st/stm32cubeide_1.11.0/stm32cubeide/plugins/com.st.stm32cube.ide.mcu.externaltools.gnu-tools-for-stm32.10.3-2021.10.win32_1.0.100.202210260954/tools/bin/../lib/gcc/arm-none-eabi/10.3.1/../../../../arm-none-eabi/lib/thumb/v7e-m+fp/hard\libm.a
LOAD c:/st/stm32cubeide_1.11.0/stm32cubeide/plugins/com.st.stm32cube.ide.mcu.externaltools.gnu-tools-for-stm32.10.3-2021.10.win32_1.0.100.202210260954/tools/bin/../lib/gcc/arm-none-eabi/10.3.1/thumb/v7e-m+fp/hard\libgcc.a

.debug_info     0x0000000000000000     0x72da
 .debug_info    0x0000000000000000      0x885 ./Core/LIBRERIA/LCD_I2C.o
 .debug_info    0x0000000000000885      0xc04 ./Core/Src/main.o
 .debug_info    0x0000000000001489      0xa0b ./Core/Src/stm32f4xx_hal_msp.o
 .debug_info    0x0000000000001e94      0x121 ./Core/Src/stm32f4xx_it.o
 .debug_info    0x0000000000001fb5      0x54f ./Core/Src/system_stm32f4xx.o
 .debug_info    0x0000000000002504       0x22 ./Core/Startup/startup_stm32f401ccux.o
 .debug_info    0x0000000000002526      0x906 ./Drivers/STM32F4xx_HAL_Driver/Src/stm32f4xx_hal.o
 .debug_info    0x0000000000002e2c      0xd85 ./Drivers/STM32F4xx_HAL_Driver/Src/stm32f4xx_hal_cortex.o
 .debug_info    0x0000000000003bb1      0x78e ./Drivers/STM32F4xx_HAL_Driver/Src/stm32f4xx_hal_gpio.o
 .debug_info    0x000000000000433f     0x260f ./Drivers/STM32F4xx_HAL_Driver/Src/stm32f4xx_hal_i2c.o
 .debug_info    0x000000000000694e      0x98c ./Drivers/STM32F4xx_HAL_Driver/Src/stm32f4xx_hal_rcc.o

.debug_abbrev   0x0000000000000000     0x13fc
 .debug_abbrev  0x0000000000000000      0x1ed ./Core/LIBRERIA/LCD_I2C.o
 .debug_abbrev  0x00000000000001ed      0x275 ./Core/Src/main.o
 .debug_abbrev  0x0000000000000462      0x194 ./Core/Src/stm32f4xx_hal_msp.o
 .debug_abbrev  0x00000000000005f6       0x74 ./Core/Src/stm32f4xx_it.o
 .debug_abbrev  0x000000000000066a      0x116 ./Core/Src/system_stm32f4xx.o
 .debug_abbrev  0x0000000000000780       0x12 ./Core/Startup/startup_stm32f401ccux.o
 .debug_abbrev  0x0000000000000792      0x23e ./Drivers/STM32F4xx_HAL_Driver/Src/stm32f4xx_hal.o
 .debug_abbrev  0x00000000000009d0      0x316 ./Drivers/STM32F4xx_HAL_Driver/Src/stm32f4xx_hal_cortex.o
 .debug_abbrev  0x0000000000000ce6      0x1c4 ./Drivers/STM32F4xx_HAL_Driver/Src/stm32f4xx_hal_gpio.o
 .debug_abbrev  0x0000000000000eaa      0x2a8 ./Drivers/STM32F4xx_HAL_Driver/Src/stm32f4xx_hal_i2c.o
 .debug_abbrev  0x0000000000001152      0x2aa ./Drivers/STM32F4xx_HAL_Driver/Src/stm32f4xx_hal_rcc.o

.debug_aranges  0x0000000000000000      0x700
 .debug_aranges
                0x0000000000000000       0x58 ./Core/LIBRERIA/LCD_I2C.o
 .debug_aranges
                0x0000000000000058       0x40 ./Core/Src/main.o
 .debug_aranges
                0x0000000000000098       0x30 ./Core/Src/stm32f4xx_hal_msp.o
 .debug_aranges
                0x00000000000000c8       0x60 ./Core/Src/stm32f4xx_it.o
 .debug_aranges
                0x0000000000000128       0x28 ./Core/Src/system_stm32f4xx.o
 .debug_aranges
                0x0000000000000150       0x28 ./Core/Startup/startup_stm32f401ccux.o
 .debug_aranges
                0x0000000000000178       0xf0 ./Drivers/STM32F4xx_HAL_Driver/Src/stm32f4xx_hal.o
 .debug_aranges
                0x0000000000000268      0x118 ./Drivers/STM32F4xx_HAL_Driver/Src/stm32f4xx_hal_cortex.o
 .debug_aranges
                0x0000000000000380       0x58 ./Drivers/STM32F4xx_HAL_Driver/Src/stm32f4xx_hal_gpio.o
 .debug_aranges
                0x00000000000003d8      0x2a0 ./Drivers/STM32F4xx_HAL_Driver/Src/stm32f4xx_hal_i2c.o
 .debug_aranges
                0x0000000000000678       0x88 ./Drivers/STM32F4xx_HAL_Driver/Src/stm32f4xx_hal_rcc.o

.debug_ranges   0x0000000000000000      0x670
 .debug_ranges  0x0000000000000000       0x48 ./Core/LIBRERIA/LCD_I2C.o
 .debug_ranges  0x0000000000000048       0x30 ./Core/Src/main.o
 .debug_ranges  0x0000000000000078       0x20 ./Core/Src/stm32f4xx_hal_msp.o
 .debug_ranges  0x0000000000000098       0x50 ./Core/Src/stm32f4xx_it.o
 .debug_ranges  0x00000000000000e8       0x18 ./Core/Src/system_stm32f4xx.o
 .debug_ranges  0x0000000000000100       0x20 ./Core/Startup/startup_stm32f401ccux.o
 .debug_ranges  0x0000000000000120       0xe0 ./Drivers/STM32F4xx_HAL_Driver/Src/stm32f4xx_hal.o
 .debug_ranges  0x0000000000000200      0x108 ./Drivers/STM32F4xx_HAL_Driver/Src/stm32f4xx_hal_cortex.o
 .debug_ranges  0x0000000000000308       0x48 ./Drivers/STM32F4xx_HAL_Driver/Src/stm32f4xx_hal_gpio.o
 .debug_ranges  0x0000000000000350      0x2a8 ./Drivers/STM32F4xx_HAL_Driver/Src/stm32f4xx_hal_i2c.o
 .debug_ranges  0x00000000000005f8       0x78 ./Drivers/STM32F4xx_HAL_Driver/Src/stm32f4xx_hal_rcc.o

.debug_macro    0x0000000000000000    0x14a0f
 .debug_macro   0x0000000000000000      0x1e8 ./Core/LIBRERIA/LCD_I2C.o
 .debug_macro   0x00000000000001e8      0xa78 ./Core/LIBRERIA/LCD_I2C.o
 .debug_macro   0x0000000000000c60      0x295 ./Core/LIBRERIA/LCD_I2C.o
 .debug_macro   0x0000000000000ef5       0x2e ./Core/LIBRERIA/LCD_I2C.o
 .debug_macro   0x0000000000000f23       0x28 ./Core/LIBRERIA/LCD_I2C.o
 .debug_macro   0x0000000000000f4b       0x22 ./Core/LIBRERIA/LCD_I2C.o
 .debug_macro   0x0000000000000f6d       0x8e ./Core/LIBRERIA/LCD_I2C.o
 .debug_macro   0x0000000000000ffb       0x51 ./Core/LIBRERIA/LCD_I2C.o
 .debug_macro   0x000000000000104c      0x103 ./Core/LIBRERIA/LCD_I2C.o
 .debug_macro   0x000000000000114f       0x6a ./Core/LIBRERIA/LCD_I2C.o
 .debug_macro   0x00000000000011b9      0x1df ./Core/LIBRERIA/LCD_I2C.o
 .debug_macro   0x0000000000001398       0x1c ./Core/LIBRERIA/LCD_I2C.o
 .debug_macro   0x00000000000013b4       0x22 ./Core/LIBRERIA/LCD_I2C.o
 .debug_macro   0x00000000000013d6       0xd9 ./Core/LIBRERIA/LCD_I2C.o
 .debug_macro   0x00000000000014af     0x102d ./Core/LIBRERIA/LCD_I2C.o
 .debug_macro   0x00000000000024dc      0x11f ./Core/LIBRERIA/LCD_I2C.o
 .debug_macro   0x00000000000025fb     0xb86c ./Core/LIBRERIA/LCD_I2C.o
 .debug_macro   0x000000000000de67       0x6d ./Core/LIBRERIA/LCD_I2C.o
 .debug_macro   0x000000000000ded4     0x367e ./Core/LIBRERIA/LCD_I2C.o
 .debug_macro   0x0000000000011552      0x174 ./Core/LIBRERIA/LCD_I2C.o
 .debug_macro   0x00000000000116c6       0x5c ./Core/LIBRERIA/LCD_I2C.o
 .debug_macro   0x0000000000011722      0x416 ./Core/LIBRERIA/LCD_I2C.o
 .debug_macro   0x0000000000011b38      0x9fe ./Core/LIBRERIA/LCD_I2C.o
 .debug_macro   0x0000000000012536      0x115 ./Core/LIBRERIA/LCD_I2C.o
 .debug_macro   0x000000000001264b       0xf8 ./Core/LIBRERIA/LCD_I2C.o
 .debug_macro   0x0000000000012743       0xa5 ./Core/LIBRERIA/LCD_I2C.o
 .debug_macro   0x00000000000127e8      0x15f ./Core/LIBRERIA/LCD_I2C.o
 .debug_macro   0x0000000000012947      0x287 ./Core/LIBRERIA/LCD_I2C.o
 .debug_macro   0x0000000000012bce       0x5f ./Core/LIBRERIA/LCD_I2C.o
 .debug_macro   0x0000000000012c2d      0x236 ./Core/LIBRERIA/LCD_I2C.o
 .debug_macro   0x0000000000012e63      0x132 ./Core/LIBRERIA/LCD_I2C.o
 .debug_macro   0x0000000000012f95      0x23a ./Core/LIBRERIA/LCD_I2C.o
 .debug_macro   0x00000000000131cf       0x2e ./Core/LIBRERIA/LCD_I2C.o
 .debug_macro   0x00000000000131fd      0x1b5 ./Core/LIBRERIA/LCD_I2C.o
 .debug_macro   0x00000000000133b2       0x22 ./Core/LIBRERIA/LCD_I2C.o
 .debug_macro   0x00000000000133d4       0xd6 ./Core/LIBRERIA/LCD_I2C.o
 .debug_macro   0x00000000000134aa      0x11a ./Core/LIBRERIA/LCD_I2C.o
 .debug_macro   0x00000000000135c4       0x85 ./Core/LIBRERIA/LCD_I2C.o
 .debug_macro   0x0000000000013649       0x89 ./Core/LIBRERIA/LCD_I2C.o
 .debug_macro   0x00000000000136d2      0x126 ./Core/LIBRERIA/LCD_I2C.o
 .debug_macro   0x00000000000137f8       0x76 ./Core/LIBRERIA/LCD_I2C.o
 .debug_macro   0x000000000001386e      0x1e2 ./Core/Src/main.o
 .debug_macro   0x0000000000013a50       0x7c ./Core/Src/main.o
 .debug_macro   0x0000000000013acc      0x1d9 ./Core/Src/stm32f4xx_hal_msp.o
 .debug_macro   0x0000000000013ca5      0x1e3 ./Core/Src/stm32f4xx_it.o
 .debug_macro   0x0000000000013e88      0x1c9 ./Core/Src/system_stm32f4xx.o
 .debug_macro   0x0000000000014051      0x229 ./Drivers/STM32F4xx_HAL_Driver/Src/stm32f4xx_hal.o
 .debug_macro   0x000000000001427a      0x1c9 ./Drivers/STM32F4xx_HAL_Driver/Src/stm32f4xx_hal_cortex.o
 .debug_macro   0x0000000000014443      0x1cf ./Drivers/STM32F4xx_HAL_Driver/Src/stm32f4xx_hal_gpio.o
 .debug_macro   0x0000000000014612      0x210 ./Drivers/STM32F4xx_HAL_Driver/Src/stm32f4xx_hal_i2c.o
 .debug_macro   0x0000000000014822      0x1ed ./Drivers/STM32F4xx_HAL_Driver/Src/stm32f4xx_hal_rcc.o

.debug_line     0x0000000000000000     0x8da6
 .debug_line    0x0000000000000000      0x8db ./Core/LIBRERIA/LCD_I2C.o
 .debug_line    0x00000000000008db      0x7ba ./Core/Src/main.o
 .debug_line    0x0000000000001095      0x6f9 ./Core/Src/stm32f4xx_hal_msp.o
 .debug_line    0x000000000000178e      0x76e ./Core/Src/stm32f4xx_it.o
 .debug_line    0x0000000000001efc      0x72d ./Core/Src/system_stm32f4xx.o
 .debug_line    0x0000000000002629       0x88 ./Core/Startup/startup_stm32f401ccux.o
 .debug_line    0x00000000000026b1      0x993 ./Drivers/STM32F4xx_HAL_Driver/Src/stm32f4xx_hal.o
 .debug_line    0x0000000000003044      0xc42 ./Drivers/STM32F4xx_HAL_Driver/Src/stm32f4xx_hal_cortex.o
 .debug_line    0x0000000000003c86      0xacb ./Drivers/STM32F4xx_HAL_Driver/Src/stm32f4xx_hal_gpio.o
 .debug_line    0x0000000000004751     0x3948 ./Drivers/STM32F4xx_HAL_Driver/Src/stm32f4xx_hal_i2c.o
 .debug_line    0x0000000000008099      0xd0d ./Drivers/STM32F4xx_HAL_Driver/Src/stm32f4xx_hal_rcc.o

.debug_str      0x0000000000000000    0x80e6d
 .debug_str     0x0000000000000000    0x7ed4e ./Core/LIBRERIA/LCD_I2C.o
                                      0x7f011 (size before relaxing)
 .debug_str     0x000000000007ed4e      0x2d6 ./Core/Src/main.o
                                      0x7f268 (size before relaxing)
 .debug_str     0x000000000007f024       0xd3 ./Core/Src/stm32f4xx_hal_msp.o
                                      0x7ef48 (size before relaxing)
 .debug_str     0x000000000007f0f7       0xc9 ./Core/Src/stm32f4xx_it.o
                                      0x7e919 (size before relaxing)
 .debug_str     0x000000000007f1c0       0xdb ./Core/Src/system_stm32f4xx.o
                                      0x7ea47 (size before relaxing)
 .debug_str     0x000000000007f29b       0x63 ./Core/Startup/startup_stm32f401ccux.o
 .debug_str     0x000000000007f2fe      0x9ae ./Drivers/STM32F4xx_HAL_Driver/Src/stm32f4xx_hal.o
                                      0x7f469 (size before relaxing)
 .debug_str     0x000000000007fcac      0x354 ./Drivers/STM32F4xx_HAL_Driver/Src/stm32f4xx_hal_cortex.o
                                      0x7f18a (size before relaxing)
 .debug_str     0x0000000000080000      0x15d ./Drivers/STM32F4xx_HAL_Driver/Src/stm32f4xx_hal_gpio.o
                                      0x7ebc2 (size before relaxing)
 .debug_str     0x000000000008015d      0xafd ./Drivers/STM32F4xx_HAL_Driver/Src/stm32f4xx_hal_i2c.o
                                      0x7fa05 (size before relaxing)
 .debug_str     0x0000000000080c5a      0x213 ./Drivers/STM32F4xx_HAL_Driver/Src/stm32f4xx_hal_rcc.o
                                      0x7ee7b (size before relaxing)

.comment        0x0000000000000000       0x50
 .comment       0x0000000000000000       0x50 ./Core/LIBRERIA/LCD_I2C.o
                                         0x51 (size before relaxing)
 .comment       0x0000000000000050       0x51 ./Core/Src/main.o
 .comment       0x0000000000000050       0x51 ./Core/Src/stm32f4xx_hal_msp.o
 .comment       0x0000000000000050       0x51 ./Core/Src/stm32f4xx_it.o
 .comment       0x0000000000000050       0x51 ./Core/Src/system_stm32f4xx.o
 .comment       0x0000000000000050       0x51 ./Drivers/STM32F4xx_HAL_Driver/Src/stm32f4xx_hal.o
 .comment       0x0000000000000050       0x51 ./Drivers/STM32F4xx_HAL_Driver/Src/stm32f4xx_hal_cortex.o
 .comment       0x0000000000000050       0x51 ./Drivers/STM32F4xx_HAL_Driver/Src/stm32f4xx_hal_gpio.o
 .comment       0x0000000000000050       0x51 ./Drivers/STM32F4xx_HAL_Driver/Src/stm32f4xx_hal_i2c.o
 .comment       0x0000000000000050       0x51 ./Drivers/STM32F4xx_HAL_Driver/Src/stm32f4xx_hal_rcc.o

.debug_frame    0x0000000000000000     0x1c10
 .debug_frame   0x0000000000000000      0x134 ./Core/LIBRERIA/LCD_I2C.o
 .debug_frame   0x0000000000000134       0xac ./Core/Src/main.o
 .debug_frame   0x00000000000001e0       0x80 ./Core/Src/stm32f4xx_hal_msp.o
 .debug_frame   0x0000000000000260      0x104 ./Core/Src/stm32f4xx_it.o
 .debug_frame   0x0000000000000364       0x58 ./Core/Src/system_stm32f4xx.o
 .debug_frame   0x00000000000003bc      0x374 ./Drivers/STM32F4xx_HAL_Driver/Src/stm32f4xx_hal.o
 .debug_frame   0x0000000000000730      0x498 ./Drivers/STM32F4xx_HAL_Driver/Src/stm32f4xx_hal_cortex.o
 .debug_frame   0x0000000000000bc8      0x14c ./Drivers/STM32F4xx_HAL_Driver/Src/stm32f4xx_hal_gpio.o
 .debug_frame   0x0000000000000d14      0xc5c ./Drivers/STM32F4xx_HAL_Driver/Src/stm32f4xx_hal_i2c.o
 .debug_frame   0x0000000000001970      0x1f4 ./Drivers/STM32F4xx_HAL_Driver/Src/stm32f4xx_hal_rcc.o
 .debug_frame   0x0000000000001b64       0x2c c:/st/stm32cubeide_1.11.0/stm32cubeide/plugins/com.st.stm32cube.ide.mcu.externaltools.gnu-tools-for-stm32.10.3-2021.10.win32_1.0.100.202210260954/tools/bin/../lib/gcc/arm-none-eabi/10.3.1/../../../../arm-none-eabi/lib/thumb/v7e-m+fp/hard\libc_nano.a(lib_a-init.o)
 .debug_frame   0x0000000000001b90       0x20 c:/st/stm32cubeide_1.11.0/stm32cubeide/plugins/com.st.stm32cube.ide.mcu.externaltools.gnu-tools-for-stm32.10.3-2021.10.win32_1.0.100.202210260954/tools/bin/../lib/gcc/arm-none-eabi/10.3.1/../../../../arm-none-eabi/lib/thumb/v7e-m+fp/hard\libc_nano.a(lib_a-memset.o)
 .debug_frame   0x0000000000001bb0       0x2c c:/st/stm32cubeide_1.11.0/stm32cubeide/plugins/com.st.stm32cube.ide.mcu.externaltools.gnu-tools-for-stm32.10.3-2021.10.win32_1.0.100.202210260954/tools/bin/../lib/gcc/arm-none-eabi/10.3.1/thumb/v7e-m+fp/hard\libgcc.a(_aeabi_uldivmod.o)
 .debug_frame   0x0000000000001bdc       0x34 c:/st/stm32cubeide_1.11.0/stm32cubeide/plugins/com.st.stm32cube.ide.mcu.externaltools.gnu-tools-for-stm32.10.3-2021.10.win32_1.0.100.202210260954/tools/bin/../lib/gcc/arm-none-eabi/10.3.1/thumb/v7e-m+fp/hard\libgcc.a(_udivmoddi4.o)
