16:13:03 **** Build of configuration Debug for project LCD_1 ****
make -j8 all 
arm-none-eabi-gcc "../Drivers/STM32F4xx_HAL_Driver/Src/stm32f4xx_hal.c" -mcpu=cortex-m4 -std=gnu11 -g3 -DDEBUG -DUSE_HAL_DRIVER -DSTM32F411xE -c -I../Core/Inc -I../Drivers/STM32F4xx_HAL_Driver/Inc -I../Drivers/STM32F4xx_HAL_Driver/Inc/Legacy -I../Drivers/CMSIS/Device/ST/STM32F4xx/Include -I../Drivers/CMSIS/Include -O0 -ffunction-sections -fdata-sections -Wall -fstack-usage -fcyclomatic-complexity -MMD -MP -MF"Drivers/STM32F4xx_HAL_Driver/Src/stm32f4xx_hal.d" -MT"Drivers/STM32F4xx_HAL_Driver/Src/stm32f4xx_hal.o" --specs=nano.specs -mfpu=fpv4-sp-d16 -mfloat-abi=hard -mthumb -o "Drivers/STM32F4xx_HAL_Driver/Src/stm32f4xx_hal.o"
arm-none-eabi-gcc "../Drivers/STM32F4xx_HAL_Driver/Src/stm32f4xx_hal_cortex.c" -mcpu=cortex-m4 -std=gnu11 -g3 -DDEBUG -DUSE_HAL_DRIVER -DSTM32F411xE -c -I../Core/Inc -I../Drivers/STM32F4xx_HAL_Driver/Inc -I../Drivers/STM32F4xx_HAL_Driver/Inc/Legacy -I../Drivers/CMSIS/Device/ST/STM32F4xx/Include -I../Drivers/CMSIS/Include -O0 -ffunction-sections -fdata-sections -Wall -fstack-usage -fcyclomatic-complexity -MMD -MP -MF"Drivers/STM32F4xx_HAL_Driver/Src/stm32f4xx_hal_cortex.d" -MT"Drivers/STM32F4xx_HAL_Driver/Src/stm32f4xx_hal_cortex.o" --specs=nano.specs -mfpu=fpv4-sp-d16 -mfloat-abi=hard -mthumb -o "Drivers/STM32F4xx_HAL_Driver/Src/stm32f4xx_hal_cortex.o"
arm-none-eabi-gcc "../Drivers/STM32F4xx_HAL_Driver/Src/stm32f4xx_hal_dma.c" -mcpu=cortex-m4 -std=gnu11 -g3 -DDEBUG -DUSE_HAL_DRIVER -DSTM32F411xE -c -I../Core/Inc -I../Drivers/STM32F4xx_HAL_Driver/Inc -I../Drivers/STM32F4xx_HAL_Driver/Inc/Legacy -I../Drivers/CMSIS/Device/ST/STM32F4xx/Include -I../Drivers/CMSIS/Include -O0 -ffunction-sections -fdata-sections -Wall -fstack-usage -fcyclomatic-complexity -MMD -MP -MF"Drivers/STM32F4xx_HAL_Driver/Src/stm32f4xx_hal_dma.d" -MT"Drivers/STM32F4xx_HAL_Driver/Src/stm32f4xx_hal_dma.o" --specs=nano.specs -mfpu=fpv4-sp-d16 -mfloat-abi=hard -mthumb -o "Drivers/STM32F4xx_HAL_Driver/Src/stm32f4xx_hal_dma.o"
arm-none-eabi-gcc "../Drivers/STM32F4xx_HAL_Driver/Src/stm32f4xx_hal_dma_ex.c" -mcpu=cortex-m4 -std=gnu11 -g3 -DDEBUG -DUSE_HAL_DRIVER -DSTM32F411xE -c -I../Core/Inc -I../Drivers/STM32F4xx_HAL_Driver/Inc -I../Drivers/STM32F4xx_HAL_Driver/Inc/Legacy -I../Drivers/CMSIS/Device/ST/STM32F4xx/Include -I../Drivers/CMSIS/Include -O0 -ffunction-sections -fdata-sections -Wall -fstack-usage -fcyclomatic-complexity -MMD -MP -MF"Drivers/STM32F4xx_HAL_Driver/Src/stm32f4xx_hal_dma_ex.d" -MT"Drivers/STM32F4xx_HAL_Driver/Src/stm32f4xx_hal_dma_ex.o" --specs=nano.specs -mfpu=fpv4-sp-d16 -mfloat-abi=hard -mthumb -o "Drivers/STM32F4xx_HAL_Driver/Src/stm32f4xx_hal_dma_ex.o"
arm-none-eabi-gcc "../Drivers/STM32F4xx_HAL_Driver/Src/stm32f4xx_hal_exti.c" -mcpu=cortex-m4 -std=gnu11 -g3 -DDEBUG -DUSE_HAL_DRIVER -DSTM32F411xE -c -I../Core/Inc -I../Drivers/STM32F4xx_HAL_Driver/Inc -I../Drivers/STM32F4xx_HAL_Driver/Inc/Legacy -I../Drivers/CMSIS/Device/ST/STM32F4xx/Include -I../Drivers/CMSIS/Include -O0 -ffunction-sections -fdata-sections -Wall -fstack-usage -fcyclomatic-complexity -MMD -MP -MF"Drivers/STM32F4xx_HAL_Driver/Src/stm32f4xx_hal_exti.d" -MT"Drivers/STM32F4xx_HAL_Driver/Src/stm32f4xx_hal_exti.o" --specs=nano.specs -mfpu=fpv4-sp-d16 -mfloat-abi=hard -mthumb -o "Drivers/STM32F4xx_HAL_Driver/Src/stm32f4xx_hal_exti.o"
arm-none-eabi-gcc "../Drivers/STM32F4xx_HAL_Driver/Src/stm32f4xx_hal_flash.c" -mcpu=cortex-m4 -std=gnu11 -g3 -DDEBUG -DUSE_HAL_DRIVER -DSTM32F411xE -c -I../Core/Inc -I../Drivers/STM32F4xx_HAL_Driver/Inc -I../Drivers/STM32F4xx_HAL_Driver/Inc/Legacy -I../Drivers/CMSIS/Device/ST/STM32F4xx/Include -I../Drivers/CMSIS/Include -O0 -ffunction-sections -fdata-sections -Wall -fstack-usage -fcyclomatic-complexity -MMD -MP -MF"Drivers/STM32F4xx_HAL_Driver/Src/stm32f4xx_hal_flash.d" -MT"Drivers/STM32F4xx_HAL_Driver/Src/stm32f4xx_hal_flash.o" --specs=nano.specs -mfpu=fpv4-sp-d16 -mfloat-abi=hard -mthumb -o "Drivers/STM32F4xx_HAL_Driver/Src/stm32f4xx_hal_flash.o"
arm-none-eabi-gcc "../Drivers/STM32F4xx_HAL_Driver/Src/stm32f4xx_hal_flash_ex.c" -mcpu=cortex-m4 -std=gnu11 -g3 -DDEBUG -DUSE_HAL_DRIVER -DSTM32F411xE -c -I../Core/Inc -I../Drivers/STM32F4xx_HAL_Driver/Inc -I../Drivers/STM32F4xx_HAL_Driver/Inc/Legacy -I../Drivers/CMSIS/Device/ST/STM32F4xx/Include -I../Drivers/CMSIS/Include -O0 -ffunction-sections -fdata-sections -Wall -fstack-usage -fcyclomatic-complexity -MMD -MP -MF"Drivers/STM32F4xx_HAL_Driver/Src/stm32f4xx_hal_flash_ex.d" -MT"Drivers/STM32F4xx_HAL_Driver/Src/stm32f4xx_hal_flash_ex.o" --specs=nano.specs -mfpu=fpv4-sp-d16 -mfloat-abi=hard -mthumb -o "Drivers/STM32F4xx_HAL_Driver/Src/stm32f4xx_hal_flash_ex.o"
arm-none-eabi-gcc "../Drivers/STM32F4xx_HAL_Driver/Src/stm32f4xx_hal_flash_ramfunc.c" -mcpu=cortex-m4 -std=gnu11 -g3 -DDEBUG -DUSE_HAL_DRIVER -DSTM32F411xE -c -I../Core/Inc -I../Drivers/STM32F4xx_HAL_Driver/Inc -I../Drivers/STM32F4xx_HAL_Driver/Inc/Legacy -I../Drivers/CMSIS/Device/ST/STM32F4xx/Include -I../Drivers/CMSIS/Include -O0 -ffunction-sections -fdata-sections -Wall -fstack-usage -fcyclomatic-complexity -MMD -MP -MF"Drivers/STM32F4xx_HAL_Driver/Src/stm32f4xx_hal_flash_ramfunc.d" -MT"Drivers/STM32F4xx_HAL_Driver/Src/stm32f4xx_hal_flash_ramfunc.o" --specs=nano.specs -mfpu=fpv4-sp-d16 -mfloat-abi=hard -mthumb -o "Drivers/STM32F4xx_HAL_Driver/Src/stm32f4xx_hal_flash_ramfunc.o"
arm-none-eabi-gcc "../Drivers/STM32F4xx_HAL_Driver/Src/stm32f4xx_hal_gpio.c" -mcpu=cortex-m4 -std=gnu11 -g3 -DDEBUG -DUSE_HAL_DRIVER -DSTM32F411xE -c -I../Core/Inc -I../Drivers/STM32F4xx_HAL_Driver/Inc -I../Drivers/STM32F4xx_HAL_Driver/Inc/Legacy -I../Drivers/CMSIS/Device/ST/STM32F4xx/Include -I../Drivers/CMSIS/Include -O0 -ffunction-sections -fdata-sections -Wall -fstack-usage -fcyclomatic-complexity -MMD -MP -MF"Drivers/STM32F4xx_HAL_Driver/Src/stm32f4xx_hal_gpio.d" -MT"Drivers/STM32F4xx_HAL_Driver/Src/stm32f4xx_hal_gpio.o" --specs=nano.specs -mfpu=fpv4-sp-d16 -mfloat-abi=hard -mthumb -o "Drivers/STM32F4xx_HAL_Driver/Src/stm32f4xx_hal_gpio.o"
arm-none-eabi-gcc "../Drivers/STM32F4xx_HAL_Driver/Src/stm32f4xx_hal_pwr.c" -mcpu=cortex-m4 -std=gnu11 -g3 -DDEBUG -DUSE_HAL_DRIVER -DSTM32F411xE -c -I../Core/Inc -I../Drivers/STM32F4xx_HAL_Driver/Inc -I../Drivers/STM32F4xx_HAL_Driver/Inc/Legacy -I../Drivers/CMSIS/Device/ST/STM32F4xx/Include -I../Drivers/CMSIS/Include -O0 -ffunction-sections -fdata-sections -Wall -fstack-usage -fcyclomatic-complexity -MMD -MP -MF"Drivers/STM32F4xx_HAL_Driver/Src/stm32f4xx_hal_pwr.d" -MT"Drivers/STM32F4xx_HAL_Driver/Src/stm32f4xx_hal_pwr.o" --specs=nano.specs -mfpu=fpv4-sp-d16 -mfloat-abi=hard -mthumb -o "Drivers/STM32F4xx_HAL_Driver/Src/stm32f4xx_hal_pwr.o"
arm-none-eabi-gcc "../Drivers/STM32F4xx_HAL_Driver/Src/stm32f4xx_hal_pwr_ex.c" -mcpu=cortex-m4 -std=gnu11 -g3 -DDEBUG -DUSE_HAL_DRIVER -DSTM32F411xE -c -I../Core/Inc -I../Drivers/STM32F4xx_HAL_Driver/Inc -I../Drivers/STM32F4xx_HAL_Driver/Inc/Legacy -I../Drivers/CMSIS/Device/ST/STM32F4xx/Include -I../Drivers/CMSIS/Include -O0 -ffunction-sections -fdata-sections -Wall -fstack-usage -fcyclomatic-complexity -MMD -MP -MF"Drivers/STM32F4xx_HAL_Driver/Src/stm32f4xx_hal_pwr_ex.d" -MT"Drivers/STM32F4xx_HAL_Driver/Src/stm32f4xx_hal_pwr_ex.o" --specs=nano.specs -mfpu=fpv4-sp-d16 -mfloat-abi=hard -mthumb -o "Drivers/STM32F4xx_HAL_Driver/Src/stm32f4xx_hal_pwr_ex.o"
arm-none-eabi-gcc "../Drivers/STM32F4xx_HAL_Driver/Src/stm32f4xx_hal_rcc.c" -mcpu=cortex-m4 -std=gnu11 -g3 -DDEBUG -DUSE_HAL_DRIVER -DSTM32F411xE -c -I../Core/Inc -I../Drivers/STM32F4xx_HAL_Driver/Inc -I../Drivers/STM32F4xx_HAL_Driver/Inc/Legacy -I../Drivers/CMSIS/Device/ST/STM32F4xx/Include -I../Drivers/CMSIS/Include -O0 -ffunction-sections -fdata-sections -Wall -fstack-usage -fcyclomatic-complexity -MMD -MP -MF"Drivers/STM32F4xx_HAL_Driver/Src/stm32f4xx_hal_rcc.d" -MT"Drivers/STM32F4xx_HAL_Driver/Src/stm32f4xx_hal_rcc.o" --specs=nano.specs -mfpu=fpv4-sp-d16 -mfloat-abi=hard -mthumb -o "Drivers/STM32F4xx_HAL_Driver/Src/stm32f4xx_hal_rcc.o"
arm-none-eabi-gcc "../Drivers/STM32F4xx_HAL_Driver/Src/stm32f4xx_hal_rcc_ex.c" -mcpu=cortex-m4 -std=gnu11 -g3 -DDEBUG -DUSE_HAL_DRIVER -DSTM32F411xE -c -I../Core/Inc -I../Drivers/STM32F4xx_HAL_Driver/Inc -I../Drivers/STM32F4xx_HAL_Driver/Inc/Legacy -I../Drivers/CMSIS/Device/ST/STM32F4xx/Include -I../Drivers/CMSIS/Include -O0 -ffunction-sections -fdata-sections -Wall -fstack-usage -fcyclomatic-complexity -MMD -MP -MF"Drivers/STM32F4xx_HAL_Driver/Src/stm32f4xx_hal_rcc_ex.d" -MT"Drivers/STM32F4xx_HAL_Driver/Src/stm32f4xx_hal_rcc_ex.o" --specs=nano.specs -mfpu=fpv4-sp-d16 -mfloat-abi=hard -mthumb -o "Drivers/STM32F4xx_HAL_Driver/Src/stm32f4xx_hal_rcc_ex.o"
arm-none-eabi-gcc "../Drivers/STM32F4xx_HAL_Driver/Src/stm32f4xx_hal_tim.c" -mcpu=cortex-m4 -std=gnu11 -g3 -DDEBUG -DUSE_HAL_DRIVER -DSTM32F411xE -c -I../Core/Inc -I../Drivers/STM32F4xx_HAL_Driver/Inc -I../Drivers/STM32F4xx_HAL_Driver/Inc/Legacy -I../Drivers/CMSIS/Device/ST/STM32F4xx/Include -I../Drivers/CMSIS/Include -O0 -ffunction-sections -fdata-sections -Wall -fstack-usage -fcyclomatic-complexity -MMD -MP -MF"Drivers/STM32F4xx_HAL_Driver/Src/stm32f4xx_hal_tim.d" -MT"Drivers/STM32F4xx_HAL_Driver/Src/stm32f4xx_hal_tim.o" --specs=nano.specs -mfpu=fpv4-sp-d16 -mfloat-abi=hard -mthumb -o "Drivers/STM32F4xx_HAL_Driver/Src/stm32f4xx_hal_tim.o"
arm-none-eabi-gcc "../Drivers/STM32F4xx_HAL_Driver/Src/stm32f4xx_hal_tim_ex.c" -mcpu=cortex-m4 -std=gnu11 -g3 -DDEBUG -DUSE_HAL_DRIVER -DSTM32F411xE -c -I../Core/Inc -I../Drivers/STM32F4xx_HAL_Driver/Inc -I../Drivers/STM32F4xx_HAL_Driver/Inc/Legacy -I../Drivers/CMSIS/Device/ST/STM32F4xx/Include -I../Drivers/CMSIS/Include -O0 -ffunction-sections -fdata-sections -Wall -fstack-usage -fcyclomatic-complexity -MMD -MP -MF"Drivers/STM32F4xx_HAL_Driver/Src/stm32f4xx_hal_tim_ex.d" -MT"Drivers/STM32F4xx_HAL_Driver/Src/stm32f4xx_hal_tim_ex.o" --specs=nano.specs -mfpu=fpv4-sp-d16 -mfloat-abi=hard -mthumb -o "Drivers/STM32F4xx_HAL_Driver/Src/stm32f4xx_hal_tim_ex.o"
arm-none-eabi-gcc -mcpu=cortex-m4 -g3 -DDEBUG -c -x assembler-with-cpp -MMD -MP -MF"Core/Startup/startup_stm32f411retx.d" -MT"Core/Startup/startup_stm32f411retx.o" --specs=nano.specs -mfpu=fpv4-sp-d16 -mfloat-abi=hard -mthumb -o "Core/Startup/startup_stm32f411retx.o" "../Core/Startup/startup_stm32f411retx.s"
arm-none-eabi-gcc "../Core/Src/main.c" -mcpu=cortex-m4 -std=gnu11 -g3 -DDEBUG -DUSE_HAL_DRIVER -DSTM32F411xE -c -I../Core/Inc -I../Drivers/STM32F4xx_HAL_Driver/Inc -I../Drivers/STM32F4xx_HAL_Driver/Inc/Legacy -I../Drivers/CMSIS/Device/ST/STM32F4xx/Include -I../Drivers/CMSIS/Include -O0 -ffunction-sections -fdata-sections -Wall -fstack-usage -fcyclomatic-complexity -MMD -MP -MF"Core/Src/main.d" -MT"Core/Src/main.o" --specs=nano.specs -mfpu=fpv4-sp-d16 -mfloat-abi=hard -mthumb -o "Core/Src/main.o"
arm-none-eabi-gcc "../Core/Src/stm32f4xx_hal_msp.c" -mcpu=cortex-m4 -std=gnu11 -g3 -DDEBUG -DUSE_HAL_DRIVER -DSTM32F411xE -c -I../Core/Inc -I../Drivers/STM32F4xx_HAL_Driver/Inc -I../Drivers/STM32F4xx_HAL_Driver/Inc/Legacy -I../Drivers/CMSIS/Device/ST/STM32F4xx/Include -I../Drivers/CMSIS/Include -O0 -ffunction-sections -fdata-sections -Wall -fstack-usage -fcyclomatic-complexity -MMD -MP -MF"Core/Src/stm32f4xx_hal_msp.d" -MT"Core/Src/stm32f4xx_hal_msp.o" --specs=nano.specs -mfpu=fpv4-sp-d16 -mfloat-abi=hard -mthumb -o "Core/Src/stm32f4xx_hal_msp.o"
arm-none-eabi-gcc "../Core/Src/stm32f4xx_it.c" -mcpu=cortex-m4 -std=gnu11 -g3 -DDEBUG -DUSE_HAL_DRIVER -DSTM32F411xE -c -I../Core/Inc -I../Drivers/STM32F4xx_HAL_Driver/Inc -I../Drivers/STM32F4xx_HAL_Driver/Inc/Legacy -I../Drivers/CMSIS/Device/ST/STM32F4xx/Include -I../Drivers/CMSIS/Include -O0 -ffunction-sections -fdata-sections -Wall -fstack-usage -fcyclomatic-complexity -MMD -MP -MF"Core/Src/stm32f4xx_it.d" -MT"Core/Src/stm32f4xx_it.o" --specs=nano.specs -mfpu=fpv4-sp-d16 -mfloat-abi=hard -mthumb -o "Core/Src/stm32f4xx_it.o"
arm-none-eabi-gcc "../Core/Src/syscalls.c" -mcpu=cortex-m4 -std=gnu11 -g3 -DDEBUG -DUSE_HAL_DRIVER -DSTM32F411xE -c -I../Core/Inc -I../Drivers/STM32F4xx_HAL_Driver/Inc -I../Drivers/STM32F4xx_HAL_Driver/Inc/Legacy -I../Drivers/CMSIS/Device/ST/STM32F4xx/Include -I../Drivers/CMSIS/Include -O0 -ffunction-sections -fdata-sections -Wall -fstack-usage -fcyclomatic-complexity -MMD -MP -MF"Core/Src/syscalls.d" -MT"Core/Src/syscalls.o" --specs=nano.specs -mfpu=fpv4-sp-d16 -mfloat-abi=hard -mthumb -o "Core/Src/syscalls.o"
arm-none-eabi-gcc "../Core/Src/sysmem.c" -mcpu=cortex-m4 -std=gnu11 -g3 -DDEBUG -DUSE_HAL_DRIVER -DSTM32F411xE -c -I../Core/Inc -I../Drivers/STM32F4xx_HAL_Driver/Inc -I../Drivers/STM32F4xx_HAL_Driver/Inc/Legacy -I../Drivers/CMSIS/Device/ST/STM32F4xx/Include -I../Drivers/CMSIS/Include -O0 -ffunction-sections -fdata-sections -Wall -fstack-usage -fcyclomatic-complexity -MMD -MP -MF"Core/Src/sysmem.d" -MT"Core/Src/sysmem.o" --specs=nano.specs -mfpu=fpv4-sp-d16 -mfloat-abi=hard -mthumb -o "Core/Src/sysmem.o"
arm-none-eabi-gcc "../Core/Src/system_stm32f4xx.c" -mcpu=cortex-m4 -std=gnu11 -g3 -DDEBUG -DUSE_HAL_DRIVER -DSTM32F411xE -c -I../Core/Inc -I../Drivers/STM32F4xx_HAL_Driver/Inc -I../Drivers/STM32F4xx_HAL_Driver/Inc/Legacy -I../Drivers/CMSIS/Device/ST/STM32F4xx/Include -I../Drivers/CMSIS/Include -O0 -ffunction-sections -fdata-sections -Wall -fstack-usage -fcyclomatic-complexity -MMD -MP -MF"Core/Src/system_stm32f4xx.d" -MT"Core/Src/system_stm32f4xx.o" --specs=nano.specs -mfpu=fpv4-sp-d16 -mfloat-abi=hard -mthumb -o "Core/Src/system_stm32f4xx.o"
arm-none-eabi-gcc "../Core/Librerias/lcd.c" -mcpu=cortex-m4 -std=gnu11 -g3 -DDEBUG -DUSE_HAL_DRIVER -DSTM32F411xE -c -I../Core/Inc -I../Drivers/STM32F4xx_HAL_Driver/Inc -I../Drivers/STM32F4xx_HAL_Driver/Inc/Legacy -I../Drivers/CMSIS/Device/ST/STM32F4xx/Include -I../Drivers/CMSIS/Include -O0 -ffunction-sections -fdata-sections -Wall -fstack-usage -fcyclomatic-complexity -MMD -MP -MF"Core/Librerias/lcd.d" -MT"Core/Librerias/lcd.o" --specs=nano.specs -mfpu=fpv4-sp-d16 -mfloat-abi=hard -mthumb -o "Core/Librerias/lcd.o"
arm-none-eabi-gcc -o "LCD_1.elf" @"objects.list"   -mcpu=cortex-m4 -T"C:\Users\57310\STMCubeIDE_1.13.2\Curso_2023_2\LCD\LCD_1\STM32F411RETX_FLASH.ld" --specs=nosys.specs -Wl,-Map="LCD_1.map" -Wl,--gc-sections -static --specs=nano.specs -mfpu=fpv4-sp-d16 -mfloat-abi=hard -mthumb -Wl,--start-group -lc -lm -Wl,--end-group
Finished building target: LCD_1.elf
 
arm-none-eabi-size   LCD_1.elf 
arm-none-eabi-objdump -h -S  LCD_1.elf  > "LCD_1.list"
   text	   data	    bss	    dec	    hex	filename
   4832	     20	   1572	   6424	   1918	LCD_1.elf
Finished building: default.size.stdout
 
Finished building: LCD_1.list
 
16:35:02 **** Incremental Build of configuration Debug for project LCD_1 ****
make -j8 all 
arm-none-eabi-gcc "../Core/Src/main.c" -mcpu=cortex-m4 -std=gnu11 -g3 -DDEBUG -DUSE_HAL_DRIVER -DSTM32F411xE -c -I../Core/Inc -I../Drivers/STM32F4xx_HAL_Driver/Inc -I../Drivers/STM32F4xx_HAL_Driver/Inc/Legacy -I../Drivers/CMSIS/Device/ST/STM32F4xx/Include -I../Drivers/CMSIS/Include -O0 -ffunction-sections -fdata-sections -Wall -fstack-usage -fcyclomatic-complexity -MMD -MP -MF"Core/Src/main.d" -MT"Core/Src/main.o" --specs=nano.specs -mfpu=fpv4-sp-d16 -mfloat-abi=hard -mthumb -o "Core/Src/main.o"
arm-none-eabi-gcc "../Core/Src/stm32f4xx_hal_msp.c" -mcpu=cortex-m4 -std=gnu11 -g3 -DDEBUG -DUSE_HAL_DRIVER -DSTM32F411xE -c -I../Core/Inc -I../Drivers/STM32F4xx_HAL_Driver/Inc -I../Drivers/STM32F4xx_HAL_Driver/Inc/Legacy -I../Drivers/CMSIS/Device/ST/STM32F4xx/Include -I../Drivers/CMSIS/Include -O0 -ffunction-sections -fdata-sections -Wall -fstack-usage -fcyclomatic-complexity -MMD -MP -MF"Core/Src/stm32f4xx_hal_msp.d" -MT"Core/Src/stm32f4xx_hal_msp.o" --specs=nano.specs -mfpu=fpv4-sp-d16 -mfloat-abi=hard -mthumb -o "Core/Src/stm32f4xx_hal_msp.o"
arm-none-eabi-gcc "../Core/Src/stm32f4xx_it.c" -mcpu=cortex-m4 -std=gnu11 -g3 -DDEBUG -DUSE_HAL_DRIVER -DSTM32F411xE -c -I../Core/Inc -I../Drivers/STM32F4xx_HAL_Driver/Inc -I../Drivers/STM32F4xx_HAL_Driver/Inc/Legacy -I../Drivers/CMSIS/Device/ST/STM32F4xx/Include -I../Drivers/CMSIS/Include -O0 -ffunction-sections -fdata-sections -Wall -fstack-usage -fcyclomatic-complexity -MMD -MP -MF"Core/Src/stm32f4xx_it.d" -MT"Core/Src/stm32f4xx_it.o" --specs=nano.specs -mfpu=fpv4-sp-d16 -mfloat-abi=hard -mthumb -o "Core/Src/stm32f4xx_it.o"
arm-none-eabi-gcc "../Core/Librerias/lcd.c" -mcpu=cortex-m4 -std=gnu11 -g3 -DDEBUG -DUSE_HAL_DRIVER -DSTM32F411xE -c -I../Core/Inc -I../Drivers/STM32F4xx_HAL_Driver/Inc -I../Drivers/STM32F4xx_HAL_Driver/Inc/Legacy -I../Drivers/CMSIS/Device/ST/STM32F4xx/Include -I../Drivers/CMSIS/Include -O0 -ffunction-sections -fdata-sections -Wall -fstack-usage -fcyclomatic-complexity -MMD -MP -MF"Core/Librerias/lcd.d" -MT"Core/Librerias/lcd.o" --specs=nano.specs -mfpu=fpv4-sp-d16 -mfloat-abi=hard -mthumb -o "Core/Librerias/lcd.o"
../Core/Src/main.c:24:10: fatal error: lcd.h: No such file or directory
   24 | #include "lcd.h"
      |          ^~~~~~~
compilation terminated.
make: *** [Core/Src/subdir.mk:34: Core/Src/main.o] Error 1
make: *** Waiting for unfinished jobs....
"make -j8 all" terminated with exit code 2. Build might be incomplete.
16:35:56 **** Incremental Build of configuration Debug for project LCD_1 ****
make -j8 all 
arm-none-eabi-gcc "../Core/Src/lcd.c" -mcpu=cortex-m4 -std=gnu11 -g3 -DDEBUG -DUSE_HAL_DRIVER -DSTM32F411xE -c -I../Core/Inc -I../Drivers/STM32F4xx_HAL_Driver/Inc -I../Drivers/STM32F4xx_HAL_Driver/Inc/Legacy -I../Drivers/CMSIS/Device/ST/STM32F4xx/Include -I../Drivers/CMSIS/Include -O0 -ffunction-sections -fdata-sections -Wall -fstack-usage -fcyclomatic-complexity -MMD -MP -MF"Core/Src/lcd.d" -MT"Core/Src/lcd.o" --specs=nano.specs -mfpu=fpv4-sp-d16 -mfloat-abi=hard -mthumb -o "Core/Src/lcd.o"
arm-none-eabi-gcc "../Core/Src/main.c" -mcpu=cortex-m4 -std=gnu11 -g3 -DDEBUG -DUSE_HAL_DRIVER -DSTM32F411xE -c -I../Core/Inc -I../Drivers/STM32F4xx_HAL_Driver/Inc -I../Drivers/STM32F4xx_HAL_Driver/Inc/Legacy -I../Drivers/CMSIS/Device/ST/STM32F4xx/Include -I../Drivers/CMSIS/Include -O0 -ffunction-sections -fdata-sections -Wall -fstack-usage -fcyclomatic-complexity -MMD -MP -MF"Core/Src/main.d" -MT"Core/Src/main.o" --specs=nano.specs -mfpu=fpv4-sp-d16 -mfloat-abi=hard -mthumb -o "Core/Src/main.o"
arm-none-eabi-gcc "../Core/Src/stm32f4xx_hal_msp.c" -mcpu=cortex-m4 -std=gnu11 -g3 -DDEBUG -DUSE_HAL_DRIVER -DSTM32F411xE -c -I../Core/Inc -I../Drivers/STM32F4xx_HAL_Driver/Inc -I../Drivers/STM32F4xx_HAL_Driver/Inc/Legacy -I../Drivers/CMSIS/Device/ST/STM32F4xx/Include -I../Drivers/CMSIS/Include -O0 -ffunction-sections -fdata-sections -Wall -fstack-usage -fcyclomatic-complexity -MMD -MP -MF"Core/Src/stm32f4xx_hal_msp.d" -MT"Core/Src/stm32f4xx_hal_msp.o" --specs=nano.specs -mfpu=fpv4-sp-d16 -mfloat-abi=hard -mthumb -o "Core/Src/stm32f4xx_hal_msp.o"
arm-none-eabi-gcc "../Core/Src/stm32f4xx_it.c" -mcpu=cortex-m4 -std=gnu11 -g3 -DDEBUG -DUSE_HAL_DRIVER -DSTM32F411xE -c -I../Core/Inc -I../Drivers/STM32F4xx_HAL_Driver/Inc -I../Drivers/STM32F4xx_HAL_Driver/Inc/Legacy -I../Drivers/CMSIS/Device/ST/STM32F4xx/Include -I../Drivers/CMSIS/Include -O0 -ffunction-sections -fdata-sections -Wall -fstack-usage -fcyclomatic-complexity -MMD -MP -MF"Core/Src/stm32f4xx_it.d" -MT"Core/Src/stm32f4xx_it.o" --specs=nano.specs -mfpu=fpv4-sp-d16 -mfloat-abi=hard -mthumb -o "Core/Src/stm32f4xx_it.o"
arm-none-eabi-gcc "../Core/Src/syscalls.c" -mcpu=cortex-m4 -std=gnu11 -g3 -DDEBUG -DUSE_HAL_DRIVER -DSTM32F411xE -c -I../Core/Inc -I../Drivers/STM32F4xx_HAL_Driver/Inc -I../Drivers/STM32F4xx_HAL_Driver/Inc/Legacy -I../Drivers/CMSIS/Device/ST/STM32F4xx/Include -I../Drivers/CMSIS/Include -O0 -ffunction-sections -fdata-sections -Wall -fstack-usage -fcyclomatic-complexity -MMD -MP -MF"Core/Src/syscalls.d" -MT"Core/Src/syscalls.o" --specs=nano.specs -mfpu=fpv4-sp-d16 -mfloat-abi=hard -mthumb -o "Core/Src/syscalls.o"
arm-none-eabi-gcc "../Core/Src/sysmem.c" -mcpu=cortex-m4 -std=gnu11 -g3 -DDEBUG -DUSE_HAL_DRIVER -DSTM32F411xE -c -I../Core/Inc -I../Drivers/STM32F4xx_HAL_Driver/Inc -I../Drivers/STM32F4xx_HAL_Driver/Inc/Legacy -I../Drivers/CMSIS/Device/ST/STM32F4xx/Include -I../Drivers/CMSIS/Include -O0 -ffunction-sections -fdata-sections -Wall -fstack-usage -fcyclomatic-complexity -MMD -MP -MF"Core/Src/sysmem.d" -MT"Core/Src/sysmem.o" --specs=nano.specs -mfpu=fpv4-sp-d16 -mfloat-abi=hard -mthumb -o "Core/Src/sysmem.o"
arm-none-eabi-gcc "../Core/Src/system_stm32f4xx.c" -mcpu=cortex-m4 -std=gnu11 -g3 -DDEBUG -DUSE_HAL_DRIVER -DSTM32F411xE -c -I../Core/Inc -I../Drivers/STM32F4xx_HAL_Driver/Inc -I../Drivers/STM32F4xx_HAL_Driver/Inc/Legacy -I../Drivers/CMSIS/Device/ST/STM32F4xx/Include -I../Drivers/CMSIS/Include -O0 -ffunction-sections -fdata-sections -Wall -fstack-usage -fcyclomatic-complexity -MMD -MP -MF"Core/Src/system_stm32f4xx.d" -MT"Core/Src/system_stm32f4xx.o" --specs=nano.specs -mfpu=fpv4-sp-d16 -mfloat-abi=hard -mthumb -o "Core/Src/system_stm32f4xx.o"
arm-none-eabi-gcc -o "LCD_1.elf" @"objects.list"   -mcpu=cortex-m4 -T"C:\Users\57310\STMCubeIDE_1.13.2\Curso_2023_2\LCD\LCD_1\STM32F411RETX_FLASH.ld" --specs=nosys.specs -Wl,-Map="LCD_1.map" -Wl,--gc-sections -static --specs=nano.specs -mfpu=fpv4-sp-d16 -mfloat-abi=hard -mthumb -Wl,--start-group -lc -lm -Wl,--end-group
C:/ST/STM32CubeIDE_1.13.2/STM32CubeIDE/plugins/com.st.stm32cube.ide.mcu.externaltools.gnu-tools-for-stm32.11.3.rel1.win32_1.1.1.202309131626/tools/bin/../lib/gcc/arm-none-eabi/11.3.1/../../../../arm-none-eabi/bin/ld.exe: ./Core/Src/lcd.o: in function `lcd_begin':
C:/Users/57310/STMCubeIDE_1.13.2/Curso_2023_2/LCD/LCD_1/Debug/../Core/Src/lcd.c:24: multiple definition of `lcd_begin'; ./Core/Librerias/lcd.o:C:/Users/57310/STMCubeIDE_1.13.2/Curso_2023_2/LCD/LCD_1/Debug/../Core/Librerias/lcd.c:24: first defined here
C:/ST/STM32CubeIDE_1.13.2/STM32CubeIDE/plugins/com.st.stm32cube.ide.mcu.externaltools.gnu-tools-for-stm32.11.3.rel1.win32_1.1.1.202309131626/tools/bin/../lib/gcc/arm-none-eabi/11.3.1/../../../../arm-none-eabi/bin/ld.exe: ./Core/Src/lcd.o: in function `lcd_display':
C:/Users/57310/STMCubeIDE_1.13.2/Curso_2023_2/LCD/LCD_1/Debug/../Core/Src/lcd.c:80: multiple definition of `lcd_display'; ./Core/Librerias/lcd.o:C:/Users/57310/STMCubeIDE_1.13.2/Curso_2023_2/LCD/LCD_1/Debug/../Core/Librerias/lcd.c:80: first defined here
C:/ST/STM32CubeIDE_1.13.2/STM32CubeIDE/plugins/com.st.stm32cube.ide.mcu.externaltools.gnu-tools-for-stm32.11.3.rel1.win32_1.1.1.202309131626/tools/bin/../lib/gcc/arm-none-eabi/11.3.1/../../../../arm-none-eabi/bin/ld.exe: ./Core/Src/lcd.o: in function `lcd_clear':
C:/Users/57310/STMCubeIDE_1.13.2/Curso_2023_2/LCD/LCD_1/Debug/../Core/Src/lcd.c:60: multiple definition of `lcd_clear'; ./Core/Librerias/lcd.o:C:/Users/57310/STMCubeIDE_1.13.2/Curso_2023_2/LCD/LCD_1/Debug/../Core/Librerias/lcd.c:60: first defined here
C:/ST/STM32CubeIDE_1.13.2/STM32CubeIDE/plugins/com.st.stm32cube.ide.mcu.externaltools.gnu-tools-for-stm32.11.3.rel1.win32_1.1.1.202309131626/tools/bin/../lib/gcc/arm-none-eabi/11.3.1/../../../../arm-none-eabi/bin/ld.exe: ./Core/Src/lcd.o: in function `lcd_home':
C:/Users/57310/STMCubeIDE_1.13.2/Curso_2023_2/LCD/LCD_1/Debug/../Core/Src/lcd.c:66: multiple definition of `lcd_home'; ./Core/Librerias/lcd.o:C:/Users/57310/STMCubeIDE_1.13.2/Curso_2023_2/LCD/LCD_1/Debug/../Core/Librerias/lcd.c:66: first defined here
C:/ST/STM32CubeIDE_1.13.2/STM32CubeIDE/plugins/com.st.stm32cube.ide.mcu.externaltools.gnu-tools-for-stm32.11.3.rel1.win32_1.1.1.202309131626/tools/bin/../lib/gcc/arm-none-eabi/11.3.1/../../../../arm-none-eabi/bin/ld.exe: ./Core/Src/lcd.o: in function `lcd_noDisplay':
C:/Users/57310/STMCubeIDE_1.13.2/Curso_2023_2/LCD/LCD_1/Debug/../Core/Src/lcd.c:73: multiple definition of `lcd_noDisplay'; ./Core/Librerias/lcd.o:C:/Users/57310/STMCubeIDE_1.13.2/Curso_2023_2/LCD/LCD_1/Debug/../Core/Librerias/lcd.c:73: first defined here
C:/ST/STM32CubeIDE_1.13.2/STM32CubeIDE/plugins/com.st.stm32cube.ide.mcu.externaltools.gnu-tools-for-stm32.11.3.rel1.win32_1.1.1.202309131626/tools/bin/../lib/gcc/arm-none-eabi/11.3.1/../../../../arm-none-eabi/bin/ld.exe: ./Core/Src/lcd.o: in function `lcd_noBlink':
C:/Users/57310/STMCubeIDE_1.13.2/Curso_2023_2/LCD/LCD_1/Debug/../Core/Src/lcd.c:87: multiple definition of `lcd_noBlink'; ./Core/Librerias/lcd.o:C:/Users/57310/STMCubeIDE_1.13.2/Curso_2023_2/LCD/LCD_1/Debug/../Core/Librerias/lcd.c:87: first defined here
C:/ST/STM32CubeIDE_1.13.2/STM32CubeIDE/plugins/com.st.stm32cube.ide.mcu.externaltools.gnu-tools-for-stm32.11.3.rel1.win32_1.1.1.202309131626/tools/bin/../lib/gcc/arm-none-eabi/11.3.1/../../../../arm-none-eabi/bin/ld.exe: ./Core/Src/lcd.o: in function `lcd_blink':
C:/Users/57310/STMCubeIDE_1.13.2/Curso_2023_2/LCD/LCD_1/Debug/../Core/Src/lcd.c:94: multiple definition of `lcd_blink'; ./Core/Librerias/lcd.o:C:/Users/57310/STMCubeIDE_1.13.2/Curso_2023_2/LCD/LCD_1/Debug/../Core/Librerias/lcd.c:94: first defined here
C:/ST/STM32CubeIDE_1.13.2/STM32CubeIDE/plugins/com.st.stm32cube.ide.mcu.externaltools.gnu-tools-for-stm32.11.3.rel1.win32_1.1.1.202309131626/tools/bin/../lib/gcc/arm-none-eabi/11.3.1/../../../../arm-none-eabi/bin/ld.exe: ./Core/Src/lcd.o: in function `lcd_noCursor':
C:/Users/57310/STMCubeIDE_1.13.2/Curso_2023_2/LCD/LCD_1/Debug/../Core/Src/lcd.c:101: multiple definition of `lcd_noCursor'; ./Core/Librerias/lcd.o:C:/Users/57310/STMCubeIDE_1.13.2/Curso_2023_2/LCD/LCD_1/Debug/../Core/Librerias/lcd.c:101: first defined here
C:/ST/STM32CubeIDE_1.13.2/STM32CubeIDE/plugins/com.st.stm32cube.ide.mcu.externaltools.gnu-tools-for-stm32.11.3.rel1.win32_1.1.1.202309131626/tools/bin/../lib/gcc/arm-none-eabi/11.3.1/../../../../arm-none-eabi/bin/ld.exe: ./Core/Src/lcd.o: in function `lcd_cursor':
C:/Users/57310/STMCubeIDE_1.13.2/Curso_2023_2/LCD/LCD_1/Debug/../Core/Src/lcd.c:108: multiple definition of `lcd_cursor'; ./Core/Librerias/lcd.o:C:/Users/57310/STMCubeIDE_1.13.2/Curso_2023_2/LCD/LCD_1/Debug/../Core/Librerias/lcd.c:108: first defined here
C:/ST/STM32CubeIDE_1.13.2/STM32CubeIDE/plugins/com.st.stm32cube.ide.mcu.externaltools.gnu-tools-for-stm32.11.3.rel1.win32_1.1.1.202309131626/tools/bin/../lib/gcc/arm-none-eabi/11.3.1/../../../../arm-none-eabi/bin/ld.exe: ./Core/Src/lcd.o: in function `lcd_scrollDisplayLeft':
C:/Users/57310/STMCubeIDE_1.13.2/Curso_2023_2/LCD/LCD_1/Debug/../Core/Src/lcd.c:115: multiple definition of `lcd_scrollDisplayLeft'; ./Core/Librerias/lcd.o:C:/Users/57310/STMCubeIDE_1.13.2/Curso_2023_2/LCD/LCD_1/Debug/../Core/Librerias/lcd.c:115: first defined here
C:/ST/STM32CubeIDE_1.13.2/STM32CubeIDE/plugins/com.st.stm32cube.ide.mcu.externaltools.gnu-tools-for-stm32.11.3.rel1.win32_1.1.1.202309131626/tools/bin/../lib/gcc/arm-none-eabi/11.3.1/../../../../arm-none-eabi/bin/ld.exe: ./Core/Src/lcd.o: in function `lcd_scrollDisplayRight':
C:/Users/57310/STMCubeIDE_1.13.2/Curso_2023_2/LCD/LCD_1/Debug/../Core/Src/lcd.c:121: multiple definition of `lcd_scrollDisplayRight'; ./Core/Librerias/lcd.o:C:/Users/57310/STMCubeIDE_1.13.2/Curso_2023_2/LCD/LCD_1/Debug/../Core/Librerias/lcd.c:121: first defined here
C:/ST/STM32CubeIDE_1.13.2/STM32CubeIDE/plugins/com.st.stm32cube.ide.mcu.externaltools.gnu-tools-for-stm32.11.3.rel1.win32_1.1.1.202309131626/tools/bin/../lib/gcc/arm-none-eabi/11.3.1/../../../../arm-none-eabi/bin/ld.exe: ./Core/Src/lcd.o: in function `lcd_setCursor':
C:/Users/57310/STMCubeIDE_1.13.2/Curso_2023_2/LCD/LCD_1/Debug/../Core/Src/lcd.c:127: multiple definition of `lcd_setCursor'; ./Core/Librerias/lcd.o:C:/Users/57310/STMCubeIDE_1.13.2/Curso_2023_2/LCD/LCD_1/Debug/../Core/Librerias/lcd.c:127: first defined here
C:/ST/STM32CubeIDE_1.13.2/STM32CubeIDE/plugins/com.st.stm32cube.ide.mcu.externaltools.gnu-tools-for-stm32.11.3.rel1.win32_1.1.1.202309131626/tools/bin/../lib/gcc/arm-none-eabi/11.3.1/../../../../arm-none-eabi/bin/ld.exe: ./Core/Src/lcd.o: in function `lcd_print':
C:/Users/57310/STMCubeIDE_1.13.2/Curso_2023_2/LCD/LCD_1/Debug/../Core/Src/lcd.c:141: multiple definition of `lcd_print'; ./Core/Librerias/lcd.o:C:/Users/57310/STMCubeIDE_1.13.2/Curso_2023_2/LCD/LCD_1/Debug/../Core/Librerias/lcd.c:141: first defined here
C:/ST/STM32CubeIDE_1.13.2/STM32CubeIDE/plugins/com.st.stm32cube.ide.mcu.externaltools.gnu-tools-for-stm32.11.3.rel1.win32_1.1.1.202309131626/tools/bin/../lib/gcc/arm-none-eabi/11.3.1/../../../../arm-none-eabi/bin/ld.exe: ./Core/Src/lcd.o: in function `lcd_write':
C:/Users/57310/STMCubeIDE_1.13.2/Curso_2023_2/LCD/LCD_1/Debug/../Core/Src/lcd.c:148: multiple definition of `lcd_write'; ./Core/Librerias/lcd.o:C:/Users/57310/STMCubeIDE_1.13.2/Curso_2023_2/LCD/LCD_1/Debug/../Core/Librerias/lcd.c:148: first defined here
C:/ST/STM32CubeIDE_1.13.2/STM32CubeIDE/plugins/com.st.stm32cube.ide.mcu.externaltools.gnu-tools-for-stm32.11.3.rel1.win32_1.1.1.202309131626/tools/bin/../lib/gcc/arm-none-eabi/11.3.1/../../../../arm-none-eabi/bin/ld.exe: ./Core/Src/lcd.o: in function `lcd_createChar':
C:/Users/57310/STMCubeIDE_1.13.2/Curso_2023_2/LCD/LCD_1/Debug/../Core/Src/lcd.c:154: multiple definition of `lcd_createChar'; ./Core/Librerias/lcd.o:C:/Users/57310/STMCubeIDE_1.13.2/Curso_2023_2/LCD/LCD_1/Debug/../Core/Librerias/lcd.c:154: first defined here
collect2.exe: error: ld returned 1 exit status
make: *** [makefile:65: LCD_1.elf] Error 1
"make -j8 all" terminated with exit code 2. Build might be incomplete.
16:36:49 **** Incremental Build of configuration Debug for project LCD_1 ****
make -j8 all 
arm-none-eabi-gcc "../Core/Src/lcd.c" -mcpu=cortex-m4 -std=gnu11 -g3 -DDEBUG -DUSE_HAL_DRIVER -DSTM32F411xE -c -I../Core/Inc -I../Drivers/STM32F4xx_HAL_Driver/Inc -I../Drivers/STM32F4xx_HAL_Driver/Inc/Legacy -I../Drivers/CMSIS/Device/ST/STM32F4xx/Include -I../Drivers/CMSIS/Include -O0 -ffunction-sections -fdata-sections -Wall -fstack-usage -fcyclomatic-complexity -MMD -MP -MF"Core/Src/lcd.d" -MT"Core/Src/lcd.o" --specs=nano.specs -mfpu=fpv4-sp-d16 -mfloat-abi=hard -mthumb -o "Core/Src/lcd.o"
arm-none-eabi-gcc -o "LCD_1.elf" @"objects.list"   -mcpu=cortex-m4 -T"C:\Users\57310\STMCubeIDE_1.13.2\Curso_2023_2\LCD\LCD_1\STM32F411RETX_FLASH.ld" --specs=nosys.specs -Wl,-Map="LCD_1.map" -Wl,--gc-sections -static --specs=nano.specs -mfpu=fpv4-sp-d16 -mfloat-abi=hard -mthumb -Wl,--start-group -lc -lm -Wl,--end-group
C:/ST/STM32CubeIDE_1.13.2/STM32CubeIDE/plugins/com.st.stm32cube.ide.mcu.externaltools.gnu-tools-for-stm32.11.3.rel1.win32_1.1.1.202309131626/tools/bin/../lib/gcc/arm-none-eabi/11.3.1/../../../../arm-none-eabi/bin/ld.exe: ./Core/Src/lcd.o: in function `lcd_begin':
C:/Users/57310/STMCubeIDE_1.13.2/Curso_2023_2/LCD/LCD_1/Debug/../Core/Src/lcd.c:24: multiple definition of `lcd_begin'; ./Core/Librerias/lcd.o:C:/Users/57310/STMCubeIDE_1.13.2/Curso_2023_2/LCD/LCD_1/Debug/../Core/Librerias/lcd.c:24: first defined here
C:/ST/STM32CubeIDE_1.13.2/STM32CubeIDE/plugins/com.st.stm32cube.ide.mcu.externaltools.gnu-tools-for-stm32.11.3.rel1.win32_1.1.1.202309131626/tools/bin/../lib/gcc/arm-none-eabi/11.3.1/../../../../arm-none-eabi/bin/ld.exe: ./Core/Src/lcd.o: in function `lcd_display':
C:/Users/57310/STMCubeIDE_1.13.2/Curso_2023_2/LCD/LCD_1/Debug/../Core/Src/lcd.c:80: multiple definition of `lcd_display'; ./Core/Librerias/lcd.o:C:/Users/57310/STMCubeIDE_1.13.2/Curso_2023_2/LCD/LCD_1/Debug/../Core/Librerias/lcd.c:80: first defined here
C:/ST/STM32CubeIDE_1.13.2/STM32CubeIDE/plugins/com.st.stm32cube.ide.mcu.externaltools.gnu-tools-for-stm32.11.3.rel1.win32_1.1.1.202309131626/tools/bin/../lib/gcc/arm-none-eabi/11.3.1/../../../../arm-none-eabi/bin/ld.exe: ./Core/Src/lcd.o: in function `lcd_clear':
C:/Users/57310/STMCubeIDE_1.13.2/Curso_2023_2/LCD/LCD_1/Debug/../Core/Src/lcd.c:60: multiple definition of `lcd_clear'; ./Core/Librerias/lcd.o:C:/Users/57310/STMCubeIDE_1.13.2/Curso_2023_2/LCD/LCD_1/Debug/../Core/Librerias/lcd.c:60: first defined here
C:/ST/STM32CubeIDE_1.13.2/STM32CubeIDE/plugins/com.st.stm32cube.ide.mcu.externaltools.gnu-tools-for-stm32.11.3.rel1.win32_1.1.1.202309131626/tools/bin/../lib/gcc/arm-none-eabi/11.3.1/../../../../arm-none-eabi/bin/ld.exe: ./Core/Src/lcd.o: in function `lcd_home':
C:/Users/57310/STMCubeIDE_1.13.2/Curso_2023_2/LCD/LCD_1/Debug/../Core/Src/lcd.c:66: multiple definition of `lcd_home'; ./Core/Librerias/lcd.o:C:/Users/57310/STMCubeIDE_1.13.2/Curso_2023_2/LCD/LCD_1/Debug/../Core/Librerias/lcd.c:66: first defined here
C:/ST/STM32CubeIDE_1.13.2/STM32CubeIDE/plugins/com.st.stm32cube.ide.mcu.externaltools.gnu-tools-for-stm32.11.3.rel1.win32_1.1.1.202309131626/tools/bin/../lib/gcc/arm-none-eabi/11.3.1/../../../../arm-none-eabi/bin/ld.exe: ./Core/Src/lcd.o: in function `lcd_noDisplay':
C:/Users/57310/STMCubeIDE_1.13.2/Curso_2023_2/LCD/LCD_1/Debug/../Core/Src/lcd.c:73: multiple definition of `lcd_noDisplay'; ./Core/Librerias/lcd.o:C:/Users/57310/STMCubeIDE_1.13.2/Curso_2023_2/LCD/LCD_1/Debug/../Core/Librerias/lcd.c:73: first defined here
C:/ST/STM32CubeIDE_1.13.2/STM32CubeIDE/plugins/com.st.stm32cube.ide.mcu.externaltools.gnu-tools-for-stm32.11.3.rel1.win32_1.1.1.202309131626/tools/bin/../lib/gcc/arm-none-eabi/11.3.1/../../../../arm-none-eabi/bin/ld.exe: ./Core/Src/lcd.o: in function `lcd_noBlink':
C:/Users/57310/STMCubeIDE_1.13.2/Curso_2023_2/LCD/LCD_1/Debug/../Core/Src/lcd.c:87: multiple definition of `lcd_noBlink'; ./Core/Librerias/lcd.o:C:/Users/57310/STMCubeIDE_1.13.2/Curso_2023_2/LCD/LCD_1/Debug/../Core/Librerias/lcd.c:87: first defined here
C:/ST/STM32CubeIDE_1.13.2/STM32CubeIDE/plugins/com.st.stm32cube.ide.mcu.externaltools.gnu-tools-for-stm32.11.3.rel1.win32_1.1.1.202309131626/tools/bin/../lib/gcc/arm-none-eabi/11.3.1/../../../../arm-none-eabi/bin/ld.exe: ./Core/Src/lcd.o: in function `lcd_blink':
C:/Users/57310/STMCubeIDE_1.13.2/Curso_2023_2/LCD/LCD_1/Debug/../Core/Src/lcd.c:94: multiple definition of `lcd_blink'; ./Core/Librerias/lcd.o:C:/Users/57310/STMCubeIDE_1.13.2/Curso_2023_2/LCD/LCD_1/Debug/../Core/Librerias/lcd.c:94: first defined here
C:/ST/STM32CubeIDE_1.13.2/STM32CubeIDE/plugins/com.st.stm32cube.ide.mcu.externaltools.gnu-tools-for-stm32.11.3.rel1.win32_1.1.1.202309131626/tools/bin/../lib/gcc/arm-none-eabi/11.3.1/../../../../arm-none-eabi/bin/ld.exe: ./Core/Src/lcd.o: in function `lcd_noCursor':
C:/Users/57310/STMCubeIDE_1.13.2/Curso_2023_2/LCD/LCD_1/Debug/../Core/Src/lcd.c:101: multiple definition of `lcd_noCursor'; ./Core/Librerias/lcd.o:C:/Users/57310/STMCubeIDE_1.13.2/Curso_2023_2/LCD/LCD_1/Debug/../Core/Librerias/lcd.c:101: first defined here
C:/ST/STM32CubeIDE_1.13.2/STM32CubeIDE/plugins/com.st.stm32cube.ide.mcu.externaltools.gnu-tools-for-stm32.11.3.rel1.win32_1.1.1.202309131626/tools/bin/../lib/gcc/arm-none-eabi/11.3.1/../../../../arm-none-eabi/bin/ld.exe: ./Core/Src/lcd.o: in function `lcd_cursor':
C:/Users/57310/STMCubeIDE_1.13.2/Curso_2023_2/LCD/LCD_1/Debug/../Core/Src/lcd.c:108: multiple definition of `lcd_cursor'; ./Core/Librerias/lcd.o:C:/Users/57310/STMCubeIDE_1.13.2/Curso_2023_2/LCD/LCD_1/Debug/../Core/Librerias/lcd.c:108: first defined here
C:/ST/STM32CubeIDE_1.13.2/STM32CubeIDE/plugins/com.st.stm32cube.ide.mcu.externaltools.gnu-tools-for-stm32.11.3.rel1.win32_1.1.1.202309131626/tools/bin/../lib/gcc/arm-none-eabi/11.3.1/../../../../arm-none-eabi/bin/ld.exe: ./Core/Src/lcd.o: in function `lcd_scrollDisplayLeft':
C:/Users/57310/STMCubeIDE_1.13.2/Curso_2023_2/LCD/LCD_1/Debug/../Core/Src/lcd.c:115: multiple definition of `lcd_scrollDisplayLeft'; ./Core/Librerias/lcd.o:C:/Users/57310/STMCubeIDE_1.13.2/Curso_2023_2/LCD/LCD_1/Debug/../Core/Librerias/lcd.c:115: first defined here
C:/ST/STM32CubeIDE_1.13.2/STM32CubeIDE/plugins/com.st.stm32cube.ide.mcu.externaltools.gnu-tools-for-stm32.11.3.rel1.win32_1.1.1.202309131626/tools/bin/../lib/gcc/arm-none-eabi/11.3.1/../../../../arm-none-eabi/bin/ld.exe: ./Core/Src/lcd.o: in function `lcd_scrollDisplayRight':
C:/Users/57310/STMCubeIDE_1.13.2/Curso_2023_2/LCD/LCD_1/Debug/../Core/Src/lcd.c:121: multiple definition of `lcd_scrollDisplayRight'; ./Core/Librerias/lcd.o:C:/Users/57310/STMCubeIDE_1.13.2/Curso_2023_2/LCD/LCD_1/Debug/../Core/Librerias/lcd.c:121: first defined here
C:/ST/STM32CubeIDE_1.13.2/STM32CubeIDE/plugins/com.st.stm32cube.ide.mcu.externaltools.gnu-tools-for-stm32.11.3.rel1.win32_1.1.1.202309131626/tools/bin/../lib/gcc/arm-none-eabi/11.3.1/../../../../arm-none-eabi/bin/ld.exe: ./Core/Src/lcd.o: in function `lcd_setCursor':
C:/Users/57310/STMCubeIDE_1.13.2/Curso_2023_2/LCD/LCD_1/Debug/../Core/Src/lcd.c:127: multiple definition of `lcd_setCursor'; ./Core/Librerias/lcd.o:C:/Users/57310/STMCubeIDE_1.13.2/Curso_2023_2/LCD/LCD_1/Debug/../Core/Librerias/lcd.c:127: first defined here
C:/ST/STM32CubeIDE_1.13.2/STM32CubeIDE/plugins/com.st.stm32cube.ide.mcu.externaltools.gnu-tools-for-stm32.11.3.rel1.win32_1.1.1.202309131626/tools/bin/../lib/gcc/arm-none-eabi/11.3.1/../../../../arm-none-eabi/bin/ld.exe: ./Core/Src/lcd.o: in function `lcd_print':
C:/Users/57310/STMCubeIDE_1.13.2/Curso_2023_2/LCD/LCD_1/Debug/../Core/Src/lcd.c:141: multiple definition of `lcd_print'; ./Core/Librerias/lcd.o:C:/Users/57310/STMCubeIDE_1.13.2/Curso_2023_2/LCD/LCD_1/Debug/../Core/Librerias/lcd.c:141: first defined here
C:/ST/STM32CubeIDE_1.13.2/STM32CubeIDE/plugins/com.st.stm32cube.ide.mcu.externaltools.gnu-tools-for-stm32.11.3.rel1.win32_1.1.1.202309131626/tools/bin/../lib/gcc/arm-none-eabi/11.3.1/../../../../arm-none-eabi/bin/ld.exe: ./Core/Src/lcd.o: in function `lcd_write':
C:/Users/57310/STMCubeIDE_1.13.2/Curso_2023_2/LCD/LCD_1/Debug/../Core/Src/lcd.c:148: multiple definition of `lcd_write'; ./Core/Librerias/lcd.o:C:/Users/57310/STMCubeIDE_1.13.2/Curso_2023_2/LCD/LCD_1/Debug/../Core/Librerias/lcd.c:148: first defined here
C:/ST/STM32CubeIDE_1.13.2/STM32CubeIDE/plugins/com.st.stm32cube.ide.mcu.externaltools.gnu-tools-for-stm32.11.3.rel1.win32_1.1.1.202309131626/tools/bin/../lib/gcc/arm-none-eabi/11.3.1/../../../../arm-none-eabi/bin/ld.exe: ./Core/Src/lcd.o: in function `lcd_createChar':
C:/Users/57310/STMCubeIDE_1.13.2/Curso_2023_2/LCD/LCD_1/Debug/../Core/Src/lcd.c:154: multiple definition of `lcd_createChar'; ./Core/Librerias/lcd.o:C:/Users/57310/STMCubeIDE_1.13.2/Curso_2023_2/LCD/LCD_1/Debug/../Core/Librerias/lcd.c:154: first defined here
collect2.exe: error: ld returned 1 exit status
make: *** [makefile:65: LCD_1.elf] Error 1
"make -j8 all" terminated with exit code 2. Build might be incomplete.
16:37:20 **** Incremental Build of configuration Debug for project LCD_1 ****
make -j8 all 
arm-none-eabi-gcc "../Core/Src/main.c" -mcpu=cortex-m4 -std=gnu11 -g3 -DDEBUG -DUSE_HAL_DRIVER -DSTM32F411xE -c -I../Core/Inc -I../Drivers/STM32F4xx_HAL_Driver/Inc -I../Drivers/STM32F4xx_HAL_Driver/Inc/Legacy -I../Drivers/CMSIS/Device/ST/STM32F4xx/Include -I../Drivers/CMSIS/Include -O0 -ffunction-sections -fdata-sections -Wall -fstack-usage -fcyclomatic-complexity -MMD -MP -MF"Core/Src/main.d" -MT"Core/Src/main.o" --specs=nano.specs -mfpu=fpv4-sp-d16 -mfloat-abi=hard -mthumb -o "Core/Src/main.o"
arm-none-eabi-gcc "../Core/Src/stm32f4xx_hal_msp.c" -mcpu=cortex-m4 -std=gnu11 -g3 -DDEBUG -DUSE_HAL_DRIVER -DSTM32F411xE -c -I../Core/Inc -I../Drivers/STM32F4xx_HAL_Driver/Inc -I../Drivers/STM32F4xx_HAL_Driver/Inc/Legacy -I../Drivers/CMSIS/Device/ST/STM32F4xx/Include -I../Drivers/CMSIS/Include -O0 -ffunction-sections -fdata-sections -Wall -fstack-usage -fcyclomatic-complexity -MMD -MP -MF"Core/Src/stm32f4xx_hal_msp.d" -MT"Core/Src/stm32f4xx_hal_msp.o" --specs=nano.specs -mfpu=fpv4-sp-d16 -mfloat-abi=hard -mthumb -o "Core/Src/stm32f4xx_hal_msp.o"
arm-none-eabi-gcc "../Core/Src/stm32f4xx_it.c" -mcpu=cortex-m4 -std=gnu11 -g3 -DDEBUG -DUSE_HAL_DRIVER -DSTM32F411xE -c -I../Core/Inc -I../Drivers/STM32F4xx_HAL_Driver/Inc -I../Drivers/STM32F4xx_HAL_Driver/Inc/Legacy -I../Drivers/CMSIS/Device/ST/STM32F4xx/Include -I../Drivers/CMSIS/Include -O0 -ffunction-sections -fdata-sections -Wall -fstack-usage -fcyclomatic-complexity -MMD -MP -MF"Core/Src/stm32f4xx_it.d" -MT"Core/Src/stm32f4xx_it.o" --specs=nano.specs -mfpu=fpv4-sp-d16 -mfloat-abi=hard -mthumb -o "Core/Src/stm32f4xx_it.o"
arm-none-eabi-gcc "../Core/Src/syscalls.c" -mcpu=cortex-m4 -std=gnu11 -g3 -DDEBUG -DUSE_HAL_DRIVER -DSTM32F411xE -c -I../Core/Inc -I../Drivers/STM32F4xx_HAL_Driver/Inc -I../Drivers/STM32F4xx_HAL_Driver/Inc/Legacy -I../Drivers/CMSIS/Device/ST/STM32F4xx/Include -I../Drivers/CMSIS/Include -O0 -ffunction-sections -fdata-sections -Wall -fstack-usage -fcyclomatic-complexity -MMD -MP -MF"Core/Src/syscalls.d" -MT"Core/Src/syscalls.o" --specs=nano.specs -mfpu=fpv4-sp-d16 -mfloat-abi=hard -mthumb -o "Core/Src/syscalls.o"
arm-none-eabi-gcc "../Core/Src/sysmem.c" -mcpu=cortex-m4 -std=gnu11 -g3 -DDEBUG -DUSE_HAL_DRIVER -DSTM32F411xE -c -I../Core/Inc -I../Drivers/STM32F4xx_HAL_Driver/Inc -I../Drivers/STM32F4xx_HAL_Driver/Inc/Legacy -I../Drivers/CMSIS/Device/ST/STM32F4xx/Include -I../Drivers/CMSIS/Include -O0 -ffunction-sections -fdata-sections -Wall -fstack-usage -fcyclomatic-complexity -MMD -MP -MF"Core/Src/sysmem.d" -MT"Core/Src/sysmem.o" --specs=nano.specs -mfpu=fpv4-sp-d16 -mfloat-abi=hard -mthumb -o "Core/Src/sysmem.o"
arm-none-eabi-gcc "../Core/Src/system_stm32f4xx.c" -mcpu=cortex-m4 -std=gnu11 -g3 -DDEBUG -DUSE_HAL_DRIVER -DSTM32F411xE -c -I../Core/Inc -I../Drivers/STM32F4xx_HAL_Driver/Inc -I../Drivers/STM32F4xx_HAL_Driver/Inc/Legacy -I../Drivers/CMSIS/Device/ST/STM32F4xx/Include -I../Drivers/CMSIS/Include -O0 -ffunction-sections -fdata-sections -Wall -fstack-usage -fcyclomatic-complexity -MMD -MP -MF"Core/Src/system_stm32f4xx.d" -MT"Core/Src/system_stm32f4xx.o" --specs=nano.specs -mfpu=fpv4-sp-d16 -mfloat-abi=hard -mthumb -o "Core/Src/system_stm32f4xx.o"
arm-none-eabi-gcc -o "LCD_1.elf" @"objects.list"   -mcpu=cortex-m4 -T"C:\Users\57310\STMCubeIDE_1.13.2\Curso_2023_2\LCD\LCD_1\STM32F411RETX_FLASH.ld" --specs=nosys.specs -Wl,-Map="LCD_1.map" -Wl,--gc-sections -static --specs=nano.specs -mfpu=fpv4-sp-d16 -mfloat-abi=hard -mthumb -Wl,--start-group -lc -lm -Wl,--end-group
Finished building target: LCD_1.elf
 
arm-none-eabi-size   LCD_1.elf 
arm-none-eabi-objdump -h -S  LCD_1.elf  > "LCD_1.list"
   text	   data	    bss	    dec	    hex	filename
   5824	     20	   1572	   7416	   1cf8	LCD_1.elf
Finished building: default.size.stdout
 
Finished building: LCD_1.list
 
16:38:19 **** Incremental Build of configuration Debug for project LCD_1 ****
make -j8 all 
arm-none-eabi-gcc "../Core/Src/lcd.c" -mcpu=cortex-m4 -std=gnu11 -g3 -DDEBUG -DUSE_HAL_DRIVER -DSTM32F411xE -c -I../Core/Inc -I../Drivers/STM32F4xx_HAL_Driver/Inc -I../Drivers/STM32F4xx_HAL_Driver/Inc/Legacy -I../Drivers/CMSIS/Device/ST/STM32F4xx/Include -I../Drivers/CMSIS/Include -O0 -ffunction-sections -fdata-sections -Wall -fstack-usage -fcyclomatic-complexity -MMD -MP -MF"Core/Src/lcd.d" -MT"Core/Src/lcd.o" --specs=nano.specs -mfpu=fpv4-sp-d16 -mfloat-abi=hard -mthumb -o "Core/Src/lcd.o"
arm-none-eabi-gcc "../Core/Src/main.c" -mcpu=cortex-m4 -std=gnu11 -g3 -DDEBUG -DUSE_HAL_DRIVER -DSTM32F411xE -c -I../Core/Inc -I../Drivers/STM32F4xx_HAL_Driver/Inc -I../Drivers/STM32F4xx_HAL_Driver/Inc/Legacy -I../Drivers/CMSIS/Device/ST/STM32F4xx/Include -I../Drivers/CMSIS/Include -O0 -ffunction-sections -fdata-sections -Wall -fstack-usage -fcyclomatic-complexity -MMD -MP -MF"Core/Src/main.d" -MT"Core/Src/main.o" --specs=nano.specs -mfpu=fpv4-sp-d16 -mfloat-abi=hard -mthumb -o "Core/Src/main.o"
arm-none-eabi-gcc "../Core/Src/stm32f4xx_hal_msp.c" -mcpu=cortex-m4 -std=gnu11 -g3 -DDEBUG -DUSE_HAL_DRIVER -DSTM32F411xE -c -I../Core/Inc -I../Drivers/STM32F4xx_HAL_Driver/Inc -I../Drivers/STM32F4xx_HAL_Driver/Inc/Legacy -I../Drivers/CMSIS/Device/ST/STM32F4xx/Include -I../Drivers/CMSIS/Include -O0 -ffunction-sections -fdata-sections -Wall -fstack-usage -fcyclomatic-complexity -MMD -MP -MF"Core/Src/stm32f4xx_hal_msp.d" -MT"Core/Src/stm32f4xx_hal_msp.o" --specs=nano.specs -mfpu=fpv4-sp-d16 -mfloat-abi=hard -mthumb -o "Core/Src/stm32f4xx_hal_msp.o"
arm-none-eabi-gcc "../Core/Src/stm32f4xx_it.c" -mcpu=cortex-m4 -std=gnu11 -g3 -DDEBUG -DUSE_HAL_DRIVER -DSTM32F411xE -c -I../Core/Inc -I../Drivers/STM32F4xx_HAL_Driver/Inc -I../Drivers/STM32F4xx_HAL_Driver/Inc/Legacy -I../Drivers/CMSIS/Device/ST/STM32F4xx/Include -I../Drivers/CMSIS/Include -O0 -ffunction-sections -fdata-sections -Wall -fstack-usage -fcyclomatic-complexity -MMD -MP -MF"Core/Src/stm32f4xx_it.d" -MT"Core/Src/stm32f4xx_it.o" --specs=nano.specs -mfpu=fpv4-sp-d16 -mfloat-abi=hard -mthumb -o "Core/Src/stm32f4xx_it.o"
arm-none-eabi-gcc "../Core/Src/syscalls.c" -mcpu=cortex-m4 -std=gnu11 -g3 -DDEBUG -DUSE_HAL_DRIVER -DSTM32F411xE -c -I../Core/Inc -I../Drivers/STM32F4xx_HAL_Driver/Inc -I../Drivers/STM32F4xx_HAL_Driver/Inc/Legacy -I../Drivers/CMSIS/Device/ST/STM32F4xx/Include -I../Drivers/CMSIS/Include -O0 -ffunction-sections -fdata-sections -Wall -fstack-usage -fcyclomatic-complexity -MMD -MP -MF"Core/Src/syscalls.d" -MT"Core/Src/syscalls.o" --specs=nano.specs -mfpu=fpv4-sp-d16 -mfloat-abi=hard -mthumb -o "Core/Src/syscalls.o"
arm-none-eabi-gcc "../Core/Src/sysmem.c" -mcpu=cortex-m4 -std=gnu11 -g3 -DDEBUG -DUSE_HAL_DRIVER -DSTM32F411xE -c -I../Core/Inc -I../Drivers/STM32F4xx_HAL_Driver/Inc -I../Drivers/STM32F4xx_HAL_Driver/Inc/Legacy -I../Drivers/CMSIS/Device/ST/STM32F4xx/Include -I../Drivers/CMSIS/Include -O0 -ffunction-sections -fdata-sections -Wall -fstack-usage -fcyclomatic-complexity -MMD -MP -MF"Core/Src/sysmem.d" -MT"Core/Src/sysmem.o" --specs=nano.specs -mfpu=fpv4-sp-d16 -mfloat-abi=hard -mthumb -o "Core/Src/sysmem.o"
arm-none-eabi-gcc "../Core/Src/system_stm32f4xx.c" -mcpu=cortex-m4 -std=gnu11 -g3 -DDEBUG -DUSE_HAL_DRIVER -DSTM32F411xE -c -I../Core/Inc -I../Drivers/STM32F4xx_HAL_Driver/Inc -I../Drivers/STM32F4xx_HAL_Driver/Inc/Legacy -I../Drivers/CMSIS/Device/ST/STM32F4xx/Include -I../Drivers/CMSIS/Include -O0 -ffunction-sections -fdata-sections -Wall -fstack-usage -fcyclomatic-complexity -MMD -MP -MF"Core/Src/system_stm32f4xx.d" -MT"Core/Src/system_stm32f4xx.o" --specs=nano.specs -mfpu=fpv4-sp-d16 -mfloat-abi=hard -mthumb -o "Core/Src/system_stm32f4xx.o"
arm-none-eabi-gcc -o "LCD_1.elf" @"objects.list"   -mcpu=cortex-m4 -T"C:\Users\57310\STMCubeIDE_1.13.2\Curso_2023_2\LCD\LCD_1\STM32F411RETX_FLASH.ld" --specs=nosys.specs -Wl,-Map="LCD_1.map" -Wl,--gc-sections -static --specs=nano.specs -mfpu=fpv4-sp-d16 -mfloat-abi=hard -mthumb -Wl,--start-group -lc -lm -Wl,--end-group
C:/ST/STM32CubeIDE_1.13.2/STM32CubeIDE/plugins/com.st.stm32cube.ide.mcu.externaltools.gnu-tools-for-stm32.11.3.rel1.win32_1.1.1.202309131626/tools/bin/../lib/gcc/arm-none-eabi/11.3.1/../../../../arm-none-eabi/bin/ld.exe: ./Core/Src/lcd.o: in function `lcd_begin':
C:/Users/57310/STMCubeIDE_1.13.2/Curso_2023_2/LCD/LCD_1/Debug/../Core/Src/lcd.c:27: multiple definition of `lcd_begin'; ./Core/Librerias/lcd.o:C:/Users/57310/STMCubeIDE_1.13.2/Curso_2023_2/LCD/LCD_1/Debug/../Core/Librerias/lcd.c:24: first defined here
C:/ST/STM32CubeIDE_1.13.2/STM32CubeIDE/plugins/com.st.stm32cube.ide.mcu.externaltools.gnu-tools-for-stm32.11.3.rel1.win32_1.1.1.202309131626/tools/bin/../lib/gcc/arm-none-eabi/11.3.1/../../../../arm-none-eabi/bin/ld.exe: ./Core/Src/lcd.o: in function `lcd_display':
C:/Users/57310/STMCubeIDE_1.13.2/Curso_2023_2/LCD/LCD_1/Debug/../Core/Src/lcd.c:83: multiple definition of `lcd_display'; ./Core/Librerias/lcd.o:C:/Users/57310/STMCubeIDE_1.13.2/Curso_2023_2/LCD/LCD_1/Debug/../Core/Librerias/lcd.c:80: first defined here
C:/ST/STM32CubeIDE_1.13.2/STM32CubeIDE/plugins/com.st.stm32cube.ide.mcu.externaltools.gnu-tools-for-stm32.11.3.rel1.win32_1.1.1.202309131626/tools/bin/../lib/gcc/arm-none-eabi/11.3.1/../../../../arm-none-eabi/bin/ld.exe: ./Core/Src/lcd.o: in function `lcd_clear':
C:/Users/57310/STMCubeIDE_1.13.2/Curso_2023_2/LCD/LCD_1/Debug/../Core/Src/lcd.c:63: multiple definition of `lcd_clear'; ./Core/Librerias/lcd.o:C:/Users/57310/STMCubeIDE_1.13.2/Curso_2023_2/LCD/LCD_1/Debug/../Core/Librerias/lcd.c:60: first defined here
C:/ST/STM32CubeIDE_1.13.2/STM32CubeIDE/plugins/com.st.stm32cube.ide.mcu.externaltools.gnu-tools-for-stm32.11.3.rel1.win32_1.1.1.202309131626/tools/bin/../lib/gcc/arm-none-eabi/11.3.1/../../../../arm-none-eabi/bin/ld.exe: ./Core/Src/lcd.o: in function `lcd_home':
C:/Users/57310/STMCubeIDE_1.13.2/Curso_2023_2/LCD/LCD_1/Debug/../Core/Src/lcd.c:69: multiple definition of `lcd_home'; ./Core/Librerias/lcd.o:C:/Users/57310/STMCubeIDE_1.13.2/Curso_2023_2/LCD/LCD_1/Debug/../Core/Librerias/lcd.c:66: first defined here
C:/ST/STM32CubeIDE_1.13.2/STM32CubeIDE/plugins/com.st.stm32cube.ide.mcu.externaltools.gnu-tools-for-stm32.11.3.rel1.win32_1.1.1.202309131626/tools/bin/../lib/gcc/arm-none-eabi/11.3.1/../../../../arm-none-eabi/bin/ld.exe: ./Core/Src/lcd.o: in function `lcd_noDisplay':
C:/Users/57310/STMCubeIDE_1.13.2/Curso_2023_2/LCD/LCD_1/Debug/../Core/Src/lcd.c:76: multiple definition of `lcd_noDisplay'; ./Core/Librerias/lcd.o:C:/Users/57310/STMCubeIDE_1.13.2/Curso_2023_2/LCD/LCD_1/Debug/../Core/Librerias/lcd.c:73: first defined here
C:/ST/STM32CubeIDE_1.13.2/STM32CubeIDE/plugins/com.st.stm32cube.ide.mcu.externaltools.gnu-tools-for-stm32.11.3.rel1.win32_1.1.1.202309131626/tools/bin/../lib/gcc/arm-none-eabi/11.3.1/../../../../arm-none-eabi/bin/ld.exe: ./Core/Src/lcd.o: in function `lcd_noBlink':
C:/Users/57310/STMCubeIDE_1.13.2/Curso_2023_2/LCD/LCD_1/Debug/../Core/Src/lcd.c:90: multiple definition of `lcd_noBlink'; ./Core/Librerias/lcd.o:C:/Users/57310/STMCubeIDE_1.13.2/Curso_2023_2/LCD/LCD_1/Debug/../Core/Librerias/lcd.c:87: first defined here
C:/ST/STM32CubeIDE_1.13.2/STM32CubeIDE/plugins/com.st.stm32cube.ide.mcu.externaltools.gnu-tools-for-stm32.11.3.rel1.win32_1.1.1.202309131626/tools/bin/../lib/gcc/arm-none-eabi/11.3.1/../../../../arm-none-eabi/bin/ld.exe: ./Core/Src/lcd.o: in function `lcd_blink':
C:/Users/57310/STMCubeIDE_1.13.2/Curso_2023_2/LCD/LCD_1/Debug/../Core/Src/lcd.c:97: multiple definition of `lcd_blink'; ./Core/Librerias/lcd.o:C:/Users/57310/STMCubeIDE_1.13.2/Curso_2023_2/LCD/LCD_1/Debug/../Core/Librerias/lcd.c:94: first defined here
C:/ST/STM32CubeIDE_1.13.2/STM32CubeIDE/plugins/com.st.stm32cube.ide.mcu.externaltools.gnu-tools-for-stm32.11.3.rel1.win32_1.1.1.202309131626/tools/bin/../lib/gcc/arm-none-eabi/11.3.1/../../../../arm-none-eabi/bin/ld.exe: ./Core/Src/lcd.o: in function `lcd_noCursor':
C:/Users/57310/STMCubeIDE_1.13.2/Curso_2023_2/LCD/LCD_1/Debug/../Core/Src/lcd.c:104: multiple definition of `lcd_noCursor'; ./Core/Librerias/lcd.o:C:/Users/57310/STMCubeIDE_1.13.2/Curso_2023_2/LCD/LCD_1/Debug/../Core/Librerias/lcd.c:101: first defined here
C:/ST/STM32CubeIDE_1.13.2/STM32CubeIDE/plugins/com.st.stm32cube.ide.mcu.externaltools.gnu-tools-for-stm32.11.3.rel1.win32_1.1.1.202309131626/tools/bin/../lib/gcc/arm-none-eabi/11.3.1/../../../../arm-none-eabi/bin/ld.exe: ./Core/Src/lcd.o: in function `lcd_cursor':
C:/Users/57310/STMCubeIDE_1.13.2/Curso_2023_2/LCD/LCD_1/Debug/../Core/Src/lcd.c:111: multiple definition of `lcd_cursor'; ./Core/Librerias/lcd.o:C:/Users/57310/STMCubeIDE_1.13.2/Curso_2023_2/LCD/LCD_1/Debug/../Core/Librerias/lcd.c:108: first defined here
C:/ST/STM32CubeIDE_1.13.2/STM32CubeIDE/plugins/com.st.stm32cube.ide.mcu.externaltools.gnu-tools-for-stm32.11.3.rel1.win32_1.1.1.202309131626/tools/bin/../lib/gcc/arm-none-eabi/11.3.1/../../../../arm-none-eabi/bin/ld.exe: ./Core/Src/lcd.o: in function `lcd_scrollDisplayLeft':
C:/Users/57310/STMCubeIDE_1.13.2/Curso_2023_2/LCD/LCD_1/Debug/../Core/Src/lcd.c:118: multiple definition of `lcd_scrollDisplayLeft'; ./Core/Librerias/lcd.o:C:/Users/57310/STMCubeIDE_1.13.2/Curso_2023_2/LCD/LCD_1/Debug/../Core/Librerias/lcd.c:115: first defined here
C:/ST/STM32CubeIDE_1.13.2/STM32CubeIDE/plugins/com.st.stm32cube.ide.mcu.externaltools.gnu-tools-for-stm32.11.3.rel1.win32_1.1.1.202309131626/tools/bin/../lib/gcc/arm-none-eabi/11.3.1/../../../../arm-none-eabi/bin/ld.exe: ./Core/Src/lcd.o: in function `lcd_scrollDisplayRight':
C:/Users/57310/STMCubeIDE_1.13.2/Curso_2023_2/LCD/LCD_1/Debug/../Core/Src/lcd.c:124: multiple definition of `lcd_scrollDisplayRight'; ./Core/Librerias/lcd.o:C:/Users/57310/STMCubeIDE_1.13.2/Curso_2023_2/LCD/LCD_1/Debug/../Core/Librerias/lcd.c:121: first defined here
C:/ST/STM32CubeIDE_1.13.2/STM32CubeIDE/plugins/com.st.stm32cube.ide.mcu.externaltools.gnu-tools-for-stm32.11.3.rel1.win32_1.1.1.202309131626/tools/bin/../lib/gcc/arm-none-eabi/11.3.1/../../../../arm-none-eabi/bin/ld.exe: ./Core/Src/lcd.o: in function `lcd_setCursor':
C:/Users/57310/STMCubeIDE_1.13.2/Curso_2023_2/LCD/LCD_1/Debug/../Core/Src/lcd.c:130: multiple definition of `lcd_setCursor'; ./Core/Librerias/lcd.o:C:/Users/57310/STMCubeIDE_1.13.2/Curso_2023_2/LCD/LCD_1/Debug/../Core/Librerias/lcd.c:127: first defined here
C:/ST/STM32CubeIDE_1.13.2/STM32CubeIDE/plugins/com.st.stm32cube.ide.mcu.externaltools.gnu-tools-for-stm32.11.3.rel1.win32_1.1.1.202309131626/tools/bin/../lib/gcc/arm-none-eabi/11.3.1/../../../../arm-none-eabi/bin/ld.exe: ./Core/Src/lcd.o: in function `lcd_print':
C:/Users/57310/STMCubeIDE_1.13.2/Curso_2023_2/LCD/LCD_1/Debug/../Core/Src/lcd.c:144: multiple definition of `lcd_print'; ./Core/Librerias/lcd.o:C:/Users/57310/STMCubeIDE_1.13.2/Curso_2023_2/LCD/LCD_1/Debug/../Core/Librerias/lcd.c:141: first defined here
C:/ST/STM32CubeIDE_1.13.2/STM32CubeIDE/plugins/com.st.stm32cube.ide.mcu.externaltools.gnu-tools-for-stm32.11.3.rel1.win32_1.1.1.202309131626/tools/bin/../lib/gcc/arm-none-eabi/11.3.1/../../../../arm-none-eabi/bin/ld.exe: ./Core/Src/lcd.o: in function `lcd_write':
C:/Users/57310/STMCubeIDE_1.13.2/Curso_2023_2/LCD/LCD_1/Debug/../Core/Src/lcd.c:151: multiple definition of `lcd_write'; ./Core/Librerias/lcd.o:C:/Users/57310/STMCubeIDE_1.13.2/Curso_2023_2/LCD/LCD_1/Debug/../Core/Librerias/lcd.c:148: first defined here
C:/ST/STM32CubeIDE_1.13.2/STM32CubeIDE/plugins/com.st.stm32cube.ide.mcu.externaltools.gnu-tools-for-stm32.11.3.rel1.win32_1.1.1.202309131626/tools/bin/../lib/gcc/arm-none-eabi/11.3.1/../../../../arm-none-eabi/bin/ld.exe: ./Core/Src/lcd.o: in function `lcd_createChar':
C:/Users/57310/STMCubeIDE_1.13.2/Curso_2023_2/LCD/LCD_1/Debug/../Core/Src/lcd.c:157: multiple definition of `lcd_createChar'; ./Core/Librerias/lcd.o:C:/Users/57310/STMCubeIDE_1.13.2/Curso_2023_2/LCD/LCD_1/Debug/../Core/Librerias/lcd.c:154: first defined here
collect2.exe: error: ld returned 1 exit status
make: *** [makefile:65: LCD_1.elf] Error 1
"make -j8 all" terminated with exit code 2. Build might be incomplete.
16:38:49 **** Incremental Build of configuration Debug for project LCD_1 ****
make -j8 all 
arm-none-eabi-gcc "../Core/Src/main.c" -mcpu=cortex-m4 -std=gnu11 -g3 -DDEBUG -DUSE_HAL_DRIVER -DSTM32F411xE -c -I../Core/Inc -I../Drivers/STM32F4xx_HAL_Driver/Inc -I../Drivers/STM32F4xx_HAL_Driver/Inc/Legacy -I../Drivers/CMSIS/Device/ST/STM32F4xx/Include -I../Drivers/CMSIS/Include -O0 -ffunction-sections -fdata-sections -Wall -fstack-usage -fcyclomatic-complexity -MMD -MP -MF"Core/Src/main.d" -MT"Core/Src/main.o" --specs=nano.specs -mfpu=fpv4-sp-d16 -mfloat-abi=hard -mthumb -o "Core/Src/main.o"
arm-none-eabi-gcc "../Core/Src/stm32f4xx_hal_msp.c" -mcpu=cortex-m4 -std=gnu11 -g3 -DDEBUG -DUSE_HAL_DRIVER -DSTM32F411xE -c -I../Core/Inc -I../Drivers/STM32F4xx_HAL_Driver/Inc -I../Drivers/STM32F4xx_HAL_Driver/Inc/Legacy -I../Drivers/CMSIS/Device/ST/STM32F4xx/Include -I../Drivers/CMSIS/Include -O0 -ffunction-sections -fdata-sections -Wall -fstack-usage -fcyclomatic-complexity -MMD -MP -MF"Core/Src/stm32f4xx_hal_msp.d" -MT"Core/Src/stm32f4xx_hal_msp.o" --specs=nano.specs -mfpu=fpv4-sp-d16 -mfloat-abi=hard -mthumb -o "Core/Src/stm32f4xx_hal_msp.o"
arm-none-eabi-gcc "../Core/Src/stm32f4xx_it.c" -mcpu=cortex-m4 -std=gnu11 -g3 -DDEBUG -DUSE_HAL_DRIVER -DSTM32F411xE -c -I../Core/Inc -I../Drivers/STM32F4xx_HAL_Driver/Inc -I../Drivers/STM32F4xx_HAL_Driver/Inc/Legacy -I../Drivers/CMSIS/Device/ST/STM32F4xx/Include -I../Drivers/CMSIS/Include -O0 -ffunction-sections -fdata-sections -Wall -fstack-usage -fcyclomatic-complexity -MMD -MP -MF"Core/Src/stm32f4xx_it.d" -MT"Core/Src/stm32f4xx_it.o" --specs=nano.specs -mfpu=fpv4-sp-d16 -mfloat-abi=hard -mthumb -o "Core/Src/stm32f4xx_it.o"
arm-none-eabi-gcc "../Core/Src/syscalls.c" -mcpu=cortex-m4 -std=gnu11 -g3 -DDEBUG -DUSE_HAL_DRIVER -DSTM32F411xE -c -I../Core/Inc -I../Drivers/STM32F4xx_HAL_Driver/Inc -I../Drivers/STM32F4xx_HAL_Driver/Inc/Legacy -I../Drivers/CMSIS/Device/ST/STM32F4xx/Include -I../Drivers/CMSIS/Include -O0 -ffunction-sections -fdata-sections -Wall -fstack-usage -fcyclomatic-complexity -MMD -MP -MF"Core/Src/syscalls.d" -MT"Core/Src/syscalls.o" --specs=nano.specs -mfpu=fpv4-sp-d16 -mfloat-abi=hard -mthumb -o "Core/Src/syscalls.o"
arm-none-eabi-gcc "../Core/Src/sysmem.c" -mcpu=cortex-m4 -std=gnu11 -g3 -DDEBUG -DUSE_HAL_DRIVER -DSTM32F411xE -c -I../Core/Inc -I../Drivers/STM32F4xx_HAL_Driver/Inc -I../Drivers/STM32F4xx_HAL_Driver/Inc/Legacy -I../Drivers/CMSIS/Device/ST/STM32F4xx/Include -I../Drivers/CMSIS/Include -O0 -ffunction-sections -fdata-sections -Wall -fstack-usage -fcyclomatic-complexity -MMD -MP -MF"Core/Src/sysmem.d" -MT"Core/Src/sysmem.o" --specs=nano.specs -mfpu=fpv4-sp-d16 -mfloat-abi=hard -mthumb -o "Core/Src/sysmem.o"
arm-none-eabi-gcc "../Core/Src/system_stm32f4xx.c" -mcpu=cortex-m4 -std=gnu11 -g3 -DDEBUG -DUSE_HAL_DRIVER -DSTM32F411xE -c -I../Core/Inc -I../Drivers/STM32F4xx_HAL_Driver/Inc -I../Drivers/STM32F4xx_HAL_Driver/Inc/Legacy -I../Drivers/CMSIS/Device/ST/STM32F4xx/Include -I../Drivers/CMSIS/Include -O0 -ffunction-sections -fdata-sections -Wall -fstack-usage -fcyclomatic-complexity -MMD -MP -MF"Core/Src/system_stm32f4xx.d" -MT"Core/Src/system_stm32f4xx.o" --specs=nano.specs -mfpu=fpv4-sp-d16 -mfloat-abi=hard -mthumb -o "Core/Src/system_stm32f4xx.o"
arm-none-eabi-gcc -o "LCD_1.elf" @"objects.list"   -mcpu=cortex-m4 -T"C:\Users\57310\STMCubeIDE_1.13.2\Curso_2023_2\LCD\LCD_1\STM32F411RETX_FLASH.ld" --specs=nosys.specs -Wl,-Map="LCD_1.map" -Wl,--gc-sections -static --specs=nano.specs -mfpu=fpv4-sp-d16 -mfloat-abi=hard -mthumb -Wl,--start-group -lc -lm -Wl,--end-group
Finished building target: LCD_1.elf
 
arm-none-eabi-size   LCD_1.elf 
arm-none-eabi-objdump -h -S  LCD_1.elf  > "LCD_1.list"
   text	   data	    bss	    dec	    hex	filename
   5824	     20	   1572	   7416	   1cf8	LCD_1.elf
Finished building: default.size.stdout
 
Finished building: LCD_1.list
 
16:45:36 **** Incremental Build of configuration Debug for project LCD_1 ****
make -j8 all 
arm-none-eabi-gcc "../Core/Src/main.c" -mcpu=cortex-m4 -std=gnu11 -g3 -DDEBUG -DUSE_HAL_DRIVER -DSTM32F411xE -c -I../Core/Inc -I../Drivers/STM32F4xx_HAL_Driver/Inc -I../Drivers/STM32F4xx_HAL_Driver/Inc/Legacy -I../Drivers/CMSIS/Device/ST/STM32F4xx/Include -I../Drivers/CMSIS/Include -O0 -ffunction-sections -fdata-sections -Wall -fstack-usage -fcyclomatic-complexity -MMD -MP -MF"Core/Src/main.d" -MT"Core/Src/main.o" --specs=nano.specs -mfpu=fpv4-sp-d16 -mfloat-abi=hard -mthumb -o "Core/Src/main.o"
arm-none-eabi-gcc -o "LCD_1.elf" @"objects.list"   -mcpu=cortex-m4 -T"C:\Users\57310\STMCubeIDE_1.13.2\Curso_2023_2\LCD\LCD_1\STM32F411RETX_FLASH.ld" --specs=nosys.specs -Wl,-Map="LCD_1.map" -Wl,--gc-sections -static --specs=nano.specs -mfpu=fpv4-sp-d16 -mfloat-abi=hard -mthumb -Wl,--start-group -lc -lm -Wl,--end-group
Finished building target: LCD_1.elf
 
arm-none-eabi-size   LCD_1.elf 
arm-none-eabi-objdump -h -S  LCD_1.elf  > "LCD_1.list"
   text	   data	    bss	    dec	    hex	filename
   5824	     20	   1572	   7416	   1cf8	LCD_1.elf
Finished building: default.size.stdout
 
Finished building: LCD_1.list
 
16:58:40 **** Incremental Build of configuration Debug for project LCD_1 ****
make -j8 all 
arm-none-eabi-gcc "../Core/Src/main.c" -mcpu=cortex-m4 -std=gnu11 -g3 -DDEBUG -DUSE_HAL_DRIVER -DSTM32F411xE -c -I../Core/Inc -I../Drivers/STM32F4xx_HAL_Driver/Inc -I../Drivers/STM32F4xx_HAL_Driver/Inc/Legacy -I../Drivers/CMSIS/Device/ST/STM32F4xx/Include -I../Drivers/CMSIS/Include -O0 -ffunction-sections -fdata-sections -Wall -fstack-usage -fcyclomatic-complexity -MMD -MP -MF"Core/Src/main.d" -MT"Core/Src/main.o" --specs=nano.specs -mfpu=fpv4-sp-d16 -mfloat-abi=hard -mthumb -o "Core/Src/main.o"
../Core/Src/main.c: In function 'main':
../Core/Src/main.c:89:15: error: 'LCD_RS_Pin' undeclared (first use in this function); did you mean 'RS_Pin'?
   89 | lcd.RS_port = LCD_RS_Pin;
      |               ^~~~~~~~~~
      |               RS_Pin
../Core/Src/main.c:89:15: note: each undeclared identifier is reported only once for each function it appears in
../Core/Src/main.c:90:5: error: 'LCD_t' has no member named '\U000000cbN_port'; did you mean 'EN_port'?
   90 | lcd.ËN_port = LCD_EN_GPIO_Port;
      |     ^~~~~~~
      |     EN_port
../Core/Src/main.c:90:15: error: 'LCD_EN_GPIO_Port' undeclared (first use in this function); did you mean 'D6_GPIO_Port'?
   90 | lcd.ËN_port = LCD_EN_GPIO_Port;
      |               ^~~~~~~~~~~~~~~~
      |               D6_GPIO_Port
../Core/Src/main.c:91:5: error: 'LCD_t' has no member named '\U000000cbN_pin'; did you mean 'EN_pin'?
   91 | lcd.ËN_pin = LCD_EN_Pin;
      |     ^~~~~~
      |     EN_pin
../Core/Src/main.c:91:14: error: 'LCD_EN_Pin' undeclared (first use in this function)
   91 | lcd.ËN_pin = LCD_EN_Pin;
      |              ^~~~~~~~~~
make: *** [Core/Src/subdir.mk:34: Core/Src/main.o] Error 1
"make -j8 all" terminated with exit code 2. Build might be incomplete.
17:01:39 **** Incremental Build of configuration Debug for project LCD_1 ****
make -j8 all 
arm-none-eabi-gcc "../Core/Src/main.c" -mcpu=cortex-m4 -std=gnu11 -g3 -DDEBUG -DUSE_HAL_DRIVER -DSTM32F411xE -c -I../Core/Inc -I../Drivers/STM32F4xx_HAL_Driver/Inc -I../Drivers/STM32F4xx_HAL_Driver/Inc/Legacy -I../Drivers/CMSIS/Device/ST/STM32F4xx/Include -I../Drivers/CMSIS/Include -O0 -ffunction-sections -fdata-sections -Wall -fstack-usage -fcyclomatic-complexity -MMD -MP -MF"Core/Src/main.d" -MT"Core/Src/main.o" --specs=nano.specs -mfpu=fpv4-sp-d16 -mfloat-abi=hard -mthumb -o "Core/Src/main.o"
../Core/Src/main.c: In function 'main':
../Core/Src/main.c:89:15: error: 'LCD_RS_GPIO_Port' undeclared (first use in this function); did you mean 'RS_GPIO_Port'?
   89 | lcd.RS_port = LCD_RS_GPIO_Port;
      |               ^~~~~~~~~~~~~~~~
      |               RS_GPIO_Port
../Core/Src/main.c:89:15: note: each undeclared identifier is reported only once for each function it appears in
../Core/Src/main.c:90:14: error: 'LCD_RS_Pin' undeclared (first use in this function); did you mean 'RS_Pin'?
   90 | lcd.RS_pin = LCD_RS_Pin;
      |              ^~~~~~~~~~
      |              RS_Pin
../Core/Src/main.c:91:5: error: 'LCD_t' has no member named '\U000000cbN_port'; did you mean 'EN_port'?
   91 | lcd.ËN_port = LCD_EN_GPIO_Port;
      |     ^~~~~~~
      |     EN_port
../Core/Src/main.c:91:15: error: 'LCD_EN_GPIO_Port' undeclared (first use in this function); did you mean 'D6_GPIO_Port'?
   91 | lcd.ËN_port = LCD_EN_GPIO_Port;
      |               ^~~~~~~~~~~~~~~~
      |               D6_GPIO_Port
../Core/Src/main.c:92:5: error: 'LCD_t' has no member named '\U000000cbN_pin'; did you mean 'EN_pin'?
   92 | lcd.ËN_pin = LCD_EN_Pin;
      |     ^~~~~~
      |     EN_pin
../Core/Src/main.c:92:14: error: 'LCD_EN_Pin' undeclared (first use in this function)
   92 | lcd.ËN_pin = LCD_EN_Pin;
      |              ^~~~~~~~~~
make: *** [Core/Src/subdir.mk:34: Core/Src/main.o] Error 1
"make -j8 all" terminated with exit code 2. Build might be incomplete.
17:04:26 **** Incremental Build of configuration Debug for project LCD_1 ****
make -j8 all 
arm-none-eabi-gcc "../Core/Src/main.c" -mcpu=cortex-m4 -std=gnu11 -g3 -DDEBUG -DUSE_HAL_DRIVER -DSTM32F411xE -c -I../Core/Inc -I../Drivers/STM32F4xx_HAL_Driver/Inc -I../Drivers/STM32F4xx_HAL_Driver/Inc/Legacy -I../Drivers/CMSIS/Device/ST/STM32F4xx/Include -I../Drivers/CMSIS/Include -O0 -ffunction-sections -fdata-sections -Wall -fstack-usage -fcyclomatic-complexity -MMD -MP -MF"Core/Src/main.d" -MT"Core/Src/main.o" --specs=nano.specs -mfpu=fpv4-sp-d16 -mfloat-abi=hard -mthumb -o "Core/Src/main.o"
../Core/Src/main.c: In function 'main':
../Core/Src/main.c:90:14: error: 'LCD_RS_Pin' undeclared (first use in this function); did you mean 'RS_Pin'?
   90 | lcd.RS_pin = LCD_RS_Pin;
      |              ^~~~~~~~~~
      |              RS_Pin
../Core/Src/main.c:90:14: note: each undeclared identifier is reported only once for each function it appears in
../Core/Src/main.c:91:5: error: 'LCD_t' has no member named '\U000000cbN_port'; did you mean 'EN_port'?
   91 | lcd.ËN_port = LCD_EN_GPIO_Port;
      |     ^~~~~~~
      |     EN_port
../Core/Src/main.c:91:15: error: 'LCD_EN_GPIO_Port' undeclared (first use in this function); did you mean 'D6_GPIO_Port'?
   91 | lcd.ËN_port = LCD_EN_GPIO_Port;
      |               ^~~~~~~~~~~~~~~~
      |               D6_GPIO_Port
../Core/Src/main.c:92:5: error: 'LCD_t' has no member named '\U000000cbN_pin'; did you mean 'EN_pin'?
   92 | lcd.ËN_pin = LCD_EN_Pin;
      |     ^~~~~~
      |     EN_pin
../Core/Src/main.c:92:14: error: 'LCD_EN_Pin' undeclared (first use in this function)
   92 | lcd.ËN_pin = LCD_EN_Pin;
      |              ^~~~~~~~~~
make: *** [Core/Src/subdir.mk:34: Core/Src/main.o] Error 1
"make -j8 all" terminated with exit code 2. Build might be incomplete.
17:04:48 **** Incremental Build of configuration Debug for project LCD_1 ****
make -j8 all 
arm-none-eabi-gcc "../Core/Src/main.c" -mcpu=cortex-m4 -std=gnu11 -g3 -DDEBUG -DUSE_HAL_DRIVER -DSTM32F411xE -c -I../Core/Inc -I../Drivers/STM32F4xx_HAL_Driver/Inc -I../Drivers/STM32F4xx_HAL_Driver/Inc/Legacy -I../Drivers/CMSIS/Device/ST/STM32F4xx/Include -I../Drivers/CMSIS/Include -O0 -ffunction-sections -fdata-sections -Wall -fstack-usage -fcyclomatic-complexity -MMD -MP -MF"Core/Src/main.d" -MT"Core/Src/main.o" --specs=nano.specs -mfpu=fpv4-sp-d16 -mfloat-abi=hard -mthumb -o "Core/Src/main.o"
../Core/Src/main.c: In function 'main':
../Core/Src/main.c:91:5: error: 'LCD_t' has no member named '\U000000cbN_port'; did you mean 'EN_port'?
   91 | lcd.ËN_port = LCD_EN_GPIO_Port;
      |     ^~~~~~~
      |     EN_port
../Core/Src/main.c:91:15: error: 'LCD_EN_GPIO_Port' undeclared (first use in this function); did you mean 'D6_GPIO_Port'?
   91 | lcd.ËN_port = LCD_EN_GPIO_Port;
      |               ^~~~~~~~~~~~~~~~
      |               D6_GPIO_Port
../Core/Src/main.c:91:15: note: each undeclared identifier is reported only once for each function it appears in
../Core/Src/main.c:92:5: error: 'LCD_t' has no member named '\U000000cbN_pin'; did you mean 'EN_pin'?
   92 | lcd.ËN_pin = LCD_EN_Pin;
      |     ^~~~~~
      |     EN_pin
../Core/Src/main.c:92:14: error: 'LCD_EN_Pin' undeclared (first use in this function)
   92 | lcd.ËN_pin = LCD_EN_Pin;
      |              ^~~~~~~~~~
make: *** [Core/Src/subdir.mk:34: Core/Src/main.o] Error 1
"make -j8 all" terminated with exit code 2. Build might be incomplete.
17:05:36 **** Incremental Build of configuration Debug for project LCD_1 ****
make -j8 all 
arm-none-eabi-gcc "../Core/Src/main.c" -mcpu=cortex-m4 -std=gnu11 -g3 -DDEBUG -DUSE_HAL_DRIVER -DSTM32F411xE -c -I../Core/Inc -I../Drivers/STM32F4xx_HAL_Driver/Inc -I../Drivers/STM32F4xx_HAL_Driver/Inc/Legacy -I../Drivers/CMSIS/Device/ST/STM32F4xx/Include -I../Drivers/CMSIS/Include -O0 -ffunction-sections -fdata-sections -Wall -fstack-usage -fcyclomatic-complexity -MMD -MP -MF"Core/Src/main.d" -MT"Core/Src/main.o" --specs=nano.specs -mfpu=fpv4-sp-d16 -mfloat-abi=hard -mthumb -o "Core/Src/main.o"
../Core/Src/main.c: In function 'main':
../Core/Src/main.c:91:15: error: 'LCD_EN_GPIO_Port' undeclared (first use in this function); did you mean 'D6_GPIO_Port'?
   91 | lcd.EN_port = LCD_EN_GPIO_Port;
      |               ^~~~~~~~~~~~~~~~
      |               D6_GPIO_Port
../Core/Src/main.c:91:15: note: each undeclared identifier is reported only once for each function it appears in
../Core/Src/main.c:92:14: error: 'LCD_EN_Pin' undeclared (first use in this function)
   92 | lcd.EN_pin = LCD_EN_Pin;
      |              ^~~~~~~~~~
make: *** [Core/Src/subdir.mk:34: Core/Src/main.o] Error 1
"make -j8 all" terminated with exit code 2. Build might be incomplete.
17:06:37 **** Incremental Build of configuration Debug for project LCD_1 ****
make -j8 all 
arm-none-eabi-gcc "../Core/Src/main.c" -mcpu=cortex-m4 -std=gnu11 -g3 -DDEBUG -DUSE_HAL_DRIVER -DSTM32F411xE -c -I../Core/Inc -I../Drivers/STM32F4xx_HAL_Driver/Inc -I../Drivers/STM32F4xx_HAL_Driver/Inc/Legacy -I../Drivers/CMSIS/Device/ST/STM32F4xx/Include -I../Drivers/CMSIS/Include -O0 -ffunction-sections -fdata-sections -Wall -fstack-usage -fcyclomatic-complexity -MMD -MP -MF"Core/Src/main.d" -MT"Core/Src/main.o" --specs=nano.specs -mfpu=fpv4-sp-d16 -mfloat-abi=hard -mthumb -o "Core/Src/main.o"
../Core/Src/main.c: In function 'main':
../Core/Src/main.c:91:15: error: 'EN_GPIO_Port' undeclared (first use in this function); did you mean 'ENA_GPIO_Port'?
   91 | lcd.EN_port = EN_GPIO_Port;
      |               ^~~~~~~~~~~~
      |               ENA_GPIO_Port
../Core/Src/main.c:91:15: note: each undeclared identifier is reported only once for each function it appears in
../Core/Src/main.c:92:14: error: 'EN_Pin' undeclared (first use in this function); did you mean 'ENA_Pin'?
   92 | lcd.EN_pin = EN_Pin;
      |              ^~~~~~
      |              ENA_Pin
make: *** [Core/Src/subdir.mk:34: Core/Src/main.o] Error 1
"make -j8 all" terminated with exit code 2. Build might be incomplete.
17:07:17 **** Incremental Build of configuration Debug for project LCD_1 ****
make -j8 all 
arm-none-eabi-gcc "../Core/Src/main.c" -mcpu=cortex-m4 -std=gnu11 -g3 -DDEBUG -DUSE_HAL_DRIVER -DSTM32F411xE -c -I../Core/Inc -I../Drivers/STM32F4xx_HAL_Driver/Inc -I../Drivers/STM32F4xx_HAL_Driver/Inc/Legacy -I../Drivers/CMSIS/Device/ST/STM32F4xx/Include -I../Drivers/CMSIS/Include -O0 -ffunction-sections -fdata-sections -Wall -fstack-usage -fcyclomatic-complexity -MMD -MP -MF"Core/Src/main.d" -MT"Core/Src/main.o" --specs=nano.specs -mfpu=fpv4-sp-d16 -mfloat-abi=hard -mthumb -o "Core/Src/main.o"
arm-none-eabi-gcc -o "LCD_1.elf" @"objects.list"   -mcpu=cortex-m4 -T"C:\Users\57310\STMCubeIDE_1.13.2\Curso_2023_2\LCD\LCD_1\STM32F411RETX_FLASH.ld" --specs=nosys.specs -Wl,-Map="LCD_1.map" -Wl,--gc-sections -static --specs=nano.specs -mfpu=fpv4-sp-d16 -mfloat-abi=hard -mthumb -Wl,--start-group -lc -lm -Wl,--end-group
Finished building target: LCD_1.elf
 
arm-none-eabi-size   LCD_1.elf 
arm-none-eabi-objdump -h -S  LCD_1.elf  > "LCD_1.list"
   text	   data	    bss	    dec	    hex	filename
   6740	     20	   1636	   8396	   20cc	LCD_1.elf
Finished building: default.size.stdout
 
Finished building: LCD_1.list
 
17:11:16 **** Incremental Build of configuration Debug for project LCD_1 ****
make -j8 all 
arm-none-eabi-gcc "../Core/Src/main.c" -mcpu=cortex-m4 -std=gnu11 -g3 -DDEBUG -DUSE_HAL_DRIVER -DSTM32F411xE -c -I../Core/Inc -I../Drivers/STM32F4xx_HAL_Driver/Inc -I../Drivers/STM32F4xx_HAL_Driver/Inc/Legacy -I../Drivers/CMSIS/Device/ST/STM32F4xx/Include -I../Drivers/CMSIS/Include -O0 -ffunction-sections -fdata-sections -Wall -fstack-usage -fcyclomatic-complexity -MMD -MP -MF"Core/Src/main.d" -MT"Core/Src/main.o" --specs=nano.specs -mfpu=fpv4-sp-d16 -mfloat-abi=hard -mthumb -o "Core/Src/main.o"
arm-none-eabi-gcc -o "LCD_1.elf" @"objects.list"   -mcpu=cortex-m4 -T"C:\Users\57310\STMCubeIDE_1.13.2\Curso_2023_2\LCD\LCD_1\STM32F411RETX_FLASH.ld" --specs=nosys.specs -Wl,-Map="LCD_1.map" -Wl,--gc-sections -static --specs=nano.specs -mfpu=fpv4-sp-d16 -mfloat-abi=hard -mthumb -Wl,--start-group -lc -lm -Wl,--end-group
Finished building target: LCD_1.elf
 
arm-none-eabi-size   LCD_1.elf 
arm-none-eabi-objdump -h -S  LCD_1.elf  > "LCD_1.list"
   text	   data	    bss	    dec	    hex	filename
   6852	     20	   1636	   8508	   213c	LCD_1.elf
Finished building: default.size.stdout
 
Finished building: LCD_1.list
 
17:15:35 **** Incremental Build of configuration Debug for project LCD_1 ****
make -j8 all 
arm-none-eabi-gcc "../Core/Src/main.c" -mcpu=cortex-m4 -std=gnu11 -g3 -DDEBUG -DUSE_HAL_DRIVER -DSTM32F411xE -c -I../Core/Inc -I../Drivers/STM32F4xx_HAL_Driver/Inc -I../Drivers/STM32F4xx_HAL_Driver/Inc/Legacy -I../Drivers/CMSIS/Device/ST/STM32F4xx/Include -I../Drivers/CMSIS/Include -O0 -ffunction-sections -fdata-sections -Wall -fstack-usage -fcyclomatic-complexity -MMD -MP -MF"Core/Src/main.d" -MT"Core/Src/main.o" --specs=nano.specs -mfpu=fpv4-sp-d16 -mfloat-abi=hard -mthumb -o "Core/Src/main.o"
../Core/Src/main.c: In function 'main':
../Core/Src/main.c:107:11: error: incompatible type for argument 1 of 'lcd_print'
  107 | lcd_print(lcd, "Programacion LCD");
      |           ^~~
      |           |
      |           LCD_t
In file included from ../Core/Src/main.c:24:
../Core/Inc/lcd.h:97:23: note: expected 'LCD_t *' but argument is of type 'LCD_t'
   97 | void lcd_print(LCD_t *lcd, char *str);
      |                ~~~~~~~^~~
../Core/Src/main.c:109:11: error: incompatible type for argument 1 of 'lcd_print'
  109 | lcd_print(lcd, "Sistemas Digitales");
      |           ^~~
      |           |
      |           LCD_t
In file included from ../Core/Src/main.c:24:
../Core/Inc/lcd.h:97:23: note: expected 'LCD_t *' but argument is of type 'LCD_t'
   97 | void lcd_print(LCD_t *lcd, char *str);
      |                ~~~~~~~^~~
make: *** [Core/Src/subdir.mk:34: Core/Src/main.o] Error 1
"make -j8 all" terminated with exit code 2. Build might be incomplete.
17:16:46 **** Incremental Build of configuration Debug for project LCD_1 ****
make -j8 all 
arm-none-eabi-gcc "../Core/Src/main.c" -mcpu=cortex-m4 -std=gnu11 -g3 -DDEBUG -DUSE_HAL_DRIVER -DSTM32F411xE -c -I../Core/Inc -I../Drivers/STM32F4xx_HAL_Driver/Inc -I../Drivers/STM32F4xx_HAL_Driver/Inc/Legacy -I../Drivers/CMSIS/Device/ST/STM32F4xx/Include -I../Drivers/CMSIS/Include -O0 -ffunction-sections -fdata-sections -Wall -fstack-usage -fcyclomatic-complexity -MMD -MP -MF"Core/Src/main.d" -MT"Core/Src/main.o" --specs=nano.specs -mfpu=fpv4-sp-d16 -mfloat-abi=hard -mthumb -o "Core/Src/main.o"
arm-none-eabi-gcc -o "LCD_1.elf" @"objects.list"   -mcpu=cortex-m4 -T"C:\Users\57310\STMCubeIDE_1.13.2\Curso_2023_2\LCD\LCD_1\STM32F411RETX_FLASH.ld" --specs=nosys.specs -Wl,-Map="LCD_1.map" -Wl,--gc-sections -static --specs=nano.specs -mfpu=fpv4-sp-d16 -mfloat-abi=hard -mthumb -Wl,--start-group -lc -lm -Wl,--end-group
Finished building target: LCD_1.elf
 
arm-none-eabi-size   LCD_1.elf 
arm-none-eabi-objdump -h -S  LCD_1.elf  > "LCD_1.list"
   text	   data	    bss	    dec	    hex	filename
   7100	     20	   1636	   8756	   2234	LCD_1.elf
Finished building: default.size.stdout
 
Finished building: LCD_1.list
 
17:17:53 **** Incremental Build of configuration Debug for project LCD_1 ****
make -j8 all 
arm-none-eabi-gcc "../Core/Src/main.c" -mcpu=cortex-m4 -std=gnu11 -g3 -DDEBUG -DUSE_HAL_DRIVER -DSTM32F411xE -c -I../Core/Inc -I../Drivers/STM32F4xx_HAL_Driver/Inc -I../Drivers/STM32F4xx_HAL_Driver/Inc/Legacy -I../Drivers/CMSIS/Device/ST/STM32F4xx/Include -I../Drivers/CMSIS/Include -O0 -ffunction-sections -fdata-sections -Wall -fstack-usage -fcyclomatic-complexity -MMD -MP -MF"Core/Src/main.d" -MT"Core/Src/main.o" --specs=nano.specs -mfpu=fpv4-sp-d16 -mfloat-abi=hard -mthumb -o "Core/Src/main.o"
arm-none-eabi-gcc -o "LCD_1.elf" @"objects.list"   -mcpu=cortex-m4 -T"C:\Users\57310\STMCubeIDE_1.13.2\Curso_2023_2\LCD\LCD_1\STM32F411RETX_FLASH.ld" --specs=nosys.specs -Wl,-Map="LCD_1.map" -Wl,--gc-sections -static --specs=nano.specs -mfpu=fpv4-sp-d16 -mfloat-abi=hard -mthumb -Wl,--start-group -lc -lm -Wl,--end-group
Finished building target: LCD_1.elf
 
arm-none-eabi-size   LCD_1.elf 
arm-none-eabi-objdump -h -S  LCD_1.elf  > "LCD_1.list"
   text	   data	    bss	    dec	    hex	filename
   7144	     20	   1636	   8800	   2260	LCD_1.elf
Finished building: default.size.stdout
 
Finished building: LCD_1.list
 
17:29:32 **** Incremental Build of configuration Debug for project LCD_1 ****
make -j8 all 
arm-none-eabi-gcc "../Core/Src/main.c" -mcpu=cortex-m4 -std=gnu11 -g3 -DDEBUG -DUSE_HAL_DRIVER -DSTM32F411xE -c -I../Core/Inc -I../Drivers/STM32F4xx_HAL_Driver/Inc -I../Drivers/STM32F4xx_HAL_Driver/Inc/Legacy -I../Drivers/CMSIS/Device/ST/STM32F4xx/Include -I../Drivers/CMSIS/Include -O0 -ffunction-sections -fdata-sections -Wall -fstack-usage -fcyclomatic-complexity -MMD -MP -MF"Core/Src/main.d" -MT"Core/Src/main.o" --specs=nano.specs -mfpu=fpv4-sp-d16 -mfloat-abi=hard -mthumb -o "Core/Src/main.o"
arm-none-eabi-gcc -o "LCD_1.elf" @"objects.list"   -mcpu=cortex-m4 -T"C:\Users\57310\STMCubeIDE_1.13.2\Curso_2023_2\LCD\LCD_1\STM32F411RETX_FLASH.ld" --specs=nosys.specs -Wl,-Map="LCD_1.map" -Wl,--gc-sections -static --specs=nano.specs -mfpu=fpv4-sp-d16 -mfloat-abi=hard -mthumb -Wl,--start-group -lc -lm -Wl,--end-group
Finished building target: LCD_1.elf
 
arm-none-eabi-size   LCD_1.elf 
arm-none-eabi-objdump -h -S  LCD_1.elf  > "LCD_1.list"
   text	   data	    bss	    dec	    hex	filename
   7448	     20	   1636	   9104	   2390	LCD_1.elf
Finished building: default.size.stdout
 
Finished building: LCD_1.list
 
17:33:30 **** Incremental Build of configuration Debug for project LCD_1 ****
make -j8 all 
arm-none-eabi-gcc "../Core/Src/main.c" -mcpu=cortex-m4 -std=gnu11 -g3 -DDEBUG -DUSE_HAL_DRIVER -DSTM32F411xE -c -I../Core/Inc -I../Drivers/STM32F4xx_HAL_Driver/Inc -I../Drivers/STM32F4xx_HAL_Driver/Inc/Legacy -I../Drivers/CMSIS/Device/ST/STM32F4xx/Include -I../Drivers/CMSIS/Include -O0 -ffunction-sections -fdata-sections -Wall -fstack-usage -fcyclomatic-complexity -MMD -MP -MF"Core/Src/main.d" -MT"Core/Src/main.o" --specs=nano.specs -mfpu=fpv4-sp-d16 -mfloat-abi=hard -mthumb -o "Core/Src/main.o"
arm-none-eabi-gcc -o "LCD_1.elf" @"objects.list"   -mcpu=cortex-m4 -T"C:\Users\57310\STMCubeIDE_1.13.2\Curso_2023_2\LCD\LCD_1\STM32F411RETX_FLASH.ld" --specs=nosys.specs -Wl,-Map="LCD_1.map" -Wl,--gc-sections -static --specs=nano.specs -mfpu=fpv4-sp-d16 -mfloat-abi=hard -mthumb -Wl,--start-group -lc -lm -Wl,--end-group
Finished building target: LCD_1.elf
 
arm-none-eabi-size   LCD_1.elf 
arm-none-eabi-objdump -h -S  LCD_1.elf  > "LCD_1.list"
   text	   data	    bss	    dec	    hex	filename
   7556	     20	   1636	   9212	   23fc	LCD_1.elf
Finished building: default.size.stdout
 
Finished building: LCD_1.list
 
18:09:20 **** Incremental Build of configuration Debug for project LCD_1 ****
make -j8 all 
arm-none-eabi-size   LCD_1.elf 
   text	   data	    bss	    dec	    hex	filename
   7556	     20	   1636	   9212	   23fc	LCD_1.elf
Finished building: default.size.stdout
 
18:09:33 **** Incremental Build of configuration Debug for project LCD_1 ****
make -j8 all 
arm-none-eabi-size   LCD_1.elf 
   text	   data	    bss	    dec	    hex	filename
   7556	     20	   1636	   9212	   23fc	LCD_1.elf
Finished building: default.size.stdout
 
18:09:48 **** Incremental Build of configuration Debug for project LCD_1 ****
make -j8 all 
arm-none-eabi-size   LCD_1.elf 
   text	   data	    bss	    dec	    hex	filename
   7556	     20	   1636	   9212	   23fc	LCD_1.elf
Finished building: default.size.stdout
 
18:12:33 **** Incremental Build of configuration Debug for project LCD_1 ****
make -j8 all 
arm-none-eabi-gcc "../Core/Src/main.c" -mcpu=cortex-m4 -std=gnu11 -g3 -DDEBUG -DUSE_HAL_DRIVER -DSTM32F411xE -c -I../Core/Inc -I../Drivers/STM32F4xx_HAL_Driver/Inc -I../Drivers/STM32F4xx_HAL_Driver/Inc/Legacy -I../Drivers/CMSIS/Device/ST/STM32F4xx/Include -I../Drivers/CMSIS/Include -O0 -ffunction-sections -fdata-sections -Wall -fstack-usage -fcyclomatic-complexity -MMD -MP -MF"Core/Src/main.d" -MT"Core/Src/main.o" --specs=nano.specs -mfpu=fpv4-sp-d16 -mfloat-abi=hard -mthumb -o "Core/Src/main.o"
arm-none-eabi-gcc -o "LCD_1.elf" @"objects.list"   -mcpu=cortex-m4 -T"C:\Users\57310\STMCubeIDE_1.13.2\Curso_2023_2\LCD\LCD_1\STM32F411RETX_FLASH.ld" --specs=nosys.specs -Wl,-Map="LCD_1.map" -Wl,--gc-sections -static --specs=nano.specs -mfpu=fpv4-sp-d16 -mfloat-abi=hard -mthumb -Wl,--start-group -lc -lm -Wl,--end-group
Finished building target: LCD_1.elf
 
arm-none-eabi-size   LCD_1.elf 
arm-none-eabi-objdump -h -S  LCD_1.elf  > "LCD_1.list"
   text	   data	    bss	    dec	    hex	filename
   7564	     20	   1636	   9220	   2404	LCD_1.elf
Finished building: default.size.stdout
 
Finished building: LCD_1.list
 
18:12:53 **** Incremental Build of configuration Debug for project LCD_1 ****
make -j8 all 
arm-none-eabi-size   LCD_1.elf 
   text	   data	    bss	    dec	    hex	filename
[...]
../Core/Src/main.c: In function 'main':
../Core/Src/main.c:97:3: warning: implicit declaration of function 'I2C_lcd_Text'; did you mean 'I2C_Lcd_Text'? [-Wimplicit-function-declaration]
   97 |   I2C_lcd_Text(1, 3, "Digital");
      |   ^~~~~~~~~~~~
      |   I2C_Lcd_Text
../Core/Src/main.c:98:3: warning: implicit declaration of function 'I2C_lcd_Chr'; did you mean 'I2C_Lcd_Chr'? [-Wimplicit-function-declaration]
   98 |   I2C_lcd_Chr(1, 3, "Digitales_1");
      |   ^~~~~~~~~~~
      |   I2C_Lcd_Chr
../Core/Src/main.c:100:3: warning: implicit declaration of function 'I2C_lcd_Text_Cp'; did you mean 'I2C_Lcd_Text_Cp'? [-Wimplicit-function-declaration]
  100 |   I2C_lcd_Text_Cp("Voltaje");
      |   ^~~~~~~~~~~~~~~
      |   I2C_Lcd_Text_Cp
arm-none-eabi-gcc -o "LCD_I2C.elf" @"objects.list"   -mcpu=cortex-m4 -T"C:\Users\57310\STMCubeIDE_1.13.2\Curso_2023_2\LCD\LCD_I2C\STM32F411RETX_FLASH.ld" --specs=nosys.specs -Wl,-Map="LCD_I2C.map" -Wl,--gc-sections -static --specs=nano.specs -mfpu=fpv4-sp-d16 -mfloat-abi=hard -mthumb -Wl,--start-group -lc -lm -Wl,--end-group
C:/ST/STM32CubeIDE_1.13.2/STM32CubeIDE/plugins/com.st.stm32cube.ide.mcu.externaltools.gnu-tools-for-stm32.11.3.rel1.win32_1.1.1.202309131626/tools/bin/../lib/gcc/arm-none-eabi/11.3.1/../../../../arm-none-eabi/bin/ld.exe: ./Core/Src/main.o: in function `main':
C:/Users/57310/STMCubeIDE_1.13.2/Curso_2023_2/LCD/LCD_I2C/Debug/../Core/Src/main.c:97: undefined reference to `I2C_lcd_Text'
C:/ST/STM32CubeIDE_1.13.2/STM32CubeIDE/plugins/com.st.stm32cube.ide.mcu.externaltools.gnu-tools-for-stm32.11.3.rel1.win32_1.1.1.202309131626/tools/bin/../lib/gcc/arm-none-eabi/11.3.1/../../../../arm-none-eabi/bin/ld.exe: C:/Users/57310/STMCubeIDE_1.13.2/Curso_2023_2/LCD/LCD_I2C/Debug/../Core/Src/main.c:98: undefined reference to `I2C_lcd_Chr'
C:/ST/STM32CubeIDE_1.13.2/STM32CubeIDE/plugins/com.st.stm32cube.ide.mcu.externaltools.gnu-tools-for-stm32.11.3.rel1.win32_1.1.1.202309131626/tools/bin/../lib/gcc/arm-none-eabi/11.3.1/../../../../arm-none-eabi/bin/ld.exe: C:/Users/57310/STMCubeIDE_1.13.2/Curso_2023_2/LCD/LCD_I2C/Debug/../Core/Src/main.c:100: undefined reference to `I2C_lcd_Text_Cp'
C:/ST/STM32CubeIDE_1.13.2/STM32CubeIDE/plugins/com.st.stm32cube.ide.mcu.externaltools.gnu-tools-for-stm32.11.3.rel1.win32_1.1.1.202309131626/tools/bin/../lib/gcc/arm-none-eabi/11.3.1/../../../../arm-none-eabi/bin/ld.exe: C:/Users/57310/STMCubeIDE_1.13.2/Curso_2023_2/LCD/LCD_I2C/Debug/../Core/Src/main.c:101: undefined reference to `I2C_lcd_Text_Cp'
collect2.exe: error: ld returned 1 exit status
make: *** [makefile:64: LCD_I2C.elf] Error 1
"make -j8 all" terminated with exit code 2. Build might be incomplete.
00:44:34 **** Incremental Build of configuration Debug for project LCD_1 ****
make -j8 all 
arm-none-eabi-size   LCD_1.elf 
   text	   data	    bss	    dec	    hex	filename
  21892	    476	   1972	  24340	   5f14	LCD_1.elf
Finished building: default.size.stdout
 
00:44:34 **** Incremental Build of configuration Debug for project LCD_ARZ ****
make -j8 all 
arm-none-eabi-size   LCD_ARZ.elf 
   text	   data	    bss	    dec	    hex	filename
   9680	     36	   1652	  11368	   2c68	LCD_ARZ.elf
Finished building: default.size.stdout
 
00:44:35 **** Incremental Build of configuration Debug for project LCD_I2C ****
make -j8 all 
arm-none-eabi-gcc "../Core/Src/main.c" -mcpu=cortex-m4 -std=gnu11 -g3 -DDEBUG -DUSE_HAL_DRIVER -DSTM32F411xE -c -I../Core/Inc -I../Drivers/STM32F4xx_HAL_Driver/Inc -I../Drivers/STM32F4xx_HAL_Driver/Inc/Legacy -I../Drivers/CMSIS/Device/ST/STM32F4xx/Include -I../Drivers/CMSIS/Include -O0 -ffunction-sections -fdata-sections -Wall -fstack-usage -fcyclomatic-complexity -MMD -MP -MF"Core/Src/main.d" -MT"Core/Src/main.o" --specs=nano.specs -mfpu=fpv4-sp-d16 -mfloat-abi=hard -mthumb -o "Core/Src/main.o"
../Core/Src/main.c: In function 'main':
../Core/Src/main.c:97:3: warning: implicit declaration of function 'I2C_lcd_Text'; did you mean 'I2C_Lcd_Text'? [-Wimplicit-function-declaration]
   97 |   I2C_lcd_Text(2, 3, "Digital");
      |   ^~~~~~~~~~~~
      |   I2C_Lcd_Text
../Core/Src/main.c:98:3: warning: implicit declaration of function 'I2C_lcd_Chr'; did you mean 'I2C_Lcd_Chr'? [-Wimplicit-function-declaration]
   98 |   I2C_lcd_Chr(3, 3, "Digital");
      |   ^~~~~~~~~~~
      |   I2C_Lcd_Chr
../Core/Src/main.c:100:3: warning: implicit declaration of function 'I2C_lcd_Text_Cp'; did you mean 'I2C_Lcd_Text_Cp'? [-Wimplicit-function-declaration]
  100 |   I2C_lcd_Text_Cp("Voltaje");
      |   ^~~~~~~~~~~~~~~
      |   I2C_Lcd_Text_Cp
arm-none-eabi-gcc -o "LCD_I2C.elf" @"objects.list"   -mcpu=cortex-m4 -T"C:\Users\57310\STMCubeIDE_1.13.2\Curso_2023_2\LCD\LCD_I2C\STM32F411RETX_FLASH.ld" --specs=nosys.specs -Wl,-Map="LCD_I2C.map" -Wl,--gc-sections -static --specs=nano.specs -mfpu=fpv4-sp-d16 -mfloat-abi=hard -mthumb -Wl,--start-group -lc -lm -Wl,--end-group
C:/ST/STM32CubeIDE_1.13.2/STM32CubeIDE/plugins/com.st.stm32cube.ide.mcu.externaltools.gnu-tools-for-stm32.11.3.rel1.win32_1.1.1.202309131626/tools/bin/../lib/gcc/arm-none-eabi/11.3.1/../../../../arm-none-eabi/bin/ld.exe: ./Core/Src/main.o: in function `main':
C:/Users/57310/STMCubeIDE_1.13.2/Curso_2023_2/LCD/LCD_I2C/Debug/../Core/Src/main.c:97: undefined reference to `I2C_lcd_Text'
C:/ST/STM32CubeIDE_1.13.2/STM32CubeIDE/plugins/com.st.stm32cube.ide.mcu.externaltools.gnu-tools-for-stm32.11.3.rel1.win32_1.1.1.202309131626/tools/bin/../lib/gcc/arm-none-eabi/11.3.1/../../../../arm-none-eabi/bin/ld.exe: C:/Users/57310/STMCubeIDE_1.13.2/Curso_2023_2/LCD/LCD_I2C/Debug/../Core/Src/main.c:98: undefined reference to `I2C_lcd_Chr'
C:/ST/STM32CubeIDE_1.13.2/STM32CubeIDE/plugins/com.st.stm32cube.ide.mcu.externaltools.gnu-tools-for-stm32.11.3.rel1.win32_1.1.1.202309131626/tools/bin/../lib/gcc/arm-none-eabi/11.3.1/../../../../arm-none-eabi/bin/ld.exe: C:/Users/57310/STMCubeIDE_1.13.2/Curso_2023_2/LCD/LCD_I2C/Debug/../Core/Src/main.c:100: undefined reference to `I2C_lcd_Text_Cp'
C:/ST/STM32CubeIDE_1.13.2/STM32CubeIDE/plugins/com.st.stm32cube.ide.mcu.externaltools.gnu-tools-for-stm32.11.3.rel1.win32_1.1.1.202309131626/tools/bin/../lib/gcc/arm-none-eabi/11.3.1/../../../../arm-none-eabi/bin/ld.exe: C:/Users/57310/STMCubeIDE_1.13.2/Curso_2023_2/LCD/LCD_I2C/Debug/../Core/Src/main.c:101: undefined reference to `I2C_lcd_Text_Cp'
collect2.exe: error: ld returned 1 exit status
make: *** [makefile:64: LCD_I2C.elf] Error 1
"make -j8 all" terminated with exit code 2. Build might be incomplete.
00:44:57 **** Incremental Build of configuration Debug for project LCD_1 ****
make -j8 all 
arm-none-eabi-size   LCD_1.elf 
   text	   data	    bss	    dec	    hex	filename
  21892	    476	   1972	  24340	   5f14	LCD_1.elf
Finished building: default.size.stdout
 
00:44:58 **** Incremental Build of configuration Debug for project LCD_ARZ ****
make -j8 all 
arm-none-eabi-size   LCD_ARZ.elf 
   text	   data	    bss	    dec	    hex	filename
   9680	     36	   1652	  11368	   2c68	LCD_ARZ.elf
Finished building: default.size.stdout
 
00:44:59 **** Incremental Build of configuration Debug for project LCD_I2C ****
make -j8 all 
arm-none-eabi-gcc "../Core/Src/main.c" -mcpu=cortex-m4 -std=gnu11 -g3 -DDEBUG -DUSE_HAL_DRIVER -DSTM32F411xE -c -I../Core/Inc -I../Drivers/STM32F4xx_HAL_Driver/Inc -I../Drivers/STM32F4xx_HAL_Driver/Inc/Legacy -I../Drivers/CMSIS/Device/ST/STM32F4xx/Include -I../Drivers/CMSIS/Include -O0 -ffunction-sections -fdata-sections -Wall -fstack-usage -fcyclomatic-complexity -MMD -MP -MF"Core/Src/main.d" -MT"Core/Src/main.o" --specs=nano.specs -mfpu=fpv4-sp-d16 -mfloat-abi=hard -mthumb -o "Core/Src/main.o"
../Core/Src/main.c: In function 'main':
../Core/Src/main.c:101:3: warning: implicit declaration of function 'I2C_lcd_Text_Cp'; did you mean 'I2C_Lcd_Text_Cp'? [-Wimplicit-function-declaration]
  101 |   I2C_lcd_Text_Cp("Corriente");
      |   ^~~~~~~~~~~~~~~
      |   I2C_Lcd_Text_Cp
arm-none-eabi-gcc -o "LCD_I2C.elf" @"objects.list"   -mcpu=cortex-m4 -T"C:\Users\57310\STMCubeIDE_1.13.2\Curso_2023_2\LCD\LCD_I2C\STM32F411RETX_FLASH.ld" --specs=nosys.specs -Wl,-Map="LCD_I2C.map" -Wl,--gc-sections -static --specs=nano.specs -mfpu=fpv4-sp-d16 -mfloat-abi=hard -mthumb -Wl,--start-group -lc -lm -Wl,--end-group
C:/ST/STM32CubeIDE_1.13.2/STM32CubeIDE/plugins/com.st.stm32cube.ide.mcu.externaltools.gnu-tools-for-stm32.11.3.rel1.win32_1.1.1.202309131626/tools/bin/../lib/gcc/arm-none-eabi/11.3.1/../../../../arm-none-eabi/bin/ld.exe: ./Core/Src/main.o: in function `main':
C:/Users/57310/STMCubeIDE_1.13.2/Curso_2023_2/LCD/LCD_I2C/Debug/../Core/Src/main.c:101: undefined reference to `I2C_lcd_Text_Cp'
collect2.exe: error: ld returned 1 exit status
make: *** [makefile:64: LCD_I2C.elf] Error 1
"make -j8 all" terminated with exit code 2. Build might be incomplete.
00:45:16 **** Incremental Build of configuration Debug for project LCD_1 ****
make -j8 all 
arm-none-eabi-size   LCD_1.elf 
   text	   data	    bss	    dec	    hex	filename
  21892	    476	   1972	  24340	   5f14	LCD_1.elf
Finished building: default.size.stdout
 
00:45:17 **** Incremental Build of configuration Debug for project LCD_ARZ ****
make -j8 all 
arm-none-eabi-size   LCD_ARZ.elf 
   text	   data	    bss	    dec	    hex	filename
   9680	     36	   1652	  11368	   2c68	LCD_ARZ.elf
Finished building: default.size.stdout
 
00:45:18 **** Incremental Build of configuration Debug for project LCD_I2C ****
make -j8 all 
arm-none-eabi-gcc "../Core/Src/main.c" -mcpu=cortex-m4 -std=gnu11 -g3 -DDEBUG -DUSE_HAL_DRIVER -DSTM32F411xE -c -I../Core/Inc -I../Drivers/STM32F4xx_HAL_Driver/Inc -I../Drivers/STM32F4xx_HAL_Driver/Inc/Legacy -I../Drivers/CMSIS/Device/ST/STM32F4xx/Include -I../Drivers/CMSIS/Include -O0 -ffunction-sections -fdata-sections -Wall -fstack-usage -fcyclomatic-complexity -MMD -MP -MF"Core/Src/main.d" -MT"Core/Src/main.o" --specs=nano.specs -mfpu=fpv4-sp-d16 -mfloat-abi=hard -mthumb -o "Core/Src/main.o"
arm-none-eabi-gcc -o "LCD_I2C.elf" @"objects.list"   -mcpu=cortex-m4 -T"C:\Users\57310\STMCubeIDE_1.13.2\Curso_2023_2\LCD\LCD_I2C\STM32F411RETX_FLASH.ld" --specs=nosys.specs -Wl,-Map="LCD_I2C.map" -Wl,--gc-sections -static --specs=nano.specs -mfpu=fpv4-sp-d16 -mfloat-abi=hard -mthumb -Wl,--start-group -lc -lm -Wl,--end-group
Finished building target: LCD_I2C.elf
 
arm-none-eabi-size   LCD_I2C.elf 
arm-none-eabi-objdump -h -S  LCD_I2C.elf  > "LCD_I2C.list"
   text	   data	    bss	    dec	    hex	filename
   9448	     20	   1652	  11120	   2b70	LCD_I2C.elf
Finished building: default.size.stdout
 
Finished building: LCD_I2C.list
 
00:46:19 **** Incremental Build of configuration Debug for project LCD_1 ****
make -j8 all 
arm-none-eabi-size   LCD_1.elf 
   text	   data	    bss	    dec	    hex	filename
  21892	    476	   1972	  24340	   5f14	LCD_1.elf
Finished building: default.size.stdout
 
00:46:20 **** Incremental Build of configuration Debug for project LCD_ARZ ****
make -j8 all 
arm-none-eabi-size   LCD_ARZ.elf 
   text	   data	    bss	    dec	    hex	filename
   9680	     36	   1652	  11368	   2c68	LCD_ARZ.elf
Finished building: default.size.stdout
 
00:46:21 **** Incremental Build of configuration Debug for project LCD_I2C ****
make -j8 all 
arm-none-eabi-gcc "../Core/Src/main.c" -mcpu=cortex-m4 -std=gnu11 -g3 -DDEBUG -DUSE_HAL_DRIVER -DSTM32F411xE -c -I../Core/Inc -I../Drivers/STM32F4xx_HAL_Driver/Inc -I../Drivers/STM32F4xx_HAL_Driver/Inc/Legacy -I../Drivers/CMSIS/Device/ST/STM32F4xx/Include -I../Drivers/CMSIS/Include -O0 -ffunction-sections -fdata-sections -Wall -fstack-usage -fcyclomatic-complexity -MMD -MP -MF"Core/Src/main.d" -MT"Core/Src/main.o" --specs=nano.specs -mfpu=fpv4-sp-d16 -mfloat-abi=hard -mthumb -o "Core/Src/main.o"
../Core/Src/main.c: In function 'main':
../Core/Src/main.c:97:3: warning: implicit declaration of function 'I2C_lcd_Text'; did you mean 'I2C_Lcd_Text'? [-Wimplicit-function-declaration]
   97 |   I2C_lcd_Text(2, 3, "Digital");
      |   ^~~~~~~~~~~~
      |   I2C_Lcd_Text
arm-none-eabi-gcc -o "LCD_I2C.elf" @"objects.list"   -mcpu=cortex-m4 -T"C:\Users\57310\STMCubeIDE_1.13.2\Curso_2023_2\LCD\LCD_I2C\STM32F411RETX_FLASH.ld" --specs=nosys.specs -Wl,-Map="LCD_I2C.map" -Wl,--gc-sections -static --specs=nano.specs -mfpu=fpv4-sp-d16 -mfloat-abi=hard -mthumb -Wl,--start-group -lc -lm -Wl,--end-group
C:/ST/STM32CubeIDE_1.13.2/STM32CubeIDE/plugins/com.st.stm32cube.ide.mcu.externaltools.gnu-tools-for-stm32.11.3.rel1.win32_1.1.1.202309131626/tools/bin/../lib/gcc/arm-none-eabi/11.3.1/../../../../arm-none-eabi/bin/ld.exe: ./Core/Src/main.o: in function `main':
C:/Users/57310/STMCubeIDE_1.13.2/Curso_2023_2/LCD/LCD_I2C/Debug/../Core/Src/main.c:97: undefined reference to `I2C_lcd_Text'
collect2.exe: error: ld returned 1 exit status
make: *** [makefile:64: LCD_I2C.elf] Error 1
"make -j8 all" terminated with exit code 2. Build might be incomplete.
00:46:39 **** Incremental Build of configuration Debug for project LCD_1 ****
make -j8 all 
arm-none-eabi-size   LCD_1.elf 
   text	   data	    bss	    dec	    hex	filename
  21892	    476	   1972	  24340	   5f14	LCD_1.elf
Finished building: default.size.stdout
 
00:46:40 **** Incremental Build of configuration Debug for project LCD_ARZ ****
make -j8 all 
arm-none-eabi-size   LCD_ARZ.elf 
   text	   data	    bss	    dec	    hex	filename
   9680	     36	   1652	  11368	   2c68	LCD_ARZ.elf
Finished building: default.size.stdout
 
00:46:40 **** Incremental Build of configuration Debug for project LCD_I2C ****
make -j8 all 
arm-none-eabi-gcc "../Core/Src/main.c" -mcpu=cortex-m4 -std=gnu11 -g3 -DDEBUG -DUSE_HAL_DRIVER -DSTM32F411xE -c -I../Core/Inc -I../Drivers/STM32F4xx_HAL_Driver/Inc -I../Drivers/STM32F4xx_HAL_Driver/Inc/Legacy -I../Drivers/CMSIS/Device/ST/STM32F4xx/Include -I../Drivers/CMSIS/Include -O0 -ffunction-sections -fdata-sections -Wall -fstack-usage -fcyclomatic-complexity -MMD -MP -MF"Core/Src/main.d" -MT"Core/Src/main.o" --specs=nano.specs -mfpu=fpv4-sp-d16 -mfloat-abi=hard -mthumb -o "Core/Src/main.o"
../Core/Src/main.c: In function 'main':
../Core/Src/main.c:97:3: warning: implicit declaration of function 'I2C_lcd_Text'; did you mean 'I2C_Lcd_Text'? [-Wimplicit-function-declaration]
   97 |   I2C_lcd_Text(1, 3, "Digital");
      |   ^~~~~~~~~~~~
      |   I2C_Lcd_Text
arm-none-eabi-gcc -o "LCD_I2C.elf" @"objects.list"   -mcpu=cortex-m4 -T"C:\Users\57310\STMCubeIDE_1.13.2\Curso_2023_2\LCD\LCD_I2C\STM32F411RETX_FLASH.ld" --specs=nosys.specs -Wl,-Map="LCD_I2C.map" -Wl,--gc-sections -static --specs=nano.specs -mfpu=fpv4-sp-d16 -mfloat-abi=hard -mthumb -Wl,--start-group -lc -lm -Wl,--end-group
C:/ST/STM32CubeIDE_1.13.2/STM32CubeIDE/plugins/com.st.stm32cube.ide.mcu.externaltools.gnu-tools-for-stm32.11.3.rel1.win32_1.1.1.202309131626/tools/bin/../lib/gcc/arm-none-eabi/11.3.1/../../../../arm-none-eabi/bin/ld.exe: ./Core/Src/main.o: in function `main':
C:/Users/57310/STMCubeIDE_1.13.2/Curso_2023_2/LCD/LCD_I2C/Debug/../Core/Src/main.c:97: undefined reference to `I2C_lcd_Text'
collect2.exe: error: ld returned 1 exit status
make: *** [makefile:64: LCD_I2C.elf] Error 1
"make -j8 all" terminated with exit code 2. Build might be incomplete.
00:47:04 **** Incremental Build of configuration Debug for project LCD_1 ****
make -j8 all 
arm-none-eabi-size   LCD_1.elf 
   text	   data	    bss	    dec	    hex	filename
  21892	    476	   1972	  24340	   5f14	LCD_1.elf
Finished building: default.size.stdout
 
00:47:05 **** Incremental Build of configuration Debug for project LCD_ARZ ****
make -j8 all 
arm-none-eabi-size   LCD_ARZ.elf 
   text	   data	    bss	    dec	    hex	filename
   9680	     36	   1652	  11368	   2c68	LCD_ARZ.elf
Finished building: default.size.stdout
 
00:47:06 **** Incremental Build of configuration Debug for project LCD_I2C ****
make -j8 all 
arm-none-eabi-gcc "../Core/Src/main.c" -mcpu=cortex-m4 -std=gnu11 -g3 -DDEBUG -DUSE_HAL_DRIVER -DSTM32F411xE -c -I../Core/Inc -I../Drivers/STM32F4xx_HAL_Driver/Inc -I../Drivers/STM32F4xx_HAL_Driver/Inc/Legacy -I../Drivers/CMSIS/Device/ST/STM32F4xx/Include -I../Drivers/CMSIS/Include -O0 -ffunction-sections -fdata-sections -Wall -fstack-usage -fcyclomatic-complexity -MMD -MP -MF"Core/Src/main.d" -MT"Core/Src/main.o" --specs=nano.specs -mfpu=fpv4-sp-d16 -mfloat-abi=hard -mthumb -o "Core/Src/main.o"
arm-none-eabi-gcc -o "LCD_I2C.elf" @"objects.list"   -mcpu=cortex-m4 -T"C:\Users\57310\STMCubeIDE_1.13.2\Curso_2023_2\LCD\LCD_I2C\STM32F411RETX_FLASH.ld" --specs=nosys.specs -Wl,-Map="LCD_I2C.map" -Wl,--gc-sections -static --specs=nano.specs -mfpu=fpv4-sp-d16 -mfloat-abi=hard -mthumb -Wl,--start-group -lc -lm -Wl,--end-group
Finished building target: LCD_I2C.elf
 
arm-none-eabi-size   LCD_I2C.elf 
arm-none-eabi-objdump -h -S  LCD_I2C.elf  > "LCD_I2C.list"
   text	   data	    bss	    dec	    hex	filename
   9448	     20	   1652	  11120	   2b70	LCD_I2C.elf
Finished building: default.size.stdout
 
Finished building: LCD_I2C.list
 
00:57:52 **** Incremental Build of configuration Debug for project LCD_I2C ****
make -j8 all 
arm-none-eabi-size   LCD_I2C.elf 
   text	   data	    bss	    dec	    hex	filename
   9448	     20	   1652	  11120	   2b70	LCD_I2C.elf
Finished building: default.size.stdout
 
00:58:43 **** Incremental Build of configuration Debug for project LCD_1 ****
make -j8 all 
arm-none-eabi-size   LCD_1.elf 
   text	   data	    bss	    dec	    hex	filename
  21892	    476	   1972	  24340	   5f14	LCD_1.elf
Finished building: default.size.stdout
 
00:58:44 **** Incremental Build of configuration Debug for project LCD_ARZ ****
make -j8 all 
arm-none-eabi-size   LCD_ARZ.elf 
   text	   data	    bss	    dec	    hex	filename
   9680	     36	   1652	  11368	   2c68	LCD_ARZ.elf
Finished building: default.size.stdout
 
00:58:45 **** Incremental Build of configuration Debug for project LCD_I2C ****
make -j8 all 
arm-none-eabi-gcc "../Core/Src/LCD_I2C.c" -mcpu=cortex-m4 -std=gnu11 -g3 -DDEBUG -DUSE_HAL_DRIVER -DSTM32F411xE -c -I../Core/Inc -I../Drivers/STM32F4xx_HAL_Driver/Inc -I../Drivers/STM32F4xx_HAL_Driver/Inc/Legacy -I../Drivers/CMSIS/Device/ST/STM32F4xx/Include -I../Drivers/CMSIS/Include -O0 -ffunction-sections -fdata-sections -Wall -fstack-usage -fcyclomatic-complexity -MMD -MP -MF"Core/Src/LCD_I2C.d" -MT"Core/Src/LCD_I2C.o" --specs=nano.specs -mfpu=fpv4-sp-d16 -mfloat-abi=hard -mthumb -o "Core/Src/LCD_I2C.o"
arm-none-eabi-gcc "../Core/Src/main.c" -mcpu=cortex-m4 -std=gnu11 -g3 -DDEBUG -DUSE_HAL_DRIVER -DSTM32F411xE -c -I../Core/Inc -I../Drivers/STM32F4xx_HAL_Driver/Inc -I../Drivers/STM32F4xx_HAL_Driver/Inc/Legacy -I../Drivers/CMSIS/Device/ST/STM32F4xx/Include -I../Drivers/CMSIS/Include -O0 -ffunction-sections -fdata-sections -Wall -fstack-usage -fcyclomatic-complexity -MMD -MP -MF"Core/Src/main.d" -MT"Core/Src/main.o" --specs=nano.specs -mfpu=fpv4-sp-d16 -mfloat-abi=hard -mthumb -o "Core/Src/main.o"
arm-none-eabi-gcc -o "LCD_I2C.elf" @"objects.list"   -mcpu=cortex-m4 -T"C:\Users\57310\STMCubeIDE_1.13.2\Curso_2023_2\LCD\LCD_I2C\STM32F411RETX_FLASH.ld" --specs=nosys.specs -Wl,-Map="LCD_I2C.map" -Wl,--gc-sections -static --specs=nano.specs -mfpu=fpv4-sp-d16 -mfloat-abi=hard -mthumb -Wl,--start-group -lc -lm -Wl,--end-group
Finished building target: LCD_I2C.elf
 
arm-none-eabi-size   LCD_I2C.elf 
arm-none-eabi-objdump -h -S  LCD_I2C.elf  > "LCD_I2C.list"
   text	   data	    bss	    dec	    hex	filename
   9448	     20	   1652	  11120	   2b70	LCD_I2C.elf
Finished building: default.size.stdout
 
Finished building: LCD_I2C.list
 
00:58:49 **** Incremental Build of configuration Debug for project LCD_I2C ****
make -j8 all 
arm-none-eabi-size   LCD_I2C.elf 
   text	   data	    bss	    dec	    hex	filename
   9448	     20	   1652	  11120	   2b70	LCD_I2C.elf
Finished building: default.size.stdout
 
