../Core/Src/main.c:74:5:main	8	static
../Core/Src/main.c:125:6:SystemClock_Config	88	static
../Core/Src/main.c:172:13:MX_ADC1_Init	24	static
../Core/Src/main.c:224:13:MX_TIM2_Init	32	static
../Core/Src/main.c:267:13:MX_DMA_Init	16	static
../Core/Src/main.c:285:13:MX_GPIO_Init	40	static
../Core/Src/main.c:328:6:HAL_ADC_ConvCpltCallback	16	static
../Core/Src/main.c:331:6:HAL_GPIO_EXTI_Callback	16	static
../Core/Src/main.c:334:6:HAL_TIM_PeriodElapsedCallback	24	static,ignoring_inline_asm
../Core/Src/main.c:353:6:Error_Handler	4	static,ignoring_inline_asm
